--
-- ARRAY_MULTIDIM
-- Multi-dimensional arrays: nested-brace literals and their output, the
-- `[lower:upper]=` bound prefix, the `ARRAY[[...]]` constructor, subscript
-- chains, the shape-reporting functions, durable storage, and how the array
-- operators behave once a value has more than one dimension.
--
-- An array's dimensionality belongs to the *value*, so `int[]` and `int[][]`
-- name the same type and the same column accepts either shape.
--
-- nested-brace literal, and the constructor spellings that build the same value
SELECT '{{1,2,3},{4,5,6}}'::int[];
       int4        
-------------------
 {{1,2,3},{4,5,6}}
(1 row)

SELECT ARRAY[[1, 2, 3], [4, 5, 6]];
       array       
-------------------
 {{1,2,3},{4,5,6}}
(1 row)

SELECT ARRAY[ARRAY[1, 2, 3], ARRAY[4, 5, 6]];
       array       
-------------------
 {{1,2,3},{4,5,6}}
(1 row)

SELECT pg_typeof(ARRAY[[1, 2]]);
 pg_typeof 
-----------
 integer[]
(1 row)

-- whitespace between the braces is insignificant
SELECT ' { {1,2} , {3,4} } '::int[];
     int4      
---------------
 {{1,2},{3,4}}
(1 row)

-- three dimensions, and text elements that need quoting
SELECT ARRAY[[[1, 2]], [[3, 4]]];
       array       
-------------------
 {{{1,2}},{{3,4}}}
(1 row)

SELECT '{{a,"b,c"},{NULL,""}}'::text[];
         text          
-----------------------
 {{a,"b,c"},{NULL,""}}
(1 row)

-- the shape-reporting functions
SELECT array_ndims(ARRAY[[1, 2], [3, 4]]) AS ndims,
       array_dims(ARRAY[[1, 2], [3, 4]]) AS dims,
       array_length(ARRAY[[1, 2], [3, 4]], 1) AS len1,
       array_length(ARRAY[[1, 2], [3, 4]], 2) AS len2,
       array_length(ARRAY[[1, 2], [3, 4]], 3) AS len3,
       array_lower(ARRAY[[1, 2], [3, 4]], 2) AS lower2,
       array_upper(ARRAY[[1, 2], [3, 4]], 2) AS upper2,
       cardinality(ARRAY[[1, 2], [3, 4]]) AS card;
 ndims |    dims    | len1 | len2 | len3 | lower2 | upper2 | card 
-------+------------+------+------+------+--------+--------+------
     2 | [1:2][1:2] |    2 |    2 |      |      1 |      2 |    4
(1 row)

-- an empty array has no dimensions at all, so every one of them is NULL
SELECT array_ndims('{}'::int[]) AS ndims,
       array_dims('{}'::int[]) AS dims,
       array_length('{}'::int[], 1) AS len,
       array_lower('{}'::int[], 1) AS lower,
       cardinality('{}'::int[]) AS card;
 ndims | dims | len | lower | card 
-------+------+-----+-------+------
       |      |     |       |    0
(1 row)

-- however many brace levels the literal spells it with
SELECT '{{}}'::int[], array_dims('{{},{}}'::int[]);
 int4 | array_dims 
------+------------
 {}   | 
(1 row)

-- the vectors keep their own conventions: one dimension, lower bound 0
SELECT array_ndims('11 22'::oidvector) AS ndims,
       array_dims('11 22'::oidvector) AS dims,
       array_dims(''::oidvector) AS empty_dims,
       array_lower('11 22'::oidvector, 1) AS lower;
 ndims | dims  | empty_dims | lower 
-------+-------+------------+-------
     1 | [0:1] | [0:-1]     |     0
(1 row)

-- subscripting: one index per dimension
SELECT (ARRAY[[1, 2], [3, 4]])[1][2] AS elem,
       (ARRAY[[1, 2], [3, 4]])[2][1] AS elem2;
 elem | elem2 
------+-------
    2 |     3
(1 row)

-- too few or too many subscripts is NULL, as is one out of range
SELECT (ARRAY[[1, 2], [3, 4]])[1] AS too_few,
       (ARRAY[[1, 2], [3, 4]])[1][2][3] AS too_many,
       (ARRAY[[1, 2], [3, 4]])[1][5] AS out_of_range,
       (ARRAY[[1, 2], [3, 4]])[NULL][1] AS null_subscript;
 too_few | too_many | out_of_range | null_subscript 
---------+----------+--------------+----------------
         |          |              |               
(1 row)

-- the `[lower:upper]=` prefix fixes the subscript bounds, and prints back out
SELECT '[2:3]={1,2}'::int[] AS shifted,
       ('[2:3]={1,2}'::int[])[2] AS at_lower,
       ('[2:3]={1,2}'::int[])[1] AS below_lower;
   shifted   | at_lower | below_lower 
-------------+----------+-------------
 [2:3]={1,2} |        1 |            
(1 row)

SELECT '[2:3][0:1]={{1,2},{3,4}}'::int[] AS shifted2,
       ('[2:3][0:1]={{1,2},{3,4}}'::int[])[3][0] AS elem;
         shifted2         | elem 
--------------------------+------
 [2:3][0:1]={{1,2},{3,4}} |    3
(1 row)

-- at the default bounds the prefix is dropped again
SELECT '[1:2]={1,2}'::int[];
 int4  
-------
 {1,2}
(1 row)

-- the bounds are part of the value: same elements, different array
SELECT '[2:3]={1,2}'::int[] = '{1,2}'::int[] AS eq,
       '[2:3]={1,2}'::int[] > '{1,2}'::int[] AS gt,
       ARRAY[[1, 2]] = ARRAY[1, 2] AS eq_ndims,
       ARRAY[[1, 2]] > ARRAY[1, 2] AS gt_ndims,
       ARRAY[[1, 2]] > ARRAY[1, 2, 3] AS elements_first;
 eq | gt | eq_ndims | gt_ndims | elements_first 
----+----+----------+----------+----------------
 f  | t  | f        | t        | f
(1 row)

-- unnest and generate_subscripts read the value row-major, dimension by dimension
SELECT unnest(ARRAY[[1, 2], [3, 4]]);
 unnest 
--------
      1
      2
      3
      4
(4 rows)

SELECT generate_subscripts(ARRAY[[1, 2, 3], [4, 5, 6]], 2);
 generate_subscripts 
---------------------
                   1
                   2
                   3
(3 rows)

SELECT generate_subscripts(ARRAY[[1, 2], [3, 4]], 3) AS no_such_dimension;
 no_such_dimension 
-------------------
(0 rows)

-- concatenation joins along the first dimension; a lower-dimensional operand is
-- one slice of the other, and the bounds come from the higher-dimensional side
SELECT ARRAY[[1, 2], [3, 4]] || ARRAY[[5, 6]] AS same_ndims,
       ARRAY[[1, 2]] || ARRAY[3, 4] AS slice_appended,
       ARRAY[1, 2] || ARRAY[[3, 4]] AS slice_prepended,
       array_dims('[2:3][1:2]={{1,2},{3,4}}'::int[] || ARRAY[5, 6]) AS bounds_kept;
     same_ndims      | slice_appended | slice_prepended | bounds_kept 
---------------------+----------------+-----------------+-------------
 {{1,2},{3,4},{5,6}} | {{1,2},{3,4}}  | {{1,2},{3,4}}   | [2:4][1:2]
(1 row)

-- an empty or NULL operand contributes nothing, not even a shape
SELECT array_cat('{}'::int[], ARRAY[[1, 2]]) AS empty_left,
       array_cat(NULL::int[], ARRAY[[1, 2]]) AS null_left;
 empty_left | null_left 
------------+-----------
 {{1,2}}    | {{1,2}}
(1 row)

-- mismatched shapes are rejected
SELECT array_cat(ARRAY[[1, 2]], ARRAY[[3, 4, 5]]);
ERROR:  cannot concatenate incompatible arrays
DETAIL:  Arrays with differing element dimensions are not compatible for concatenation.
SELECT array_cat(ARRAY[[1, 2]], ARRAY[3, 4, 5]);
ERROR:  cannot concatenate incompatible arrays
DETAIL:  Arrays with differing dimensions are not compatible for concatenation.
SELECT array_cat(ARRAY[[[1]]], ARRAY[1]);
ERROR:  cannot concatenate incompatible arrays
DETAIL:  Arrays of 3 and 1 dimensions are not compatible for concatenation.
-- appending a single element only makes sense along one dimension
SELECT array_append(ARRAY[[1, 2], [3, 4]], 5);
ERROR:  argument must be empty or one-dimensional array
SELECT ARRAY[[1, 2]] || 5;
ERROR:  argument must be empty or one-dimensional array
SELECT array_prepend(5, ARRAY[[1, 2]]);
ERROR:  argument must be empty or one-dimensional array
-- but the bounds of a one-dimensional array do survive it
SELECT array_append('[4:5]={1,2}'::int[], 9) AS appended,
       array_prepend(9, '[4:5]={1,2}'::int[]) AS prepended;
   appended    |   prepended   
---------------+---------------
 [4:6]={1,2,9} | [4:6]={9,1,2}
(1 row)

-- containment and the quantified comparisons look at every element, whatever
-- the shape; array_to_string renders them row-major
SELECT ARRAY[[1, 2], [3, 4]] @> ARRAY[3] AS contains,
       3 = ANY (ARRAY[[1, 2], [3, 4]]) AS any_match,
       array_to_string(ARRAY[[1, 2], [3, 4]], '-') AS joined;
 contains | any_match | joined  
----------+-----------+---------
 t        | t         | 1-2-3-4
(1 row)

-- malformed literals
SELECT '{{1,2},{3}}'::int[];
ERROR:  malformed array literal: "{{1,2},{3}}"
LINE 1: SELECT '{{1,2},{3}}'::int[];
               ^
DETAIL:  Multidimensional arrays must have sub-arrays with matching dimensions.
SELECT '{{1,2},3}'::int[];
ERROR:  malformed array literal: "{{1,2},3}"
LINE 1: SELECT '{{1,2},3}'::int[];
               ^
DETAIL:  Multidimensional arrays must have sub-arrays with matching dimensions.
SELECT '{1,{2}}'::int[];
ERROR:  malformed array literal: "{1,{2}}"
LINE 1: SELECT '{1,{2}}'::int[];
               ^
DETAIL:  Multidimensional arrays must have sub-arrays with matching dimensions.
SELECT '{{{{{{{1}}}}}}}'::int[];
ERROR:  number of array dimensions exceeds the maximum allowed (6)
LINE 1: SELECT '{{{{{{{1}}}}}}}'::int[];
               ^
SELECT '[1:3]={1,2}'::int[];
ERROR:  malformed array literal: "[1:3]={1,2}"
LINE 1: SELECT '[1:3]={1,2}'::int[];
               ^
DETAIL:  Specified array dimensions do not match array contents.
SELECT '[1:2]{1,2}'::int[];
ERROR:  malformed array literal: "[1:2]{1,2}"
LINE 1: SELECT '[1:2]{1,2}'::int[];
               ^
DETAIL:  Missing "=" after array dimensions.
SELECT '[2:1]={}'::int[];
ERROR:  upper bound cannot be less than lower bound
LINE 1: SELECT '[2:1]={}'::int[];
               ^
-- a constructor whose operands disagree fails at run time, not at parse time
SELECT ARRAY[ARRAY[1, 2], ARRAY[3]];
ERROR:  multidimensional arrays must have array expressions with matching dimensions
-- a column declared `int[][]` is the same type as `int[]` and stores either
CREATE TABLE md (id int, a int[][]);
INSERT INTO md VALUES (1, '{{1,2},{3,4}}');
INSERT INTO md VALUES (2, ARRAY[[5, 6, 7], [8, 9, 10]]);
INSERT INTO md VALUES (3, ARRAY[11, 12]);
INSERT INTO md VALUES (4, '[0:1][2:3]={{1,2},{3,4}}');
SELECT id, a, array_dims(a), a[1][2] FROM md ORDER BY id;
 id |            a             | array_dims | a 
----+--------------------------+------------+---
  1 | {{1,2},{3,4}}            | [1:2][1:2] | 2
  2 | {{5,6,7},{8,9,10}}       | [1:2][1:3] | 6
  3 | {11,12}                  | [1:2]      |  
  4 | [0:1][2:3]={{1,2},{3,4}} | [0:1][2:3] | 3
(4 rows)

SELECT id FROM md WHERE a[2][1] = 3;
 id 
----
  1
(1 row)

SELECT a FROM md ORDER BY a;
            a             
--------------------------
 [0:1][2:3]={{1,2},{3,4}}
 {{1,2},{3,4}}
 {{5,6,7},{8,9,10}}
 {11,12}
(4 rows)

DROP TABLE md;
