--
-- ARRAY_AGG
-- The one aggregate that does not skip a NULL input: a NULL row becomes a NULL
-- element, while a group with no rows at all is still NULL rather than the empty
-- array. Covers the element types, GROUP BY / HAVING / ORDER BY, the DISTINCT
-- form (which PostgreSQL sorts, NULLs last), the window form, the calls that are
-- errors in PostgreSQL too, and the shapes only this build refuses — each of
-- those noted with the answer PostgreSQL gives.
-- Generated with psql -q -a against PostgreSQL 18.4.
--
CREATE TABLE aa (id integer, grp integer, val integer, txt text);
INSERT INTO aa VALUES
  (1, 1, 10, 'apple'),
  (2, 1, NULL, 'banana'),
  (3, 2, 5, NULL),
  (4, 2, 5, 'cherry'),
  (5, 3, 7, 'date');
-- NULL inputs are kept, and the elements follow the scan order
SELECT array_agg(val) FROM aa;
    array_agg    
-----------------
 {10,NULL,5,5,7}
(1 row)

SELECT array_agg(txt) FROM aa;
            array_agg            
---------------------------------
 {apple,banana,NULL,cherry,date}
(1 row)

-- an empty group is NULL, not {}
SELECT array_agg(val) FROM aa WHERE false;
 array_agg 
-----------
 
(1 row)

-- a group of one NULL row is {NULL}, which is what the empty group differs from
SELECT array_agg(val) FROM aa WHERE id = 2;
 array_agg 
-----------
 {NULL}
(1 row)

-- the result type is the array over the argument type
SELECT pg_typeof(array_agg(val)), pg_typeof(array_agg(txt)) FROM aa;
 pg_typeof | pg_typeof 
-----------+-----------
 integer[] | text[]
(1 row)

SELECT pg_typeof(array_agg(val::smallint)), pg_typeof(array_agg(val::bigint)) FROM aa;
 pg_typeof  | pg_typeof 
------------+-----------
 smallint[] | bigint[]
(1 row)

-- element types across the board; numeric keeps its display scale
SELECT array_agg(v) FROM (VALUES (1::numeric), (2.50), (NULL)) t(v);
   array_agg   
---------------
 {1,2.50,NULL}
(1 row)

SELECT array_agg(v) FROM (VALUES (1.5::float8), ('NaN'::float8)) t(v);
 array_agg 
-----------
 {1.5,NaN}
(1 row)

SELECT array_agg(v) FROM (VALUES (true), (false), (NULL)) t(v);
 array_agg  
------------
 {t,f,NULL}
(1 row)

SELECT array_agg(v) FROM (VALUES ('2001-02-03'::date), (NULL)) t(v);
     array_agg     
-------------------
 {2001-02-03,NULL}
(1 row)

SELECT array_agg(v) FROM (VALUES ('2001-02-03 04:05:06'::timestamp)) t(v);
        array_agg        
-------------------------
 {"2001-02-03 04:05:06"}
(1 row)

-- array_out quoting: a comma, an empty string and the literal word NULL are quoted
SELECT array_agg(v) FROM (VALUES ('a'), ('b, c'), (''), ('NULL'), (NULL)) t(v);
         array_agg         
---------------------------
 {a,"b, c","","NULL",NULL}
(1 row)

-- an expression argument, not just a column
SELECT array_agg(val * 2) FROM aa;
     array_agg      
--------------------
 {20,NULL,10,10,14}
(1 row)

-- GROUP BY, one array per group
SELECT grp, array_agg(val) FROM aa GROUP BY grp ORDER BY grp;
 grp | array_agg 
-----+-----------
   1 | {10,NULL}
   2 | {5,5}
   3 | {7}
(3 rows)

SELECT grp, array_agg(txt) FROM aa GROUP BY grp ORDER BY grp;
 grp |   array_agg    
-----+----------------
   1 | {apple,banana}
   2 | {NULL,cherry}
   3 | {date}
(3 rows)

-- HAVING over the aggregate's own argument
SELECT grp, array_agg(val) FROM aa GROUP BY grp HAVING count(val) > 1 ORDER BY grp;
 grp | array_agg 
-----+-----------
   2 | {5,5}
(1 row)

-- ORDER BY the aggregate: arrays compare element-wise, shorter is less on a tie
SELECT grp, array_agg(val) FROM aa GROUP BY grp ORDER BY 2;
 grp | array_agg 
-----+-----------
   2 | {5,5}
   3 | {7}
   1 | {10,NULL}
(3 rows)

-- the aggregate's own ORDER BY decides the element order, NULLs placed by the key
SELECT array_agg(val ORDER BY val) FROM aa;
    array_agg    
-----------------
 {5,5,7,10,NULL}
(1 row)

SELECT array_agg(val ORDER BY val DESC) FROM aa;
    array_agg    
-----------------
 {NULL,10,7,5,5}
(1 row)

SELECT array_agg(val ORDER BY val NULLS FIRST) FROM aa;
    array_agg    
-----------------
 {NULL,5,5,7,10}
(1 row)

-- ordered by a column the result never shows, and by more than one key
SELECT array_agg(txt ORDER BY val, id DESC) FROM aa;
            array_agg            
---------------------------------
 {cherry,NULL,date,apple,banana}
(1 row)

-- per group, and next to another aggregate over the same group
SELECT grp, array_agg(val ORDER BY val DESC) FROM aa GROUP BY grp ORDER BY grp;
 grp | array_agg 
-----+-----------
   1 | {NULL,10}
   2 | {5,5}
   3 | {7}
(3 rows)

SELECT count(val), sum(val), array_agg(val ORDER BY val) FROM aa;
 count | sum |    array_agg    
-------+-----+-----------------
     4 |  27 | {5,5,7,10,NULL}
(1 row)

-- DISTINCT with an ORDER BY over the argument: PostgreSQL sorts by the key
SELECT array_agg(DISTINCT val ORDER BY val DESC) FROM aa;
   array_agg   
---------------
 {NULL,10,7,5}
(1 row)

-- ... but the expressions must be the arguments, since the dedup *is* that sort
SELECT array_agg(DISTINCT val ORDER BY id) FROM aa;
ERROR:  in an aggregate with DISTINCT, ORDER BY expressions must appear in argument list
-- DISTINCT: PostgreSQL sorts the result and puts NULLs last
SELECT array_agg(DISTINCT val) FROM aa;
   array_agg   
---------------
 {5,7,10,NULL}
(1 row)

SELECT array_agg(DISTINCT txt) FROM aa;
            array_agg            
---------------------------------
 {apple,banana,cherry,date,NULL}
(1 row)

SELECT grp, array_agg(DISTINCT val) FROM aa GROUP BY grp ORDER BY grp;
 grp | array_agg 
-----+-----------
   1 | {10,NULL}
   2 | {5}
   3 | {7}
(3 rows)

-- alongside the other aggregates over the same group
SELECT grp, count(*), sum(val), array_agg(val) FROM aa GROUP BY grp ORDER BY grp;
 grp | count | sum | array_agg 
-----+-------+-----+-----------
   1 |     2 |  10 | {10,NULL}
   2 |     2 |  10 | {5,5}
   3 |     1 |   7 | {7}
(3 rows)

-- the window form: the default frame makes it a running array
SELECT id, array_agg(val) OVER (ORDER BY id) FROM aa ORDER BY id;
 id |    array_agg    
----+-----------------
  1 | {10}
  2 | {10,NULL}
  3 | {10,NULL,5}
  4 | {10,NULL,5,5}
  5 | {10,NULL,5,5,7}
(5 rows)

SELECT id, array_agg(txt) OVER (PARTITION BY grp ORDER BY id) FROM aa ORDER BY id;
 id |   array_agg    
----+----------------
  1 | {apple}
  2 | {apple,banana}
  3 | {NULL}
  4 | {NULL,cherry}
  5 | {date}
(5 rows)

-- errors: an unknown argument cannot resolve. PostgreSQL declares array_agg over
-- both anyarray and anynonarray, so an untyped literal fits neither better
SELECT array_agg(NULL);
ERROR:  function array_agg(unknown) is not unique
HINT:  Could not choose a best candidate function. You might need to add explicit type casts.
SELECT array_agg('x');
ERROR:  function array_agg(unknown) is not unique
HINT:  Could not choose a best candidate function. You might need to add explicit type casts.
-- errors: DISTINCT sorts its input, so the type needs an ordering and not just
-- an equality. xid is the one type with a hash opclass and no btree one; this is
-- not array_agg's rule, as the count() line below shows
SELECT array_agg(DISTINCT x) FROM (VALUES ('1'::xid)) t(x);
ERROR:  could not identify an ordering operator for type xid
DETAIL:  Aggregates with DISTINCT must be able to sort their inputs.
SELECT count(DISTINCT x) FROM (VALUES ('1'::xid)) t(x);
ERROR:  could not identify an ordering operator for type xid
DETAIL:  Aggregates with DISTINCT must be able to sort their inputs.
-- ... while a type with neither operator is refused on the equality first
SELECT array_agg(DISTINCT x) FROM (VALUES ('1'::json)) t(x);
ERROR:  could not identify an equality operator for type json
-- an enum has no array type in this build, so array_agg over one is refused
-- (PostgreSQL answers {ok,sad} here.)
CREATE TYPE mood AS ENUM ('sad', 'ok');
SELECT array_agg(x) FROM (VALUES ('ok'::mood), ('sad'::mood)) t(x);
ERROR:  could not find array type for data type mood
-- the ARRAY[] constructor refuses it the same way, and names the type
-- (PostgreSQL answers {ok} here.)
SELECT ARRAY['ok'::mood];
ERROR:  could not find array type for data type mood
-- an array argument would need a two-dimensional result, which this build has no
-- representation for
-- (PostgreSQL answers {{10},{NULL},{5},{5},{7}} here.)
SELECT array_agg(ARRAY[val]) FROM aa;
ERROR:  could not find array type for data type integer[]
-- End array_agg tests.
