--
-- ARRAY
-- One-dimensional arrays: the `{...}` text format, `ARRAY[...]` and `'{...}'`
-- literals, element subscripting, durable storage round-trip, element-wise
-- ordering, and the common array operators/functions. Output hand-checked
-- against PostgreSQL's aligned format.
--
-- ARRAY[...] constructor; the default column name of a constructor is "array"
SELECT ARRAY[1, 2, 3];
  array  
---------
 {1,2,3}
(1 row)

-- text elements; delimiters/empty/NULL-lookalikes are quoted on output
SELECT ARRAY['a', 'b,c', 'NULL', ''];
        array        
---------------------
 {a,"b,c","NULL",""}
(1 row)

-- '{...}' literal cast to an element type
SELECT '{1,2,3}'::int[];
  int4   
---------
 {1,2,3}
(1 row)

SELECT '{a,b,c}'::text[];
  text   
---------
 {a,b,c}
(1 row)

-- an empty array and a NULL element
SELECT ARRAY[]::int[] AS empty, ARRAY[1, NULL, 3] AS with_null;
 empty | with_null  
-------+------------
 {}    | {1,NULL,3}
(1 row)

-- element subscripting is 1-based; out-of-range and NULL subscripts are NULL
SELECT (ARRAY[10, 20, 30])[1] AS first,
       (ARRAY[10, 20, 30])[3] AS last,
       (ARRAY[10, 20, 30])[0] AS below,
       (ARRAY[10, 20, 30])[9] AS above;
 first | last | below | above 
-------+------+-------+-------
    10 |   30 |       |      
(1 row)

-- storage round-trip through an array column, plus subscript in the target list
CREATE TABLE arr (id int, a int[], t text[]);
INSERT INTO arr VALUES (1, ARRAY[1, 2, 3], ARRAY['x', 'y']);
INSERT INTO arr VALUES (2, '{4,5}', '{z}');
INSERT INTO arr VALUES (3, ARRAY[1, NULL, 3], NULL);
SELECT id, a, t, a[1] AS a1 FROM arr ORDER BY id;
 id |     a      |   t   | a1 
----+------------+-------+----
  1 | {1,2,3}    | {x,y} |  1
  2 | {4,5}      | {z}   |  4
  3 | {1,NULL,3} |       |  1
(3 rows)

-- element-wise ordering (shorter array is less on a common prefix)
SELECT a FROM (VALUES
    (ARRAY[1, 2, 3]),
    (ARRAY[1, 2]),
    (ARRAY[1, 3]),
    (ARRAY[1, 2, 0])
) AS v(a) ORDER BY a;
    a    
---------
 {1,2}
 {1,2,0}
 {1,2,3}
 {1,3}
(4 rows)

-- equality and comparison
SELECT ARRAY[1, 2] = ARRAY[1, 2] AS eq,
       ARRAY[1, 2] = ARRAY[1, 3] AS ne,
       ARRAY[1, 2] < ARRAY[1, 3] AS lt;
 eq | ne | lt 
----+----+----
 t  | f  | t
(1 row)

-- concatenation: array || array, array || element, element || array
SELECT ARRAY[1, 2] || ARRAY[3, 4] AS arrs,
       ARRAY[1, 2] || 3 AS append,
       0 || ARRAY[1, 2] AS prepend;
   arrs    | append  | prepend 
-----------+---------+---------
 {1,2,3,4} | {1,2,3} | {0,1,2}
(1 row)

-- containment and overlap
SELECT ARRAY[1, 2, 3] @> ARRAY[2, 3] AS contains,
       ARRAY[2, 3] <@ ARRAY[1, 2, 3] AS contained,
       ARRAY[1, 2] && ARRAY[2, 3] AS overlap,
       ARRAY[1, 2] && ARRAY[3, 4] AS no_overlap;
 contains | contained | overlap | no_overlap 
----------+-----------+---------+------------
 t        | t         | t       | f
(1 row)

-- array_length / cardinality (empty array length on dim 1 is NULL)
SELECT array_length(ARRAY[1, 2, 3], 1) AS len,
       array_length(ARRAY[]::int[], 1) AS empty_len,
       cardinality(ARRAY[1, 2, 3]) AS card;
 len | empty_len | card 
-----+-----------+------
   3 |           |    3
(1 row)

-- array_append / array_prepend / array_cat (append of NULL keeps the NULL)
SELECT array_append(ARRAY[1, 2], 3) AS appended,
       array_prepend(0, ARRAY[1, 2]) AS prepended,
       array_cat(ARRAY[1, 2], ARRAY[3, 4]) AS catted,
       array_append(ARRAY[1, 2], NULL) AS append_null;
 appended | prepended |  catted   | append_null 
----------+-----------+-----------+-------------
 {1,2,3}  | {0,1,2}   | {1,2,3,4} | {1,2,NULL}
(1 row)

-- unnest expands an array to a set of rows
SELECT unnest(ARRAY[10, 20, 30]);
 unnest 
--------
     10
     20
     30
(3 rows)

SELECT unnest(ARRAY['a', 'b']) AS u;
 u 
---
 a
 b
(2 rows)

DROP TABLE arr;
