--
-- bytea_output: which of byteaout's two renderings a bytea takes on the way
-- out. Output only — byteain reads both forms whatever the setting is, which
-- is what lets an escape-rendered value be pasted back into a hex session.
--
SHOW bytea_output;
 bytea_output 
--------------
 hex
(1 row)

-- the boundaries of the printable range: 0x7e is the last byte that prints
-- verbatim and 0x7f the first that does not, and a backslash doubles
SELECT decode('0001027f807e5c2027225a', 'hex') AS hex_form;
         hex_form         
--------------------------
 \x0001027f807e5c2027225a
(1 row)

SET bytea_output TO escape;
SELECT decode('0001027f807e5c2027225a', 'hex') AS escape_form;
         escape_form         
-----------------------------
 \000\001\002\177\200~\\ '"Z
(1 row)

-- the cast to text is the same output function
SELECT decode('00615c', 'hex')::text AS as_text;
 as_text 
---------
 \000a\\
(1 row)

-- ...and so is array element rendering, which quotes and doubles on top of it
SELECT array[decode('0061', 'hex'), decode('5c', 'hex')] AS as_array;
     as_array      
-------------------
 {"\\000a","\\\\"}
(1 row)

-- concat() reaches the output function too
SELECT concat('<', decode('0061', 'hex'), '>') AS concatenated;
 concatenated 
--------------
 <\000a>
(1 row)

-- the setting does not touch input: both spellings still read as the same bytes
SELECT '\x00615c'::bytea = decode('00615c', 'hex') AS hex_literal_reads,
       '\000a\\'::bytea = decode('00615c', 'hex') AS escape_literal_reads;
 hex_literal_reads | escape_literal_reads 
-------------------+----------------------
 t                 | t
(1 row)

-- encode()/decode() name their own format and ignore the GUC
SELECT encode(decode('00615c', 'hex'), 'hex') AS encoded_hex;
 encoded_hex 
-------------
 00615c
(1 row)

-- the empty string is empty in escape form and a bare \x in hex form
SELECT decode('', 'hex') AS empty_escape;
 empty_escape 
--------------
 
(1 row)

RESET bytea_output;
SELECT decode('', 'hex') AS empty_hex;
 empty_hex 
-----------
 \x
(1 row)

-- the name and the value are both matched case-insensitively
SET BYTEA_OUTPUT TO 'ESCAPE';
SHOW bytea_output;
 bytea_output 
--------------
 escape
(1 row)

RESET bytea_output;
-- ...and nothing more: padding is part of the value
SET bytea_output TO ' hex ';
ERROR:  invalid value for parameter "bytea_output": " hex "
HINT:  Available values: escape, hex.
SET bytea_output TO bogus;
ERROR:  invalid value for parameter "bytea_output": "bogus"
HINT:  Available values: escape, hex.
-- the setting is transactional, and SET LOCAL does not outlive the block
BEGIN;
SET bytea_output TO escape;
SELECT decode('61', 'hex') AS inside;
 inside 
--------
 a
(1 row)

ROLLBACK;
SELECT decode('61', 'hex') AS after_rollback;
 after_rollback 
----------------
 \x61
(1 row)

BEGIN;
SET LOCAL bytea_output TO escape;
SELECT decode('61', 'hex') AS local_inside;
 local_inside 
--------------
 a
(1 row)

COMMIT;
SELECT decode('61', 'hex') AS after_commit;
 after_commit 
--------------
 \x61
(1 row)

-- pg_settings agrees with SHOW, and reports PostgreSQL's own metadata
SELECT name, setting, category, vartype, boot_val, enumvals, context
  FROM pg_settings WHERE name = 'bytea_output';
     name     | setting |                    category                     | vartype | boot_val |   enumvals   | context 
--------------+---------+-------------------------------------------------+---------+----------+--------------+---------
 bytea_output | hex     | Client Connection Defaults / Statement Behavior | enum    | hex      | {escape,hex} | user
(1 row)

SET bytea_output TO escape;
SELECT name, setting, source, reset_val FROM pg_settings
 WHERE name = 'bytea_output';
     name     | setting | source  | reset_val 
--------------+---------+---------+-----------
 bytea_output | escape  | session | hex
(1 row)

SELECT current_setting('bytea_output') AS via_current_setting;
 via_current_setting 
---------------------
 escape
(1 row)

RESET bytea_output;
