-- CHECK CONSTRAINTS
-- Column-level, table-level, named and generated names.
CREATE TABLE chk_names (
  x integer CHECK (x > 3),
  y integer,
  CONSTRAINT chk_named CHECK (x + y < 100),
  CHECK (y <> 0)
);
-- Two column checks on one column dedupe with a numeric suffix.
CREATE TABLE chk_dedup (c integer CHECK (c > 0) CHECK (c < 10));
SELECT conname, contype, conkey, convalidated, conislocal, coninhcount, connoinherit,
       pg_get_expr(conbin, conrelid) AS conbin,
       pg_get_constraintdef(oid) AS def
  FROM pg_constraint
 WHERE conrelid IN ('chk_names'::regclass, 'chk_dedup'::regclass)
 ORDER BY conname;
      conname       | contype | conkey | convalidated | conislocal | coninhcount | connoinherit |     conbin      |           def           
--------------------+---------+--------+--------------+------------+-------------+--------------+-----------------+-------------------------
 chk_dedup_c_check  | c       | {1}    | t            | t          |           0 | f            | (c > 0)         | CHECK ((c > 0))
 chk_dedup_c_check1 | c       | {1}    | t            | t          |           0 | f            | (c < 10)        | CHECK ((c < 10))
 chk_named          | c       | {1,2}  | t            | t          |           0 | f            | ((x + y) < 100) | CHECK (((x + y) < 100))
 chk_names_x_check  | c       | {1}    | t            | t          |           0 | f            | (x > 3)         | CHECK ((x > 3))
 chk_names_y_check  | c       | {2}    | t            | t          |           0 | f            | (y <> 0)        | CHECK ((y <> 0))
(5 rows)

SELECT relname, relchecks FROM pg_class
 WHERE relname IN ('chk_names', 'chk_dedup') ORDER BY relname;
  relname  | relchecks 
-----------+-----------
 chk_dedup |         2
 chk_names |         3
(2 rows)

-- An OID no constraint answers to is NULL, not an error.
SELECT pg_get_constraintdef(999999) IS NULL AS unknown_oid_is_null;
 unknown_oid_is_null 
---------------------
 t
(1 row)

-- Enforcement on INSERT: each constraint reports itself.
INSERT INTO chk_names VALUES (5, 5);
INSERT INTO chk_names VALUES (1, 5);
ERROR:  new row for relation "chk_names" violates check constraint "chk_names_x_check"
DETAIL:  Failing row contains (1, 5).
INSERT INTO chk_names VALUES (5, 0);
ERROR:  new row for relation "chk_names" violates check constraint "chk_names_y_check"
DETAIL:  Failing row contains (5, 0).
INSERT INTO chk_names VALUES (50, 60);
ERROR:  new row for relation "chk_names" violates check constraint "chk_named"
DETAIL:  Failing row contains (50, 60).
-- A predicate that evaluates to NULL PASSES: only false is a violation.
INSERT INTO chk_names VALUES (NULL, 5);
SELECT x, y FROM chk_names ORDER BY x NULLS LAST;
 x | y 
---+---
 5 | 5
   | 5
(2 rows)

-- UPDATE re-checks every constraint against the new row.
UPDATE chk_names SET x = 1 WHERE x = 5;
ERROR:  new row for relation "chk_names" violates check constraint "chk_names_x_check"
DETAIL:  Failing row contains (1, 5).
-- Ordering: NOT NULL is reported before CHECK, CHECK before UNIQUE.
CREATE TABLE chk_order (a integer NOT NULL, b integer UNIQUE, c integer CHECK (c > 0));
INSERT INTO chk_order VALUES (1, 1, 1);
INSERT INTO chk_order VALUES (NULL, 2, -1);
ERROR:  null value in column "a" of relation "chk_order" violates not-null constraint
DETAIL:  Failing row contains (null, 2, -1).
INSERT INTO chk_order VALUES (2, 1, -1);
ERROR:  new row for relation "chk_order" violates check constraint "chk_order_c_check"
DETAIL:  Failing row contains (2, 1, -1).
-- Two violated checks resolve to the alphabetically first name.
CREATE TABLE chk_two (a integer, CONSTRAINT zzz CHECK (a > 100), CONSTRAINT aaa CHECK (a > 200));
INSERT INTO chk_two VALUES (0);
ERROR:  new row for relation "chk_two" violates check constraint "aaa"
DETAIL:  Failing row contains (0).
-- DDL errors.
CREATE TABLE chk_bad (a integer CHECK (nosuchcol > 0));
ERROR:  column "nosuchcol" does not exist
LINE 1: CREATE TABLE chk_bad (a integer CHECK (nosuchcol > 0));
                                               ^
CREATE TABLE chk_bad (a integer CHECK (1));
ERROR:  argument of CHECK must be type boolean, not type integer
LINE 1: CREATE TABLE chk_bad (a integer CHECK (1));
                                               ^
-- A subquery in a CHECK is 0A000, but it is exercised in `e2e.rs` rather than
-- here: PostgreSQL puts the caret on the subquery's opening paren, and this
-- parser's span for a parenthesised subquery starts at SELECT instead, so the
-- cursor line cannot match byte-for-byte. The SQLSTATE and message do.
CREATE TABLE chk_bad (a integer, CHECK (count(*) > 0));
ERROR:  aggregate functions are not allowed in check constraints
LINE 1: CREATE TABLE chk_bad (a integer, CHECK (count(*) > 0));
                                                ^
CREATE TABLE chk_bad (a integer, CONSTRAINT dup CHECK (a > 0), CONSTRAINT dup CHECK (a < 9));
ERROR:  check constraint "dup" already exists
-- ALTER TABLE ... ADD CONSTRAINT ... CHECK.
CREATE TABLE chk_alter (a integer);
INSERT INTO chk_alter VALUES (1), (5);
ALTER TABLE chk_alter ADD CONSTRAINT chk_alter_c CHECK (a > 3);
ERROR:  check constraint "chk_alter_c" of relation "chk_alter" is violated by some row
ALTER TABLE chk_alter ADD CONSTRAINT chk_alter_c CHECK (a > 0);
INSERT INTO chk_alter VALUES (-1);
ERROR:  new row for relation "chk_alter" violates check constraint "chk_alter_c"
DETAIL:  Failing row contains (-1).
ALTER TABLE chk_alter ADD CONSTRAINT chk_alter_c CHECK (a < 9);
ERROR:  constraint "chk_alter_c" for relation "chk_alter" already exists
ALTER TABLE chk_alter ADD CHECK (a < 1000);
SELECT conname, pg_get_constraintdef(oid) FROM pg_constraint
 WHERE conrelid = 'chk_alter'::regclass ORDER BY conname;
      conname      | pg_get_constraintdef 
-------------------+----------------------
 chk_alter_a_check | CHECK ((a < 1000))
 chk_alter_c       | CHECK ((a > 0))
(2 rows)

-- Inheritance: a parent's checks are copied into every child.
CREATE TABLE chk_parent (a integer, CONSTRAINT chk_p CHECK (a > 0));
CREATE TABLE chk_child () INHERITS (chk_parent);
SELECT conrelid::regclass::text AS rel, conname, conislocal, coninhcount
  FROM pg_constraint WHERE conname = 'chk_p' ORDER BY rel;
    rel     | conname | conislocal | coninhcount 
------------+---------+------------+-------------
 chk_child  | chk_p   | f          |           1
 chk_parent | chk_p   | t          |           0
(2 rows)

INSERT INTO chk_child VALUES (-1);
ERROR:  new row for relation "chk_child" violates check constraint "chk_p"
DETAIL:  Failing row contains (-1).
-- ADD CHECK on the parent recurses to the child.
ALTER TABLE chk_parent ADD CONSTRAINT chk_p2 CHECK (a < 100);
SELECT conrelid::regclass::text AS rel, conname, conislocal, coninhcount
  FROM pg_constraint WHERE conname = 'chk_p2' ORDER BY rel;
    rel     | conname | conislocal | coninhcount 
------------+---------+------------+-------------
 chk_child  | chk_p2  | f          |           1
 chk_parent | chk_p2  | t          |           0
(2 rows)

INSERT INTO chk_child VALUES (500);
ERROR:  new row for relation "chk_child" violates check constraint "chk_p2"
DETAIL:  Failing row contains (500).
-- A child redeclaring the same predicate merges; a different one collides.
CREATE TABLE chk_merge (CONSTRAINT chk_p CHECK (a > 0)) INHERITS (chk_parent);
NOTICE:  merging constraint "chk_p" with inherited definition
SELECT conname, conislocal, coninhcount FROM pg_constraint
 WHERE conrelid = 'chk_merge'::regclass ORDER BY conname;
 conname | conislocal | coninhcount 
---------+------------+-------------
 chk_p   | t          |           1
 chk_p2  | f          |           1
(2 rows)

CREATE TABLE chk_conflict (CONSTRAINT chk_p CHECK (a > 5)) INHERITS (chk_parent);
ERROR:  constraint "chk_p" for relation "chk_conflict" already exists
-- Two parents contributing one name with different predicates.
CREATE TABLE chk_other (a integer, CONSTRAINT chk_p CHECK (a > 9));
CREATE TABLE chk_two_parents () INHERITS (chk_parent, chk_other);
NOTICE:  merging multiple inherited definitions of column "a"
ERROR:  check constraint name "chk_p" appears multiple times but with different expressions
-- A predicate reading no column stores NULL conkey, not an empty array.
CREATE TABLE chk_nocol (a integer, CHECK (1 > 0));
SELECT conname, conkey, conkey IS NULL AS conkey_is_null FROM pg_constraint
 WHERE conrelid = 'chk_nocol'::regclass;
     conname     | conkey | conkey_is_null 
-----------------+--------+----------------
 chk_nocol_check |        | t
(1 row)

-- A table-qualified column is stored bare, so the text re-binds against a child.
CREATE TABLE chk_q (x integer, CONSTRAINT chk_q1 CHECK (chk_q.x > 0));
ALTER TABLE chk_q ADD CONSTRAINT chk_q2 CHECK (chk_q.x < 100);
CREATE TABLE chk_qc () INHERITS (chk_q);
SELECT conrelid::regclass::text AS rel, conname, pg_get_constraintdef(oid)
  FROM pg_constraint
 WHERE conrelid IN ('chk_q'::regclass, 'chk_qc'::regclass) ORDER BY rel, conname;
  rel   | conname | pg_get_constraintdef 
--------+---------+----------------------
 chk_q  | chk_q1  | CHECK ((x > 0))
 chk_q  | chk_q2  | CHECK ((x < 100))
 chk_qc | chk_q1  | CHECK ((x > 0))
 chk_qc | chk_q2  | CHECK ((x < 100))
(4 rows)

INSERT INTO chk_qc VALUES (-1);
ERROR:  new row for relation "chk_qc" violates check constraint "chk_q1"
DETAIL:  Failing row contains (-1).
-- Two namespaces. A CHECK and an index-backed constraint share the constraint
-- namespace (42710); only a *relation* name collides as 42P07, and a plain index
-- is a relation but not a constraint.
CREATE TABLE chk_ns (a integer, b integer);
ALTER TABLE chk_ns ADD CONSTRAINT chk_c1 CHECK (a > 0);
ALTER TABLE chk_ns ADD CONSTRAINT chk_c1 UNIQUE (b);
ERROR:  constraint "chk_c1" for relation "chk_ns" already exists
ALTER TABLE chk_ns ADD CONSTRAINT chk_c2 UNIQUE (b);
ALTER TABLE chk_ns ADD CONSTRAINT chk_c2 CHECK (a < 9);
ERROR:  constraint "chk_c2" for relation "chk_ns" already exists
CREATE INDEX chk_plain ON chk_ns(b);
ALTER TABLE chk_ns ADD CONSTRAINT chk_plain CHECK (a > 2);
ALTER TABLE chk_ns ADD CONSTRAINT chk_plain UNIQUE (a);
ERROR:  relation "chk_plain" already exists
-- A generated name steps around one about to be inherited.
CREATE TABLE chk_ip (x integer, CONSTRAINT chk_ic_x_check CHECK (x > 0));
CREATE TABLE chk_ic (x integer CHECK (x < 100)) INHERITS (chk_ip);
NOTICE:  merging column "x" with inherited definition
SELECT conname, pg_get_constraintdef(oid), conislocal, coninhcount FROM pg_constraint
 WHERE conrelid = 'chk_ic'::regclass ORDER BY conname;
     conname     | pg_get_constraintdef | conislocal | coninhcount 
-----------------+----------------------+------------+-------------
 chk_ic_x_check  | CHECK ((x > 0))      | f          |           1
 chk_ic_x_check1 | CHECK ((x < 100))    | t          |           0
(2 rows)

-- ONLY is refused on a table with children rather than silently over-applied.
CREATE TABLE chk_only_p (a integer);
ALTER TABLE ONLY chk_only_p ADD CONSTRAINT chk_only1 CHECK (a > 0);
CREATE TABLE chk_only_c () INHERITS (chk_only_p);
ALTER TABLE ONLY chk_only_p ADD CONSTRAINT chk_only2 CHECK (a < 9);
ERROR:  constraint must be added to child tables too
-- A diamond descendant counts both links.
CREATE TABLE chk_dp (a integer);
CREATE TABLE chk_da () INHERITS (chk_dp);
CREATE TABLE chk_db () INHERITS (chk_dp);
CREATE TABLE chk_dd () INHERITS (chk_da, chk_db);
NOTICE:  merging multiple inherited definitions of column "a"
ALTER TABLE chk_dp ADD CONSTRAINT chk_diamond CHECK (a > 0);
NOTICE:  merging constraint "chk_diamond" with inherited definition
SELECT conrelid::regclass::text AS rel, conname, conislocal, coninhcount
  FROM pg_constraint WHERE conname = 'chk_diamond' ORDER BY rel;
  rel   |   conname   | conislocal | coninhcount 
--------+-------------+------------+-------------
 chk_da | chk_diamond | f          |           1
 chk_db | chk_diamond | f          |           1
 chk_dd | chk_diamond | f          |           2
 chk_dp | chk_diamond | t          |           0
(4 rows)

INSERT INTO chk_dd VALUES (-1);
ERROR:  new row for relation "chk_dd" violates check constraint "chk_diamond"
DETAIL:  Failing row contains (-1).
-- A cast node parenthesises its operand wherever a stored expression is read
-- back without pretty-printing, so a CHECK and a DEFAULT carry the same
-- (x)::text a routine body does. A string literal is not a cast node at all --
-- it is a constant of the type it is labelled with -- so it stays bare. A
-- subscript's index is an expression like any other and is deparsed as one.
CREATE TABLE chk_cast (x int, arr int[], i int,
                       y text DEFAULT (1)::text,
                       z text DEFAULT 'x'::text,
                       CHECK (x::text > 'a'),
                       CHECK (arr[i + 1] > 0));
SELECT conname, pg_get_constraintdef(oid) FROM pg_constraint
  WHERE conrelid = 'chk_cast'::regclass AND contype = 'c' ORDER BY conname;
     conname      |      pg_get_constraintdef       
------------------+---------------------------------
 chk_cast_check   | CHECK ((arr[(i + 1)] > 0))
 chk_cast_x_check | CHECK (((x)::text > 'a'::text))
(2 rows)

SELECT attname, pg_get_expr(adbin, adrelid) FROM pg_attrdef
  JOIN pg_attribute ON attrelid = adrelid AND attnum = adnum
  WHERE adrelid = 'chk_cast'::regclass ORDER BY attname;
 attname | pg_get_expr 
---------+-------------
 y       | (1)::text
 z       | 'x'::text
(2 rows)

SELECT column_name, column_default FROM information_schema.columns
  WHERE table_name = 'chk_cast' AND column_default IS NOT NULL ORDER BY column_name;
 column_name | column_default 
-------------+----------------
 y           | (1)::text
 z           | 'x'::text
(2 rows)

DROP TABLE chk_cast;
-- The suite shares one database, and the inheritance links above are visible to
-- every later test that reads pg_inherits — so this one cleans up after itself.
DROP TABLE chk_merge;
DROP TABLE chk_child;
DROP TABLE chk_parent;
DROP TABLE chk_other;
DROP TABLE chk_qc;
DROP TABLE chk_q;
DROP TABLE chk_ic;
DROP TABLE chk_ip;
DROP TABLE chk_only_c;
DROP TABLE chk_only_p;
DROP TABLE chk_dd;
DROP TABLE chk_da;
DROP TABLE chk_db;
DROP TABLE chk_dp;
