-- CONSTRAINTS AND SEMANTIC INDEXES
CREATE TABLE constraint_demo (
  id integer PRIMARY KEY,
  code integer UNIQUE,
  required text NOT NULL,
  amount integer DEFAULT (1 + 2)
);
INSERT INTO constraint_demo (id, required) VALUES (1, 'one');
INSERT INTO constraint_demo VALUES (2, NULL, 'two', DEFAULT);
UPDATE constraint_demo SET amount = DEFAULT WHERE id = 2;
SELECT id, code, required, amount FROM constraint_demo ORDER BY id;
 id | code | required | amount 
----+------+----------+--------
  1 |      | one      |      3
  2 |      | two      |      3
(2 rows)

CREATE INDEX constraint_demo_required_idx ON constraint_demo(required);
SELECT column_name, column_default, is_nullable
  FROM information_schema.columns
 WHERE table_name = 'constraint_demo'
 ORDER BY ordinal_position;
 column_name | column_default | is_nullable 
-------------+----------------+-------------
 id          |                | NO
 code        |                | YES
 required    |                | NO
 amount      | (1 + 2)        | YES
(4 rows)

INSERT INTO constraint_demo (id, required) VALUES (1, 'duplicate');
ERROR:  duplicate key value violates unique constraint "constraint_demo_pkey"
DETAIL:  Key (id)=(1) already exists.
INSERT INTO constraint_demo (id, required) VALUES (3, NULL);
ERROR:  null value in column "required" of relation "constraint_demo" violates not-null constraint
DETAIL:  Failing row contains (3, null, null, 3).
