--
-- COPY ... FROM STDIN
-- Smoke test for the text and CSV copy-in sub-protocol: tab-delimited and CSV
-- rows, the \N NULL marker and backslash escapes, an omitted column taking its
-- default, and char(n) blank-padding on load.
--
CREATE TABLE cp (a integer, b text, c integer DEFAULT 7);
-- Basic text format: TAB-delimited, one row per line.
COPY cp FROM stdin;
SELECT * FROM cp ORDER BY a;
 a |  b  | c  
---+-----+----
 1 | one | 10
 2 | two | 20
(2 rows)

-- Column list: the unlisted column (c) takes its default; \N is a SQL NULL.
COPY cp (a, b) FROM stdin;
SELECT * FROM cp ORDER BY a;
 a |   b   | c  
---+-------+----
 1 | one   | 10
 2 | two   | 20
 3 | three |  7
 4 |       |  7
(4 rows)

-- Backslash escapes: \\ is a literal backslash and \061 is octal for '1'.
CREATE TABLE esc (v text);
COPY esc FROM stdin;
SELECT v, octet_length(v) FROM esc ORDER BY v;
  v  | octet_length 
-----+--------------
 c\d |            3
 x1y |            3
(2 rows)

-- A \t escape decodes to a single tab byte (octet_length 3, not 4 literal chars).
CREATE TABLE esctab (v text);
COPY esctab FROM stdin;
SELECT octet_length(v) AS n FROM esctab;
 n 
---
 3
(1 row)

-- CSV with a header line and quoted fields ("" is one literal quote).
CREATE TABLE cs (a integer, b text);
COPY cs FROM stdin WITH (FORMAT csv, HEADER);
SELECT * FROM cs ORDER BY a;
 a |     b      
---+------------
 1 | a,b
 2 | she "said"
(2 rows)

-- CSV honoring a custom delimiter and NULL string.
CREATE TABLE cd (a integer, b text);
COPY cd FROM stdin WITH (FORMAT csv, DELIMITER '|', NULL 'NULL');
SELECT a, b FROM cd ORDER BY a;
 a |   b   
---+-------
 1 | hello
 2 | 
(2 rows)

-- char(n) blank-pads on load; octet_length counts the padding.
CREATE TABLE ch (a char(5));
COPY ch FROM stdin;
SELECT octet_length(a) AS len FROM ch;
 len 
-----
   5
(1 row)

-- HEADER match: the first line is a header AND its names are checked against
-- the columns the statement names, in that order.
CREATE TABLE hm (a integer, b text);
COPY hm FROM stdin WITH (FORMAT csv, HEADER match);
SELECT a, b FROM hm ORDER BY a;
 a |  b  
---+-----
 1 | one
(1 row)

COPY hm FROM stdin WITH (FORMAT csv, HEADER match);
ERROR:  column name mismatch in header line field 1: got "b", expected "a"
COPY hm (b, a) FROM stdin WITH (FORMAT csv, HEADER match);
SELECT a, b FROM hm ORDER BY a;
 a |  b  
---+-----
 1 | one
 2 | two
(2 rows)

COPY hm FROM stdin WITH (FORMAT csv, HEADER match);
ERROR:  wrong number of fields in header line: got 1, expected 2
-- COPY ... FREEZE. The rows are stamped visible-to-everyone, which is only safe
-- where a rollback discards the storage — so the table must have been truncated
-- in this same transaction. Outside a block it never has been.
CREATE TABLE vistest (a text);
COPY vistest FROM stdin CSV FREEZE;
ERROR:  cannot perform COPY FREEZE because the table was not created or truncated in the current subtransaction
BEGIN;
TRUNCATE vistest;
COPY vistest FROM stdin CSV FREEZE;
SELECT * FROM vistest ORDER BY a;
 a  
----
 a2
 b
(2 rows)

COMMIT;
SELECT * FROM vistest ORDER BY a;
 a  
----
 a2
 b
(2 rows)

-- A rollback still loses the frozen rows: the truncated file goes with it.
BEGIN;
TRUNCATE vistest;
COPY vistest FROM stdin WITH (FORMAT csv, FREEZE ON);
ROLLBACK;
SELECT * FROM vistest ORDER BY a;
 a  
----
 a2
 b
(2 rows)

-- FREEZE OFF is an ordinary load and needs no truncate.
COPY vistest FROM stdin WITH (FORMAT csv, FREEZE OFF);
SELECT * FROM vistest ORDER BY a;
 a  
----
 a2
 b
 z
(3 rows)

-- A boolean option takes 1/0 and the quoted spellings too, and anything else is
-- rejected by name rather than as a bare syntax error.
COPY vistest FROM stdin WITH (FORMAT csv, FREEZE 0);
COPY vistest FROM stdin WITH (FORMAT csv, FREEZE 'off');
COPY vistest FROM stdin WITH (FORMAT csv, FREEZE "off");
COPY vistest FROM stdin WITH (FORMAT csv, FREEZE -0);
SELECT * FROM vistest ORDER BY a;
 a  
----
 a2
 b
 t
 u
 v
 w
 z
(7 rows)

-- The rejections below name a file rather than stdin only so this script stays
-- readable: the statement never gets far enough to open it, and psql would not
-- enter copy mode for a statement the server refused anyway.
COPY vistest FROM '/dev/null' WITH (FREEZE yes);
ERROR:  freeze requires a Boolean value
-- A repeated option is refused with the caret on the second occurrence.
COPY vistest FROM '/dev/null' (format csv, FORMAT CSV);
ERROR:  conflicting or redundant options
LINE 1: COPY vistest FROM '/dev/null' (format csv, FORMAT CSV);
                                                   ^
COPY vistest FROM '/dev/null' (freeze off, freeze on);
ERROR:  conflicting or redundant options
LINE 1: COPY vistest FROM '/dev/null' (freeze off, freeze on);
                                                   ^
COPY vistest FROM '/dev/null' (delimiter ',', delimiter ',');
ERROR:  conflicting or redundant options
LINE 1: COPY vistest FROM '/dev/null' (delimiter ',', delimiter ',')...
                                                      ^
-- The rule is about options, not about parentheses: it covers the pre-9.0 list
-- and the sub-options of its CSV item too.
COPY vistest FROM '/dev/null' CSV FREEZE FREEZE;
ERROR:  conflicting or redundant options
LINE 1: COPY vistest FROM '/dev/null' CSV FREEZE FREEZE;
                                                 ^
COPY vistest FROM '/dev/null' CSV HEADER HEADER;
ERROR:  conflicting or redundant options
LINE 1: COPY vistest FROM '/dev/null' CSV HEADER HEADER;
                                                 ^
COPY vistest FROM '/dev/null' DELIMITER ',' DELIMITER ',';
ERROR:  conflicting or redundant options
LINE 1: COPY vistest FROM '/dev/null' DELIMITER ',' DELIMITER ',';
                                                    ^
-- And the two spellings are alternatives, so carrying both is a syntax error
-- rather than a redundant option.
COPY vistest FROM '/dev/null' (FREEZE OFF) CSV FREEZE;
ERROR:  syntax error at or near "CSV"
LINE 1: COPY vistest FROM '/dev/null' (FREEZE OFF) CSV FREEZE;
                                                   ^
-- A field that its column's input function rejects aborts the whole load, and
-- the message is the input function's own. COPY has no statement text to point
-- at, so unlike the same literal in an INSERT there is no `LINE n: ... ^`.
-- (PostgreSQL adds a `CONTEXT: COPY <table>, line n, column c: "..."` line here
-- that this server does not yet emit.)
CREATE TABLE bad (a integer, b text);
COPY bad FROM stdin;
ERROR:  invalid input syntax for type integer: "zzz"
SELECT count(*) AS loaded FROM bad;
 loaded 
--------
      0
(1 row)

-- Wrong arity, both directions.
COPY bad FROM stdin;
ERROR:  extra data after last expected column
COPY bad FROM stdin;
ERROR:  missing data for column "b"
-- Rows are read in order, so the first bad row wins even when a later row is
-- bad in a different way.
COPY bad FROM stdin;
ERROR:  invalid input syntax for type integer: "nope"
-- Same, for a column whose value the binder cannot fold without a session: the
-- literal is still checked where it is read, so a bad `timestamptz` in row 1
-- beats an arity error in row 2 rather than the load reporting them backwards.
CREATE TABLE ord (z timestamptz, b text);
COPY ord FROM stdin;
ERROR:  invalid input syntax for type timestamp with time zone: "not-a-time"
-- The column's length typmod applies in assignment context: an over-long
-- varchar errors rather than truncating, while `name` always truncates.
CREATE TABLE lens (v varchar(3), n name);
COPY lens (v) FROM stdin;
ERROR:  value too long for type character varying(3)
COPY lens (n) FROM stdin;
SELECT octet_length(n) AS name_len FROM lens WHERE n IS NOT NULL;
 name_len 
----------
       63
(1 row)

-- numeric(p,s) rounds to the scale, and overflows once the integer part no
-- longer fits.
CREATE TABLE num (v numeric(5,2));
COPY num FROM stdin;
SELECT v FROM num ORDER BY v;
   v   
-------
 -1.01
  1.01
(2 rows)

COPY num FROM stdin;
ERROR:  numeric field overflow
DETAIL:  A field with precision 5, scale 2 must round to an absolute value less than 10^3.
-- An enum column takes its labels by name, through the type catalog.
CREATE TYPE cpmood AS ENUM ('sad', 'ok', 'happy');
CREATE TABLE en (m cpmood);
COPY en FROM stdin;
SELECT m FROM en;
 m  
----
 ok
(1 row)

COPY en FROM stdin;
ERROR:  invalid input value for enum cpmood: "elated"
-- A NULL marker in a length-modified column is a NULL, not a padded blank: it
-- never reaches the typmod.
CREATE TABLE nul (c char(5));
COPY nul FROM stdin;
SELECT c IS NULL AS is_null, octet_length(c) AS len FROM nul;
 is_null | len 
---------+-----
 t       |    
(1 row)

-- `now` reads the transaction clock, which only the executing session holds.
CREATE TABLE clk (t timestamp, z timestamptz);
BEGIN;
COPY clk FROM stdin;
SELECT t = transaction_timestamp()::timestamp AS t_is_xact,
       z = transaction_timestamp() AS z_is_xact FROM clk;
 t_is_xact | z_is_xact 
-----------+-----------
 t         | t
(1 row)

COMMIT;
-- An interval literal whose meaning IntervalStyle changes is read under the
-- session's style.
CREATE TABLE iv (v interval);
SET IntervalStyle = 'sql_standard';
COPY iv FROM stdin;
SELECT v FROM iv;
     v      
------------
 -1 2:03:04
(1 row)

-- COPY and INSERT must read the same text into the same value. Asserted on
-- interval[] because array elements take a different route through the input
-- functions than the scalar above.
CREATE TABLE ivd (a interval[]);
COPY ivd FROM stdin;
INSERT INTO ivd VALUES ('{-1 2:03:04}');
SELECT count(*) AS rows, count(DISTINCT a) AS distinct_values FROM ivd;
 rows | distinct_values 
------+-----------------
    2 |               1
(1 row)

RESET IntervalStyle;
-- Server-side COPY FROM a file, addressed the way the upstream corpus does:
-- the harness exports PG_ABS_SRCDIR, `\set` concatenates it with the relative
-- data path, and `:'filename'` interpolates the result as a quoted literal.
\getenv abs_srcdir PG_ABS_SRCDIR
\set filename :abs_srcdir '/data/copy_file.data'
CREATE TABLE cf (a integer, b text);
COPY cf FROM :'filename';
SELECT a, b FROM cf ORDER BY a;
 a |   b   
---+-------
 1 | alice
 2 | 
 3 | bob
(3 rows)

