--
-- CREATE_TYPE / CREATE_FUNCTION (internal) / CREATE_CAST / DROP TYPE CASCADE
-- Bootstraps a user-defined base type the way PostgreSQL's own catalog does: a
-- shell type, its internal C I/O functions, the filled-in base type, a binary-
-- coercible cast, then a cascading drop. Output hand-checked against PostgreSQL
-- (psql -a -q), including the argument-shell NOTICE's LINE/caret excerpt (the
-- long CREATE FUNCTION line is truncated to 60 columns with a trailing `...`).
--
-- A bare CREATE TYPE makes a placeholder "shell" type (no NOTICE of its own).
CREATE TYPE xfloat8;
-- The I/O functions reference the shell, so each draws an "only a shell" NOTICE.
CREATE FUNCTION xfloat8in(cstring) RETURNS xfloat8 AS 'int8in' LANGUAGE internal IMMUTABLE STRICT;
NOTICE:  return type xfloat8 is only a shell
CREATE FUNCTION xfloat8out(xfloat8) RETURNS cstring AS 'int8out' LANGUAGE internal IMMUTABLE STRICT;
NOTICE:  argument type xfloat8 is only a shell
LINE 1: CREATE FUNCTION xfloat8out(xfloat8) RETURNS cstring AS 'int8...
                                   ^
-- Filling in the shell turns it into a real base type (LIKE int8: 8-byte width).
CREATE TYPE xfloat8 (
   input = xfloat8in,
   output = xfloat8out,
   like = int8
);
-- int8 and xfloat8 share a representation, so the cast needs no function.
CREATE CAST (xfloat8 AS int8) WITHOUT FUNCTION;
-- An unknown internal name is rejected, as in PG.
CREATE FUNCTION bad_in(cstring) RETURNS int8 AS 'no_such_internal_fn' LANGUAGE internal;
ERROR:  there is no built-in function named "no_such_internal_fn"
-- A binary cast between differently-sized types is refused.
CREATE TYPE xshort;
CREATE FUNCTION xshort_in(cstring) RETURNS xshort AS 'int2in' LANGUAGE internal IMMUTABLE STRICT;
NOTICE:  return type xshort is only a shell
CREATE FUNCTION xshort_out(xshort) RETURNS cstring AS 'int2out' LANGUAGE internal IMMUTABLE STRICT;
NOTICE:  argument type xshort is only a shell
LINE 1: CREATE FUNCTION xshort_out(xshort) RETURNS cstring AS 'int2o...
                                   ^
CREATE TYPE xshort (input = xshort_in, output = xshort_out, like = int2);
CREATE CAST (xshort AS int8) WITHOUT FUNCTION;
ERROR:  source and target data types are not physically compatible
-- Without CASCADE, dropping a type in use is refused and lists the dependents.
DROP TYPE xfloat8;
ERROR:  cannot drop type xfloat8 because other objects depend on it
DETAIL:  function xfloat8in(cstring) depends on type xfloat8
function xfloat8out(xfloat8) depends on type xfloat8
cast from xfloat8 to bigint depends on type xfloat8
HINT:  Use DROP ... CASCADE to drop the dependent objects too.
-- CASCADE drops the type and everything that depends on it, with a NOTICE.
DROP TYPE xfloat8 CASCADE;
NOTICE:  drop cascades to 3 other objects
DETAIL:  drop cascades to function xfloat8in(cstring)
drop cascades to function xfloat8out(xfloat8)
drop cascades to cast from xfloat8 to bigint
DROP TYPE xshort CASCADE;
NOTICE:  drop cascades to 2 other objects
DETAIL:  drop cascades to function xshort_in(cstring)
drop cascades to function xshort_out(xshort)
-- A single dependent is named inline, with no count and no DETAIL.
CREATE TYPE solo;
CREATE FUNCTION solo_in(cstring) RETURNS solo AS 'int8in' LANGUAGE internal IMMUTABLE STRICT;
NOTICE:  return type solo is only a shell
DROP TYPE solo CASCADE;
NOTICE:  drop cascades to function solo_in(cstring)
-- Re-declaring an existing type is a duplicate-object error.
CREATE TYPE dup;
CREATE TYPE dup;
ERROR:  type "dup" already exists
DROP TYPE dup;
-- A duplicate cast for the same type pair is rejected (so it is not
-- double-counted in a later cascade).
CREATE TYPE xc;
CREATE FUNCTION xc_in(cstring) RETURNS xc AS 'int8in' LANGUAGE internal IMMUTABLE STRICT;
NOTICE:  return type xc is only a shell
CREATE FUNCTION xc_out(xc) RETURNS cstring AS 'int8out' LANGUAGE internal IMMUTABLE STRICT;
NOTICE:  argument type xc is only a shell
LINE 1: CREATE FUNCTION xc_out(xc) RETURNS cstring AS 'int8out' LANG...
                               ^
CREATE TYPE xc (input = xc_in, output = xc_out, like = int8);
CREATE CAST (xc AS int8) WITHOUT FUNCTION;
CREATE CAST (xc AS int8) WITHOUT FUNCTION;
ERROR:  cast from type xc to type bigint already exists
DROP TYPE xc CASCADE;
NOTICE:  drop cascades to 3 other objects
DETAIL:  drop cascades to function xc_in(cstring)
drop cascades to function xc_out(xc)
drop cascades to cast from xc to bigint
-- An unknown type name in a cast is an undefined-object error.
CREATE CAST (nosuchtype AS int8) WITHOUT FUNCTION;
ERROR:  type "nosuchtype" does not exist
