--
-- CREATE FUNCTION ... LANGUAGE SQL
-- A LANGUAGE SQL function with a scalar, FROM-less body is expanded inline at
-- each call: `$1..$n` reference the arguments, the body may call other
-- functions, and the result is coerced to the declared return type. Overloading
-- is by argument type. Output hand-checked against PostgreSQL (psql -a -q).
-- (Error paths — return-type mismatch, duplicate signature — are covered by the
-- server e2e tests, where PG emits a CONTEXT line this engine does not.)
--
CREATE FUNCTION add(int, int) RETURNS int LANGUAGE SQL AS $$ SELECT $1 + $2 $$;
SELECT add(1, 2);
 add 
-----
   3
(1 row)

-- The RETURN <expr> body form is equivalent.
CREATE FUNCTION inc(int) RETURNS int LANGUAGE SQL RETURN $1 + 1;
SELECT inc(41);
 inc 
-----
  42
(1 row)

-- Arguments are arbitrary expressions, and a body may call another function.
CREATE FUNCTION double_inc(int) RETURNS int LANGUAGE SQL AS $$ SELECT inc(inc($1)) $$;
SELECT double_inc(40), add(inc(1), 5);
 double_inc | add 
------------+-----
         42 |   7
(1 row)

-- An int body widens to the declared bigint return type.
CREATE FUNCTION widen(int) RETURNS bigint LANGUAGE SQL AS $$ SELECT $1 $$;
SELECT widen(5);
 widen 
-------
     5
(1 row)

-- Overloading by argument type: same name, different signature.
CREATE FUNCTION same(int) RETURNS int LANGUAGE SQL AS $$ SELECT $1 * 10 $$;
CREATE FUNCTION same(text) RETURNS text LANGUAGE SQL AS $$ SELECT $1 || '!' $$;
SELECT same(4), same('hi');
 same | same 
------+------
   40 | hi!
(1 row)

-- A function applied per row over a table.
CREATE TABLE t (a int, b int);
INSERT INTO t VALUES (1, 2), (3, 4), (10, 20);
SELECT a, b, add(a, b) FROM t ORDER BY a;
 a  | b  | add 
----+----+-----
  1 |  2 |   3
  3 |  4 |   7
 10 | 20 |  30
(3 rows)

-- Clean up (this suite shares one database across tests).
DROP TABLE t;
