--
-- DROP SCHEMA
-- DROP SCHEMA defaults to RESTRICT: a non-empty schema blocks the drop (2BP01);
-- CASCADE drops the schema and its contents. A missing schema errors (3F000);
-- IF EXISTS downgrades that to a skip NOTICE. Output hand-checked against
-- PostgreSQL (psql -a -q).
--
CREATE SCHEMA app;
CREATE TABLE app.t (id integer);
-- RESTRICT (the default): the contained table blocks the drop.
DROP SCHEMA app;
ERROR:  cannot drop schema app because other objects depend on it
DETAIL:  table app.t depends on schema app
HINT:  Use DROP ... CASCADE to drop the dependent objects too.
-- CASCADE drops the schema and everything in it.
DROP SCHEMA app CASCADE;
NOTICE:  drop cascades to table app.t
-- Afterwards the schema is gone.
SELECT nspname FROM pg_namespace WHERE nspname = 'app';
 nspname 
---------
(0 rows)

-- A missing schema without IF EXISTS errors; with IF EXISTS it is a skip NOTICE.
DROP SCHEMA app;
ERROR:  schema "app" does not exist
DROP SCHEMA IF EXISTS app;
NOTICE:  schema "app" does not exist, skipping
-- An empty schema drops cleanly under the default RESTRICT.
CREATE SCHEMA empty_one;
DROP SCHEMA empty_one;
-- A serial column's OWNED BY sequence is an internal dependency: CASCADE lists
-- only the table, not the sequence (which is dropped with it).
CREATE SCHEMA app;
CREATE TABLE app.serial_tab (id serial, note text);
DROP SCHEMA app CASCADE;
NOTICE:  drop cascades to table app.serial_tab
-- Qualified DROP TABLE honors dependent views across schemas: a public view on a
-- schema-qualified table blocks RESTRICT and is cascaded, and a repeated target
-- is rejected before anything is dropped.
CREATE SCHEMA app;
CREATE TABLE app.base (id integer);
CREATE VIEW pubv AS SELECT id FROM app.base;
DROP TABLE app.base;
ERROR:  cannot drop table app.base because other objects depend on it
DETAIL:  view pubv depends on table app.base
HINT:  Use DROP ... CASCADE to drop the dependent objects too.
DROP TABLE app.base, app.base;
ERROR:  table "app.base" specified more than once
DROP TABLE app.base CASCADE;
NOTICE:  drop cascades to view pubv
DROP SCHEMA app;
-- a schema the database system requires cannot be dropped, and IF EXISTS does
-- not forgive it: that clause covers a schema that is absent
DROP SCHEMA pg_catalog;
ERROR:  cannot drop schema pg_catalog because it is required by the database system
DROP SCHEMA IF EXISTS pg_toast;
ERROR:  cannot drop schema pg_toast because it is required by the database system
