--
-- Escape string constants: E'...', U&'...', N'...'
-- PostgreSQL decodes E'...' escapes into *bytes* and validates the result as
-- UTF-8 only once the whole literal is assembled, so several escapes can spell
-- one character while a lone high byte is an encoding error. U&'...' escapes
-- name code points directly instead.
--
-- the C-style escapes. Compared rather than printed: the harness aligns
-- columns by character count, so a tab or a newline in the output would be
-- measuring its renderer instead of the decoding.
SELECT E'a\tb' = 'a' || chr(9) || 'b' AS tab,
       E'a\nb' = 'a' || chr(10) || 'b' AS newline,
       E'a\rb' = 'a' || chr(13) || 'b' AS carriage_return,
       E'a\bb' = 'a' || chr(8) || 'b' AS backspace,
       E'a\fb' = 'a' || chr(12) || 'b' AS form_feed;
 tab | newline | carriage_return | backspace | form_feed 
-----+---------+-----------------+-----------+-----------
 t   | t       | t               | t         | t
(1 row)

-- a backslash before anything without a meaning simply drops out
SELECT E'\z' AS bare_z, E'\'' AS quote, E'\\' AS backslash;
 bare_z | quote | backslash 
--------+-------+-----------
 z      | '     | \
(1 row)

-- a doubled quote still closes nothing, exactly as in a plain literal
SELECT E'it''s' AS doubled_quote;
 doubled_quote 
---------------
 it's
(1 row)

-- quote_literal round-trips a backslash back into an escape string constant
SELECT quote_literal(e'\\') AS quoted_backslash;
 quoted_backslash 
------------------
 E'\\'
(1 row)

-- \xNN is a byte, so a two-byte UTF-8 sequence takes two escapes
SELECT E'\xc3\xa9' AS e_acute, octet_length(E'\xc3\xa9') AS octets;
 e_acute | octets 
---------+--------
 é       |      2
(1 row)

-- three bytes for a CJK character, and the same character via \u
SELECT E'\xe4\xb8\xad' = E'中' AS zhong, octet_length(E'\xe4\xb8\xad') AS zhong_octets;
 zhong | zhong_octets 
-------+--------------
 t     |            3
(1 row)

-- octal escapes address bytes just as hex ones do
SELECT E'\303\251' AS e_acute_octal, E'\303\251' = E'\xc3\xa9' AS same_as_hex;
 e_acute_octal | same_as_hex 
---------------+-------------
 é             | t
(1 row)

-- \x with no hex digit at all leaves a literal x
SELECT E'\x' AS bare_x, E'\xP' AS x_then_p;
 bare_x | x_then_p 
--------+----------
 x      | xP
(1 row)

-- octal overflows by truncation rather than erroring: \450 is 0o450 & 0xFF
SELECT E'\450' AS octal_wrapped, E'\123' AS octal_S;
 octal_wrapped | octal_s 
---------------+---------
 (             | S
(1 row)

-- \uXXXX and \UXXXXXXXX name code points; a surrogate pair combines into one
SELECT E'A' AS letter_a,
       E'\U0001F604' = E'😄' AS surrogate_pair_combines,
       length(E'\U0001F604') AS emoji_len;
 letter_a | surrogate_pair_combines | emoji_len 
----------+-------------------------+-----------
 A        | t                       |         1
(1 row)

-- an escape string is still just text, so it takes a type from its context
SELECT E'abc'::name AS as_name, length(E'a\tb') AS len;
 as_name | len 
---------+-----
 abc     |   3
(1 row)

-- U&'...' escapes are code points, with \+XXXXXX for the six-digit form
SELECT U&'d\0061t\+000061' AS unicode_data;
 unicode_data 
--------------
 data
(1 row)

-- N'...' is a plain string literal on a UTF-8 server
SELECT N'abc' AS national;
 national 
----------
 abc
(1 row)

-- a lone continuation byte is not valid UTF-8
SELECT E'\x80';
ERROR:  invalid byte sequence for encoding "UTF8": 0x80
-- neither is a truncated two-byte sequence
SELECT E'\xc3';
ERROR:  invalid byte sequence for encoding "UTF8": 0xc3
-- NUL is valid UTF-8 but PG rejects it however it is spelled
SELECT E'\0';
ERROR:  invalid byte sequence for encoding "UTF8": 0x00
SELECT E'\000';
ERROR:  invalid byte sequence for encoding "UTF8": 0x00
-- \400 truncates to 0x00, so it is the same rejection
SELECT E'\400';
ERROR:  invalid byte sequence for encoding "UTF8": 0x00
-- a \u escape that is not four hex digits
SELECT E'\uZZZZ';
ERROR:  invalid Unicode escape
LINE 1: SELECT E'\uZZZZ';
                 ^
HINT:  Unicode escapes must be \uXXXX or \UXXXXXXXX.
-- a high surrogate that nothing completes is reported on what followed it
SELECT E'\ud83d';
ERROR:  invalid Unicode surrogate pair at or near "'"
LINE 1: SELECT E'\ud83d';
                       ^
SELECT E'\ud83dxyz';
ERROR:  invalid Unicode surrogate pair at or near "x"
LINE 1: SELECT E'\ud83dxyz';
                       ^
-- an unpaired low surrogate is reported on the escape itself
SELECT E'\udc36';
ERROR:  invalid Unicode surrogate pair at or near "\udc36"
LINE 1: SELECT E'\udc36';
                 ^
-- a U&'...' escape has its own hint, naming the \XXXX forms
SELECT U&'\ZZZZ';
ERROR:  invalid Unicode escape
LINE 1: SELECT U&'\ZZZZ';
                  ^
HINT:  Unicode escapes must be \XXXX or \+XXXXXX.
