--
-- GENERATE_SERIES
-- The set-returning function generate_series over int4/int8/numeric and
-- timestamp/timestamptz (stepped by an interval), in both the target list and
-- FROM position. Output hand-checked against PostgreSQL's aligned format.
--
-- Render timestamptz in UTC so the output is deterministic.
SET timezone = 'UTC';
-- target-list form: one row per value in the range
SELECT generate_series(1, 5);
 generate_series 
-----------------
               1
               2
               3
               4
               5
(5 rows)

-- FROM position: the column is named after the function
SELECT * FROM generate_series(1, 5);
 generate_series 
-----------------
               1
               2
               3
               4
               5
(5 rows)

-- an explicit step
SELECT generate_series(2, 10, 2);
 generate_series 
-----------------
               2
               4
               6
               8
              10
(5 rows)

-- a descending series needs a negative step
SELECT generate_series(5, 1, -1);
 generate_series 
-----------------
               5
               4
               3
               2
               1
(5 rows)

-- a single-element range
SELECT generate_series(3, 3);
 generate_series 
-----------------
               3
(1 row)

-- a step in the wrong direction (or start past stop) yields no rows
SELECT generate_series(5, 1);
 generate_series 
-----------------
(0 rows)

SELECT generate_series(1, 5, -1);
 generate_series 
-----------------
(0 rows)

-- the series widens to int8 when a bound does not fit int4
SELECT generate_series(4000000000, 4000000002);
 generate_series 
-----------------
      4000000000
      4000000001
      4000000002
(3 rows)

-- filtering and ordering over the FROM-position rows
SELECT generate_series FROM generate_series(1, 6) WHERE generate_series % 2 = 0;
 generate_series 
-----------------
               2
               4
               6
(3 rows)

SELECT * FROM generate_series(1, 4) ORDER BY 1 DESC;
 generate_series 
-----------------
               4
               3
               2
               1
(4 rows)

-- a column-list alias in FROM renames the single output column
SELECT g FROM generate_series(1, 3) AS s(g) ORDER BY 1;
 g 
---
 1
 2
 3
(3 rows)

-- more column aliases than the function produces is an error
SELECT * FROM generate_series(1, 3) AS s(a, b);
ERROR:  table "s" has 1 columns available but 2 columns specified
-- numeric overload: a fractional step; the start keeps its scale
SELECT generate_series(1, 3, 0.5);
 generate_series 
-----------------
               1
             1.5
             2.0
             2.5
             3.0
(5 rows)

-- numeric two-arg form defaults the step to 1
SELECT generate_series(1.5, 3);
 generate_series 
-----------------
             1.5
             2.5
(2 rows)

-- numeric counting down with a negative step
SELECT generate_series(3.0, 1.0, -0.5);
 generate_series 
-----------------
             3.0
             2.5
             2.0
             1.5
             1.0
(5 rows)

-- timestamp stepped by an interval (3-arg only)
SELECT * FROM generate_series(timestamp '2020-01-01', timestamp '2020-01-04', interval '1 day');
   generate_series   
---------------------
 2020-01-01 00:00:00
 2020-01-02 00:00:00
 2020-01-03 00:00:00
 2020-01-04 00:00:00
(4 rows)

-- a whole-month step clamps the day of month, incrementally
SELECT generate_series(timestamp '2020-01-31', timestamp '2020-04-30', interval '1 month');
   generate_series   
---------------------
 2020-01-31 00:00:00
 2020-02-29 00:00:00
 2020-03-29 00:00:00
 2020-04-29 00:00:00
(4 rows)

-- timestamptz (UTC session) stepped by an interval
SELECT generate_series(timestamptz '2020-01-01 00:00+00', timestamptz '2020-01-03 00:00+00', interval '1 day');
    generate_series     
------------------------
 2020-01-01 00:00:00+00
 2020-01-02 00:00:00+00
 2020-01-03 00:00:00+00
(3 rows)

-- a zero step is an error, for every overload
SELECT generate_series(1, 5, 0);
ERROR:  step size cannot equal zero
SELECT generate_series(1.0, 3.0, 0.0);
ERROR:  step size cannot equal zero
SELECT generate_series(timestamp '2020-01-01', timestamp '2020-01-05', interval '0');
ERROR:  step size cannot equal zero
-- NaN and infinite numeric bounds/step are errors
SELECT generate_series('NaN'::numeric, 3);
ERROR:  start value cannot be NaN
SELECT generate_series(1, 'infinity'::numeric);
ERROR:  stop value cannot be infinity
SELECT generate_series(1, 5, 'infinity'::numeric);
ERROR:  step size cannot be infinity
-- but a NULL argument short-circuits to no rows before any such validation
SELECT generate_series(NULL::int, 5, 0);
 generate_series 
-----------------
(0 rows)

SELECT generate_series(NULL::numeric, 'NaN'::numeric);
 generate_series 
-----------------
(0 rows)

