--
-- GEO
-- point / lseg: input parsing (the accepted spellings), text output, casts to
-- and from text, the positional / distance / arithmetic operators, the lseg
-- accessors, and the invalid-input errors. Output hand-checked against
-- PostgreSQL's aligned format. extra_float_digits is pinned so float output is
-- stable across platforms.
--
SET extra_float_digits = 0;
-- typed-literal output; the default column name of a typed literal is the type
SELECT point '(1,2)', lseg '[(1,2),(3,4)]';
 point |     lseg      
-------+---------------
 (1,2) | [(1,2),(3,4)]
(1 row)

-- point input: parens optional, whitespace tolerant, Inf/NaN accepted
SELECT '(0,0)'::point AS a, '10,10'::point AS b, ' ( -3.0 , 4.0 ) '::point AS c;
   a   |    b    |   c    
-------+---------+--------
 (0,0) | (10,10) | (-3,4)
(1 row)

-- lseg input: bracketed, doubly-parenthesized, bare pairs, and bracketed scalars
SELECT '[(1,2),(3,4)]'::lseg AS a,
       '((0,0),(6,6))'::lseg AS b,
       '10,-10 ,-3,-4'::lseg AS c,
       '[-1e6,2e2,3e5, -4e1]'::lseg AS d;
       a       |       b       |         c          |               d               
---------------+---------------+--------------------+-------------------------------
 [(1,2),(3,4)] | [(0,0),(6,6)] | [(10,-10),(-3,-4)] | [(-1000000,200),(300000,-40)]
(1 row)

-- casts to text follow the type-name column-naming rule; lseg::point is center
SELECT (point '(5.1,34.5)')::text, (lseg '[(1,2),(3,4)]')::point;
    text    | point 
------------+-------
 (5.1,34.5) | (2,3)
(1 row)

-- a point column round-trips every insert spelling
CREATE TABLE point_tbl(f1 point);
INSERT INTO point_tbl VALUES ('(0,0)'), ('(-10,0)'), ('(-3,4)'),
  ('(5.1, 34.5)'), ('(-5,-12)'), ('10,10');
SELECT * FROM point_tbl;
     f1     
------------
 (0,0)
 (-10,0)
 (-3,4)
 (5.1,34.5)
 (-5,-12)
 (10,10)
(6 rows)

-- positional predicates
SELECT f1 FROM point_tbl WHERE f1 << '(0,0)';
    f1    
----------
 (-10,0)
 (-3,4)
 (-5,-12)
(3 rows)

SELECT f1 FROM point_tbl WHERE f1 >> '(0,0)';
     f1     
------------
 (5.1,34.5)
 (10,10)
(2 rows)

SELECT f1 FROM point_tbl WHERE f1 |>> '(0,0)';
     f1     
------------
 (-3,4)
 (5.1,34.5)
 (10,10)
(3 rows)

SELECT f1 FROM point_tbl WHERE f1 <<| '(0,0)';
    f1    
----------
 (-5,-12)
(1 row)

SELECT f1 FROM point_tbl WHERE f1 ~= '(5.1,34.5)';
     f1     
------------
 (5.1,34.5)
(1 row)

-- distance, sorted (a float8 scalar drives ORDER BY; the point itself does not)
SELECT f1, f1 <-> point '(0,0)' AS dist FROM point_tbl ORDER BY dist, f1 <-> point '(0,0)';
     f1     |       dist       
------------+------------------
 (0,0)      |                0
 (-3,4)     |                5
 (-10,0)    |               10
 (-5,-12)   |               13
 (10,10)    |  14.142135623731
 (5.1,34.5) | 34.8749193547455
(6 rows)

-- point arithmetic: translate, complex multiply / divide
SELECT point '(5.1,34.5)' + point '(1,1)' AS add,
       point '(5.1,34.5)' - point '(1,1)' AS sub,
       point '(5.1,34.5)' * point '(-10,0)' AS mul,
       point '(10,10)' / point '(10,10)' AS div;
    add     |    sub     |    mul     |  div  
------------+------------+------------+-------
 (6.1,35.5) | (4.1,33.5) | (-51,-345) | (1,0)
(1 row)

-- divide by the zero point errors
SELECT point '(1,1)' / point '(0,0)';
ERROR:  division by zero
-- horizontal / vertical predicates and slope / constructor functions
SELECT point '(1,5)' ?- point '(9,5)' AS horiz, point '(5,1)' ?| point '(5,9)' AS vert;
 horiz | vert 
-------+------
 t     | t
(1 row)

SELECT slope(point '(0,0)', point '(2,1)') AS slope, point(3, 4) AS constructed;
 slope | constructed 
-------+-------------
   0.5 | (3,4)
(1 row)

-- lseg column and the accessors: length, center, vertical / horizontal
CREATE TABLE lseg_tbl(s lseg);
INSERT INTO lseg_tbl VALUES ('[(1,2),(3,4)]'), ('[(0,0),(6,6)]'),
  ('[(-10,2),(-10,3)]'), ('[(0,-20),(30,-20)]'), (lseg(point(11,22), point(33,44)));
SELECT s, @-@ s AS length, @@ s AS center FROM lseg_tbl;
         s          |      length      |  center   
--------------------+------------------+-----------
 [(1,2),(3,4)]      | 2.82842712474619 | (2,3)
 [(0,0),(6,6)]      | 8.48528137423857 | (3,3)
 [(-10,2),(-10,3)]  |                1 | (-10,2.5)
 [(0,-20),(30,-20)] |               30 | (15,-20)
 [(11,22),(33,44)]  | 31.1126983722081 | (22,33)
(5 rows)

SELECT s FROM lseg_tbl WHERE ?| s;
         s         
-------------------
 [(-10,2),(-10,3)]
(1 row)

SELECT s FROM lseg_tbl WHERE ?- s;
         s          
--------------------
 [(0,-20),(30,-20)]
(1 row)

-- point-to-segment distance and on-segment containment
SELECT point '(0,1)' <-> lseg '[(0,0),(1,0)]' AS dist_ps,
       point '(0,5)' ## lseg '[(0,0),(10,0)]' AS closest,
       point '(3,0)' <@ lseg '[(0,0),(10,0)]' AS on_seg;
 dist_ps | closest | on_seg 
---------+---------+--------
       1 | (0,0)   | t
(1 row)

-- segment-to-segment: distance, intersection, parallel / perpendicular, order
SELECT lseg '[(0,0),(1,0)]' <-> lseg '[(0,2),(1,2)]' AS dist_ss,
       lseg '[(0,0),(2,0)]' # lseg '[(1,-1),(1,1)]' AS intersect,
       lseg '[(0,0),(2,0)]' # lseg '[(0,1),(2,1)]' AS no_intersect;
 dist_ss | intersect | no_intersect 
---------+-----------+--------------
       2 | (1,0)     | 
(1 row)

SELECT lseg '[(0,0),(1,0)]' ?|| lseg '[(0,2),(1,2)]' AS parallel,
       lseg '[(0,0),(1,0)]' ?-| lseg '[(0,0),(0,1)]' AS perpendicular;
 parallel | perpendicular 
----------+---------------
 t        | t
(1 row)

SELECT lseg '[(0,0),(2,0)]' < lseg '[(0,0),(3,0)]' AS shorter,
       lseg '[(0,0),(2,0)]' = lseg '[(0,0),(2,0)]' AS eq;
 shorter | eq 
---------+----
 t       | t
(1 row)

-- invalid input is 22P02, echoing the offending text; the coordinate out of
-- range keeps float8's "double precision" range error
SELECT '(10.0 10.0)'::point;
ERROR:  invalid input syntax for type point: "(10.0 10.0)"
LINE 1: SELECT '(10.0 10.0)'::point;
               ^
SELECT '(10.0, 1e+500)'::point;
ERROR:  "1e+500" is out of range for type double precision
LINE 1: SELECT '(10.0, 1e+500)'::point;
               ^
SELECT '[(1,2),(3)]'::lseg;
ERROR:  invalid input syntax for type lseg: "[(1,2),(3)]"
LINE 1: SELECT '[(1,2),(3)]'::lseg;
               ^
-- the non-error-throwing input API
SELECT pg_input_is_valid('(1,2)', 'point') AS ok, pg_input_is_valid('1,y', 'point') AS bad;
 ok | bad 
----+-----
 t  | f
(1 row)

SELECT * FROM pg_input_error_info('1,y', 'point');
                  message                   | detail | hint | sql_error_code 
--------------------------------------------+--------+------+----------------
 invalid input syntax for type point: "1,y" |        |      | 22P02
(1 row)

