--
-- HASH
-- The core digest functions: sha224/sha256/sha384/sha512 and crc32/crc32c.
-- All six take bytea only and are strict. Output generated from PostgreSQL.
--
-- SHA-2 against the FIPS-style vectors PG's own `strings` test pins
SELECT sha224('');
                           sha224                           
------------------------------------------------------------
 \xd14a028c2a3a2bc9476102bb288234c415a2b01f828ea62ac5b3e42f
(1 row)

SELECT sha224('The quick brown fox jumps over the lazy dog.');
                           sha224                           
------------------------------------------------------------
 \x619cba8e8e05826e9b8c519c0a5c68f4fb653e8a3d8aa04bb2c8cd4c
(1 row)

SELECT sha256('');
                               sha256                               
--------------------------------------------------------------------
 \xe3b0c44298fc1c149afbf4c8996fb92427ae41e4649b934ca495991b7852b855
(1 row)

SELECT sha256('The quick brown fox jumps over the lazy dog.');
                               sha256                               
--------------------------------------------------------------------
 \xef537f25c895bfa782526529a9b63d97aa631564d5d789c2b765448c8635fb6c
(1 row)

SELECT sha384('');
                                               sha384                                               
----------------------------------------------------------------------------------------------------
 \x38b060a751ac96384cd9327eb1b1e36a21fdb71114be07434c0cc7bf63f6e1da274edebfe76f65fbd51ad2f14898b95b
(1 row)

SELECT sha384('The quick brown fox jumps over the lazy dog.');
                                               sha384                                               
----------------------------------------------------------------------------------------------------
 \xed892481d8272ca6df370bf706e4d7bc1b5739fa2177aae6c50e946678718fc67a7af2819a021c2fc34e91bdb63409d7
(1 row)

SELECT sha512('');
                                                               sha512                                                               
------------------------------------------------------------------------------------------------------------------------------------
 \xcf83e1357eefb8bdf1542850d66d8007d620e4050b5715dc83f4a921d36ce9ce47d0d13c5d85f2b0ff8318d2877eec2f63b931bd47417a81a538327af927da3e
(1 row)

SELECT sha512('The quick brown fox jumps over the lazy dog.');
                                                               sha512                                                               
------------------------------------------------------------------------------------------------------------------------------------
 \x91ea1245f20d46ae9a037a989f54f1f790f0a47607eeb8a14d12890cea77a1bbc6c7ed9cf205e67b7f2b8fd4c7dfd3a7a8617e45f3c463d481c7e586c39ac1ed
(1 row)

-- the argument is bytes, not characters: a multi-byte literal and the same
-- bytes written as an escape must agree
SELECT sha256('café'::bytea) = sha256('caf\303\251'::bytea) AS same;
 same 
------
 t
(1 row)

-- CRC. The result is int8 because the checksum is unsigned 32-bit.
SELECT crc32('');
 crc32 
-------
     0
(1 row)

SELECT crc32('The quick brown fox jumps over the lazy dog.');
   crc32    
------------
 1368401385
(1 row)

SELECT crc32c('');
 crc32c 
--------
      0
(1 row)

SELECT crc32c('The quick brown fox jumps over the lazy dog.');
  crc32c   
-----------
 419469235
(1 row)

-- lengths straddling the 128-byte block the hardware CRC-32C path consumes;
-- the 129-byte case exceeds int4 and pins the widening
SELECT crc32c(repeat('A', 127)::bytea);
  crc32c   
-----------
 291820082
(1 row)

SELECT crc32c(repeat('A', 128)::bytea);
  crc32c   
-----------
 816091258
(1 row)

SELECT crc32c(repeat('A', 129)::bytea);
   crc32c   
------------
 4213642571
(1 row)

SELECT crc32c(repeat('A', 800)::bytea);
   crc32c   
------------
 3134039419
(1 row)

-- strictness
SELECT sha256(NULL::bytea) IS NULL AS sha_null, crc32(NULL::bytea) IS NULL AS crc_null;
 sha_null | crc_null 
----------+----------
 t        | t
(1 row)

-- an unknown literal resolves through byteain, so a bare literal and the bytes
-- it denotes agree
SELECT sha256('abc') = sha256(decode('616263', 'hex')) AS same;
 same 
------
 t
(1 row)

-- there is no text overload, so a typed text argument finds no candidate.
-- Overload-resolution errors carry no source span here, so the expected output
-- omits PG's `LINE 1:` caret (and the undefined-function HINT), as
-- `to_char.out` does.
SELECT sha256('abc'::text);
ERROR:  function sha256(text) does not exist
SELECT crc32('abc'::text);
ERROR:  function crc32(text) does not exist
-- the digest is bytea, so encode() re-renders it
SELECT encode(sha256('abc'), 'hex');
                              encode                              
------------------------------------------------------------------
 ba7816bf8f01cfea414140de5dae2223b00361a396177a9cb410ff61f20015ad
(1 row)

SELECT encode(sha224('abc'), 'base64');
                  encode                  
------------------------------------------
 Iwl9IjQF2CKGQqR3vaJVsyqtvOS9oLP342ydpw==
(1 row)

-- digest widths
SELECT octet_length(sha512('abc')) AS len512, octet_length(sha384('abc')) AS len384,
       octet_length(sha256('abc')) AS len256, octet_length(sha224('abc')) AS len224;
 len512 | len384 | len256 | len224 
--------+--------+--------+--------
     64 |     48 |     32 |     28
(1 row)

