--
-- IN / NOT IN
-- Value-list membership: literal and expression lists, three-valued logic with
-- NULL, implicit type coercion to a common type, and incompatible/empty lists,
-- checked against psql's aligned format.
--
-- literal list membership; NOT IN is the negation
SELECT 2 IN (1, 2, 3) AS in3, 5 NOT IN (1, 2, 3) AS notin3;
 in3 | notin3 
-----+--------
 t   | t
(1 row)

-- the tested expression and the list entries may be arbitrary expressions
SELECT 3 IN (1 + 1, 2 + 1, 10) AS expr_list, 7 NOT IN (1 + 1, 2 + 1) AS notin_expr;
 expr_list | notin_expr 
-----------+------------
 t         | t
(1 row)

-- three-valued logic: no match plus a NULL in the list yields NULL, not false
SELECT 1 IN (2, NULL) AS in_null_nomatch;
 in_null_nomatch 
-----------------
 
(1 row)

-- a real match short-circuits the NULL and returns true
SELECT 1 IN (1, NULL) AS in_null_match;
 in_null_match 
---------------
 t
(1 row)

-- NOT IN with an unmatched NULL is NULL; a matched value makes it false
SELECT 1 NOT IN (2, NULL) AS notin_null_nomatch, 1 NOT IN (1, NULL) AS notin_null_match;
 notin_null_nomatch | notin_null_match 
--------------------+------------------
                    | f
(1 row)

-- a NULL on the left makes the whole test NULL
SELECT NULL IN (1, 2) AS null_left, NULL NOT IN (1, 2) AS null_left_notin;
 null_left | null_left_notin 
-----------+-----------------
           | 
(1 row)

-- implicit coercion: int tested against a numeric list resolves to the common type
SELECT 1 IN (1.0, 2.5) AS int_numeric;
 int_numeric 
-------------
 t
(1 row)

-- an untyped literal on the left adopts the list's common type
SELECT '2' IN (1, 2, 3) AS text_lit_left;
 text_lit_left 
---------------
 t
(1 row)

-- mixed integer widths and varchar/text also unify to a common type
SELECT 2 IN (1::int8, 2::int8) AS int_int8, 'b'::varchar IN ('a', 'b') AS varchar_text;
 int_int8 | varchar_text 
----------+--------------
 t        | t
(1 row)

-- the tested expression keeps its own type: `real` vs an integer element compares
-- in float8 (like `x = v`), not float4, so a value past the float4 mantissa differs
SELECT 16777217::real IN (16777217) AS real_vs_int, 16777217 IN (16777217::real) AS int_vs_real;
 real_vs_int | int_vs_real 
-------------+-------------
 f           | f
(1 row)

-- the list itself resolves to one type first (PG's ARRAY[...] element type): the
-- integer rounds into `real`, so it no longer equals the un-rounded tested int
SELECT 16777217 IN (16777217, 0::float4) AS list_rounds, 42 IN (42, 1::float4) AS exact_ok;
 list_rounds | exact_ok 
-------------+----------
 f           | t
(1 row)

-- temporal lists unify too: a date compared against a timestamp list widens to timestamp
SELECT DATE '2020-01-01' IN (DATE '2020-06-01', DATE '2020-01-01') AS date_in,
       DATE '2020-01-01' IN (TIMESTAMP '2020-01-01 00:00:00') AS date_ts;
 date_in | date_ts 
---------+---------
 t       | t
(1 row)

-- membership over a table column, evaluated once per row (NULL id -> NULL)
CREATE TABLE nums (id integer, label text);
INSERT INTO nums VALUES (1, 'a'), (2, 'b'), (3, 'c'), (NULL, 'd');
SELECT label, id IN (1, 3) AS in13 FROM nums ORDER BY label;
 label | in13 
-------+------
 a     | t
 b     | f
 c     | t
 d     | 
(4 rows)

-- IN in a WHERE predicate keeps only rows testing true (NULL id dropped)
SELECT label FROM nums WHERE id IN (1, 3) ORDER BY label;
 label 
-------
 a
 c
(2 rows)

-- NOT IN likewise drops the NULL-id row (NULL <> 2 is NULL, not true)
SELECT label FROM nums WHERE id NOT IN (2) ORDER BY label;
 label 
-------
 a
 c
(2 rows)

-- a NULL in a NOT IN list makes every row NULL, so none pass
SELECT label FROM nums WHERE id NOT IN (2, NULL) ORDER BY label;
 label 
-------
(0 rows)

-- error: no common type for the list falls back to per-pair equality
SELECT 1 IN (1, 'foo'::text);
ERROR:  operator does not exist: integer = text
DETAIL:  No operator of that name accepts the given argument types.
HINT:  You might need to add explicit type casts.
-- error: NOT IN takes the same fallback, chaining <> instead of =
SELECT 1 NOT IN (1, 'foo'::text);
ERROR:  operator does not exist: integer <> text
DETAIL:  No operator of that name accepts the given argument types.
HINT:  You might need to add explicit type casts.
-- error: an untyped list literal that does not fit the resolved type
SELECT 1 IN (2, 'x');
ERROR:  invalid input syntax for type integer: "x"
LINE 1: SELECT 1 IN (2, 'x');
                        ^
-- error: an empty list is a syntax error
SELECT 1 IN ();
ERROR:  sql parser error: Expected: an expression, found: ) at Line: 1, Column: 14
