--
-- NUMERIC
-- Arbitrary-precision numeric: input/output and display scale, the arithmetic
-- operators and their scale rules, comparisons, the rounding/scaling functions,
-- transcendentals, special values (NaN / +/-Infinity), NUMERIC(p,s) via cast,
-- and the domain/range errors. Output hand-checked against PostgreSQL's
-- psql -a -q aligned format.
--
-- literals keep their exact value and display scale (a decimal literal is
-- numeric, not float)
SELECT 1.5 AS a, 100 AS b, 0.05 AS c, 40.500000 AS d, -0.0 AS e;
  a  |  b  |  c   |     d     |  e  
-----+-----+------+-----------+-----
 1.5 | 100 | 0.05 | 40.500000 | 0.0
(1 row)

SELECT 1.50e1 AS exp1, 1.5e-2 AS exp2, .5 AS bare;
 exp1 | exp2  | bare 
------+-------+------
 15.0 | 0.015 |  0.5
(1 row)

-- the default column name of a numeric literal expression is ?column?
SELECT 12345.6789;
  ?column?  
------------
 12345.6789
(1 row)

-- casts: int -> numeric (exact), float -> numeric (15/6 significant digits)
SELECT 5::numeric AS from_int, (2.0/3.0)::float8::numeric AS from_f8,
       123.456::float4::numeric AS from_f4;
 from_int |      from_f8      | from_f4 
----------+-------------------+---------
        5 | 0.666666666666667 | 123.456
(1 row)

-- text -> numeric and back
SELECT '3.14159'::numeric AS pi, ('3.14159'::numeric)::text AS as_text;
   pi    | as_text 
---------+---------
 3.14159 | 3.14159
(1 row)

-- numeric -> int rounds half away from zero; .5 ties round outward
SELECT 2.5::numeric::int4 AS up, (-2.5)::numeric::int4 AS down, 2.4::numeric::int4 AS keep;
 up | down | keep 
----+------+------
  3 |   -3 |    2
(1 row)

-- numeric -> int out of range, and NaN/Infinity have no integer image
SELECT 99999999999::numeric::int4;
ERROR:  integer out of range
SELECT 'NaN'::numeric::int4;
ERROR:  cannot convert NaN to integer
SELECT 'Infinity'::numeric::int2;
ERROR:  cannot convert infinity to smallint
-- a malformed numeric literal, and one whose magnitude overflows the format
SELECT 'abc'::numeric;
ERROR:  invalid input syntax for type numeric: "abc"
LINE 1: SELECT 'abc'::numeric;
               ^
SELECT '1e2147483647'::numeric;
ERROR:  value overflows numeric format
LINE 1: SELECT '1e2147483647'::numeric;
               ^
-- addition / subtraction take the larger scale
SELECT 1.5 + 2.25 AS add, 4.2 - 4.2 AS zero, 0.1 + 0.2 AS tenths, 100 - 1 AS whole;
 add  | zero | tenths | whole 
------+------+--------+-------
 3.75 |  0.0 |    0.3 |    99
(1 row)

-- multiplication adds the scales
SELECT 1.10 * 1.10 AS mul, 2.5 * 2 AS half, 0 * 4.2 AS zero;
  mul   | half | zero 
--------+------+------
 1.2100 |  5.0 |  0.0
(1 row)

-- division gives at least 16 significant digits, honoring operand scale
SELECT 1/3.0 AS third, 4.2/4.2 AS one, 10/3.0 AS ten_thirds, 1/30000.0 AS small;
         third          |          one           |     ten_thirds     |           small            
------------------------+------------------------+--------------------+----------------------------
 0.33333333333333333333 | 1.00000000000000000000 | 3.3333333333333333 | 0.000033333333333333333333
(1 row)

-- modulo: x - trunc(x/y)*y, at the larger scale
SELECT 5.0 % 2 AS m1, (-5.5) % 2 AS m2, 11 % 4.0 AS m3;
 m1  |  m2  | m3  
-----+------+-----
 1.0 | -1.5 | 3.0
(1 row)

-- unary minus, prefix abs (@), and abs()
SELECT -(3.5) AS neg, @ (-3.5) AS at_abs, abs(-1.50) AS abs_fn;
 neg  | at_abs | abs_fn 
------+--------+--------
 -3.5 |    3.5 |   1.50
(1 row)

-- division / modulo by zero
SELECT 1.0 / 0;
ERROR:  division by zero
SELECT 1.0 % 0;
ERROR:  division by zero
-- comparisons drive WHERE and ORDER BY; mixing numeric with int promotes to
-- numeric
SELECT 1.5 < 2 AS lt, 2.0 = 2 AS eq, 10.0 > 9.99 AS gt;
 lt | eq | gt 
----+----+----
 t  | t  | t
(1 row)

-- a numeric column: insert (including NaN and +/-Infinity), filter, and the
-- btree order where -Infinity sorts first and NaN last
CREATE TABLE num_tbl (id int4, n numeric);
INSERT INTO num_tbl VALUES (1, 2.5), (2, -3.5), (3, 'NaN'), (4, 'Infinity'),
                           (5, '-Infinity'), (6, 0);
SELECT id, n FROM num_tbl ORDER BY 2, 1;
 id |     n     
----+-----------
  5 | -Infinity
  2 |      -3.5
  6 |         0
  1 |       2.5
  4 |  Infinity
  3 |       NaN
(6 rows)

SELECT id, n FROM num_tbl WHERE n > 0 ORDER BY 1;
 id |    n     
----+----------
  1 |      2.5
  3 |      NaN
  4 | Infinity
(3 rows)

-- rounding / scaling functions
SELECT round(1.5) AS r0, round(2.5) AS r_tie, round(1.5, 3) AS r3,
       round(1234.5678, -2) AS rneg;
 r0 | r_tie |  r3   | rneg 
----+-------+-------+------
  2 |     3 | 1.500 | 1200
(1 row)

SELECT trunc(1.6) AS t0, trunc(-1.6) AS tneg, trunc(1234.5678, 2) AS t2;
 t0 | tneg |   t2    
----+------+---------
  1 |   -1 | 1234.56
(1 row)

SELECT ceil(-1.5) AS c1, ceiling(1.1) AS c2, floor(-1.5) AS f1, floor(1.9) AS f2;
 c1 | c2 | f1 | f2 
----+----+----+----
 -1 |  2 | -2 |  1
(1 row)

SELECT sign(-2.3) AS s1, sign(0.0) AS s2, sign(4.2) AS s3;
 s1 | s2 | s3 
----+----+----
 -1 |  0 |  1
(1 row)

SELECT mod(11, 4.0) AS m1, mod(-5.5, 2) AS m2;
 m1  |  m2  
-----+------
 3.0 | -1.5
(1 row)

-- sqrt on numeric (correctly rounded) and its domain error; a numeric-typed
-- argument selects the numeric overload (an integer argument would resolve to
-- the float8 sqrt, as in PG)
SELECT sqrt(2.0) AS s2, sqrt(9.0) AS s9, sqrt(0.04) AS s04;
        s2         |        s9         |         s04         
-------------------+-------------------+---------------------
 1.414213562373095 | 3.000000000000000 | 0.20000000000000000
(1 row)

SELECT sqrt(-1::numeric);
ERROR:  cannot take square root of a negative number
-- transcendentals: ln / log / log(base, x) / exp, matching PG's result scale
SELECT ln(2.0) AS ln2, ln(0.5) AS ln_half, ln(100.0) AS ln100;
        ln2         |       ln_half       |       ln100        
--------------------+---------------------+--------------------
 0.6931471805599453 | -0.6931471805599453 | 4.6051701859880914
(1 row)

SELECT log(100.0) AS log100, log(2.0) AS log2, log(2.0, 8.0) AS log2_8;
       log100       |        log2        |       log2_8       
--------------------+--------------------+--------------------
 2.0000000000000000 | 0.3010299956639812 | 3.0000000000000000
(1 row)

SELECT exp(1.0) AS e, exp(0.0) AS one, exp(-1.0) AS e_inv;
         e          |        one         |       e_inv        
--------------------+--------------------+--------------------
 2.7182818284590452 | 1.0000000000000000 | 0.3678794411714423
(1 row)

-- ln domain errors (zero / negative)
SELECT ln(0.0);
ERROR:  cannot take logarithm of zero
SELECT ln(-1.0);
ERROR:  cannot take logarithm of a negative number
-- the ^ operator: numeric ^ numeric is numeric
SELECT 2.0 ^ 10 AS two_ten, 2.0 ^ 0.5 AS root2, 10 ^ 3.0 AS thousand;
      two_ten       |       root2        |      thousand      
--------------------+--------------------+--------------------
 1024.0000000000000 | 1.4142135623730950 | 1000.0000000000000
(1 row)

SELECT (-2.0) ^ 3 AS negcube;
       negcube       
---------------------
 -8.0000000000000000
(1 row)

SELECT power(2.0, 0.5) AS root2, power(2.0, -10) AS tiny;
       root2        |         tiny          
--------------------+-----------------------
 1.4142135623730950 | 0.0009765625000000000
(1 row)

-- error cases for power
SELECT 0.0 ^ (-1);
ERROR:  zero raised to a negative power is undefined
SELECT (-2.0) ^ 0.5;
ERROR:  a negative number raised to a non-integer power yields a complex result
-- special values: NaN and +/-Infinity arithmetic
SELECT 'NaN'::numeric + 1 AS nan_add, 'Infinity'::numeric - 'Infinity'::numeric AS inf_sub,
       'Infinity'::numeric + 1 AS inf_add, '-Infinity'::numeric * 2 AS neg_inf;
 nan_add | inf_sub | inf_add  |  neg_inf  
---------+---------+----------+-----------
     NaN |     NaN | Infinity | -Infinity
(1 row)

SELECT 'NaN'::numeric = 'NaN'::numeric AS nan_eq, 'Infinity'::numeric > 1e308 AS inf_gt;
 nan_eq | inf_gt 
--------+--------
 t      | t
(1 row)

-- special-value division / modulo: inf/inf and NaN/0 are NaN, but any /0 (even
-- with an infinite dividend) is an error
SELECT 'Infinity'::numeric / 'Infinity'::numeric AS inf_inf,
       'NaN'::numeric / 0 AS nan_zero, 'Infinity'::numeric / 2 AS inf_two;
 inf_inf | nan_zero | inf_two  
---------+----------+----------
     NaN |      NaN | Infinity
(1 row)

SELECT 'Infinity'::numeric / 0;
ERROR:  division by zero
SELECT 'Infinity'::numeric % 0;
ERROR:  division by zero
-- power with infinite operands
SELECT power(0.5, '-Infinity'::numeric) AS a, power('Infinity'::numeric, 2) AS b,
       power(2.0, '-Infinity'::numeric) AS c;
    a     |    b     | c 
----------+----------+---
 Infinity | Infinity | 0
(1 row)

-- an integer or float argument to sqrt/ln/log resolves to the float8 overload
-- (as in PG), while a numeric argument stays numeric
SELECT sqrt(2) AS int_sqrt, ln(100) AS int_ln, log(100) AS int_log,
       abs(-2.5::float8) AS f8_abs;
      int_sqrt      |      int_ln       | int_log | f8_abs 
--------------------+-------------------+---------+--------
 1.4142135623730951 | 4.605170185988092 |       2 |    2.5
(1 row)

-- NUMERIC(p,s) via cast: rounds to scale, and overflows the field with DETAIL
SELECT 1.005::numeric(5,2) AS rounded, 0.99994::numeric(4,4) AS fits;
 rounded |  fits  
---------+--------
    1.01 | 0.9999
(1 row)

SELECT 0.99995::numeric(4,4);
ERROR:  numeric field overflow
DETAIL:  A field with precision 4, scale 4 must round to an absolute value less than 1.
SELECT 12345.6::numeric(5,2);
ERROR:  numeric field overflow
DETAIL:  A field with precision 5, scale 2 must round to an absolute value less than 10^3.
SELECT 'Infinity'::numeric(4,4);
ERROR:  numeric field overflow
DETAIL:  A field with precision 4, scale 4 cannot hold an infinite value.
SELECT 'NaN'::numeric(4,4) AS nan_ok;
 nan_ok 
--------
    NaN
(1 row)

-- recovery after the errors above still works
SELECT 'still alive' AS status;
   status    
-------------
 still alive
(1 row)

