--
-- OIDVECTOR / INT2VECTOR
-- The two fixed-element-type vectors PostgreSQL uses in its own catalogs
-- (pg_proc.proargtypes, pg_index.indkey/indoption,
-- pg_partitioned_table.partattrs): input parsing, space-separated output,
-- 0-based subscripting, unnest, ordering, and storage.
--
-- The two types look alike but share almost no rules. Every asymmetry below
-- was derived by probing PostgreSQL 18.4:
--   * oidvector scans each element like C's strtoul(s, &end, 0), so hex and
--     octal spellings convert; int2vector is decimal-only.
--   * oidvector has no whitespace-delimited "token" -- each scan resumes where
--     the last stopped, so '08' is TWO elements; int2vector is token-based, so
--     '08' is the one element 8.
--   * oidvector separates on C's isspace (tab, vertical tab, ...);
--     int2vector separates on the space character alone.
--   * oidvector orders by element COUNT first (it has its own btoidvectorcmp
--     opclass); int2vector has none and orders element-wise.
-- Both quote a rejection through to the end of the whole input, and name the
-- *element* type -- oid or smallint, never oidvector.
--
-- The pg_input_is_valid / pg_input_error_info cases are ported from
-- vendor/postgres/regress/sql/oid.sql; the array-construction cases from
-- vendor/postgres/regress/sql/arrays.sql. The rest of both upstream files is
-- unrelated, so neither is on the promotion list in
-- suites/upstream_must_pass.txt.
--
-- Everything below matches PostgreSQL 18.4 byte for byte except the two
-- `oid[]` conversions at the end, both recorded in the expected output:
--   * `oidvector::oid[]` is accepted by PostgreSQL and yields a *0-based*
--     array, printing as `[0:1]={1,2}`. This build's array type has no
--     lower-bound concept, so rendering that as `{1,2}` would be a silently
--     different value; the cast is rejected instead.
--   * `oid[]::oidvector` is rejected by both, with the same message and
--     SQLSTATE, but this build omits PostgreSQL's `LINE 1: ... ^` caret --
--     `cannot cast type ...` is built without a span. That gap is shared by
--     every cast-context error here, not specific to these types.
--
-- Input: whitespace runs separate elements and are trimmed; empty is legal.
SELECT ' 1 2  4 '::oidvector;
 oidvector 
-----------
 1 2 4
(1 row)

SELECT ''::oidvector;
 oidvector 
-----------
 
(1 row)

SELECT ' 1  2   3 '::int2vector;
 int2vector 
------------
 1 2 3
(1 row)

SELECT ''::int2vector;
 int2vector 
------------
 
(1 row)

-- oidvector elements scan base-0, so hex/octal convert and a negative wraps
-- into the unsigned range, exactly as `oid` itself does.
SELECT '1 0x1f 010'::oidvector;
 oidvector 
-----------
 1 31 8
(1 row)

SELECT '-1'::oidvector;
 oidvector  
------------
 4294967295
(1 row)

SELECT '-2147483648 18446744073709551615'::oidvector;
       oidvector       
-----------------------
 2147483648 4294967295
(1 row)

-- oidvector resumes each scan where the last one stopped, so a trailing
-- character that itself converts simply begins the next element.
SELECT '08'::oidvector;
 oidvector 
-----------
 0 8
(1 row)

SELECT '1 08 9'::oidvector;
 oidvector 
-----------
 1 0 8 9
(1 row)

SELECT '1-2'::oidvector;
  oidvector   
--------------
 1 4294967294
(1 row)

SELECT '12+3'::oidvector;
 oidvector 
-----------
 12 3
(1 row)

-- int2vector is decimal-only, signed, and token-based: `010` is ten, not
-- eight, and `08` is one element rather than two.
SELECT '1 010'::int2vector;
 int2vector 
------------
 1 10
(1 row)

SELECT '08'::int2vector;
 int2vector 
------------
 8
(1 row)

SELECT '+5 -0 -32768 32767'::int2vector;
    int2vector    
------------------
 5 0 -32768 32767
(1 row)

SELECT '0x10'::int2vector;                      -- error
ERROR:  invalid input syntax for type smallint: "0x10"
LINE 1: SELECT '0x10'::int2vector;
               ^
SELECT '1-2'::int2vector;                       -- error
ERROR:  invalid input syntax for type smallint: "1-2"
LINE 1: SELECT '1-2'::int2vector;
               ^
-- Separator sets: oidvector takes any C isspace, int2vector only the space.
SELECT E'7\t8'::oidvector, E'7\x0b8'::oidvector, E'7\r8'::oidvector;
 oidvector | oidvector | oidvector 
-----------+-----------+-----------
 7 8       | 7 8       | 7 8
(1 row)

SELECT E'7\t8'::int2vector;                     -- error
ERROR:  invalid input syntax for type smallint: "7	8"
LINE 1: SELECT E'7\t8'::int2vector;
               ^
-- Malformed elements name the element type, not the vector type.
SELECT '01 01XYZ'::oidvector;                   -- error
ERROR:  invalid input syntax for type oid: "XYZ"
LINE 1: SELECT '01 01XYZ'::oidvector;
               ^
SELECT '1 34junk 9'::oidvector;                 -- error
ERROR:  invalid input syntax for type oid: "junk 9"
LINE 1: SELECT '1 34junk 9'::oidvector;
               ^
SELECT '1 ,2 3'::oidvector;                     -- error
ERROR:  invalid input syntax for type oid: ",2 3"
LINE 1: SELECT '1 ,2 3'::oidvector;
               ^
SELECT '1 5x 7'::int2vector;                    -- error
ERROR:  invalid input syntax for type smallint: "5x 7"
LINE 1: SELECT '1 5x 7'::int2vector;
               ^
-- Out-of-range elements are 22003, quoted from the element's first character.
-- int2vector scans the digit run and reports the range error BEFORE it looks at
-- any trailing garbage, so '99999abc' is 22003 while the in-range '5abc' is
-- still 22P02.
SELECT '01 9999999999'::oidvector;              -- error
ERROR:  value "9999999999" is out of range for type oid
LINE 1: SELECT '01 9999999999'::oidvector;
               ^
SELECT '1 -32769'::int2vector;                  -- error
ERROR:  value "-32769" is out of range for type smallint
LINE 1: SELECT '1 -32769'::int2vector;
               ^
SELECT '1 99999abc'::int2vector;                -- error
ERROR:  value "99999abc" is out of range for type smallint
LINE 1: SELECT '1 99999abc'::int2vector;
               ^
SELECT '1 5abc'::int2vector;                    -- error
ERROR:  invalid input syntax for type smallint: "5abc"
LINE 1: SELECT '1 5abc'::int2vector;
               ^
-- `oidin` is the same strtoul(base 0) acceptor as an oidvector element, so
-- these must agree with the single-element casts above.
SELECT '010'::oid, '0x1f'::oid, '-2147483648'::oid;
 oid | oid |    oid     
-----+-----+------------
   8 |  31 | 2147483648
(1 row)

SELECT '-2147483649'::oid;                      -- error
ERROR:  value "-2147483649" is out of range for type oid
LINE 1: SELECT '-2147483649'::oid;
               ^
SELECT '1abc'::oid;                             -- error
ERROR:  invalid input syntax for type oid: "1abc"
LINE 1: SELECT '1abc'::oid;
               ^
-- Soft input validation (ported from upstream oid.sql).
SELECT pg_input_is_valid(' 1 2  4 ', 'oidvector');
 pg_input_is_valid 
-------------------
 t
(1 row)

SELECT pg_input_is_valid('01 01XYZ', 'oidvector');
 pg_input_is_valid 
-------------------
 f
(1 row)

SELECT * FROM pg_input_error_info('01 01XYZ', 'oidvector');
                 message                  | detail | hint | sql_error_code 
------------------------------------------+--------+------+----------------
 invalid input syntax for type oid: "XYZ" |        |      | 22P02
(1 row)

SELECT pg_input_is_valid('01 9999999999', 'oidvector');
 pg_input_is_valid 
-------------------
 f
(1 row)

SELECT * FROM pg_input_error_info('01 9999999999', 'oidvector');
                     message                     | detail | hint | sql_error_code 
-------------------------------------------------+--------+------+----------------
 value "9999999999" is out of range for type oid |        |      | 22003
(1 row)

SELECT * FROM pg_input_error_info('1 5x 7', 'int2vector');
                    message                     | detail | hint | sql_error_code 
------------------------------------------------+--------+------+----------------
 invalid input syntax for type smallint: "5x 7" |        |      | 22P02
(1 row)

-- Subscripting is 0-based, unlike an array; out of range is NULL, not an error.
SELECT ('11 22 33'::oidvector)[0];
 oidvector 
-----------
        11
(1 row)

SELECT ('11 22 33'::oidvector)[2];
 oidvector 
-----------
        33
(1 row)

SELECT ('11 22 33'::oidvector)[3] IS NULL;
 ?column? 
----------
 t
(1 row)

SELECT ('11 22 33'::oidvector)[-1] IS NULL;
 ?column? 
----------
 t
(1 row)

-- A NULL base still evaluates the subscript expression, so an error there is
-- raised rather than short-circuited away to NULL. Covers arrays too, since
-- both share the Subscript evaluation.
SELECT (NULL::oidvector)[1/0];                  -- error
ERROR:  division by zero
SELECT (NULL::int[])[1/0];                      -- error
ERROR:  division by zero
SELECT (NULL::oidvector)[0] IS NULL;
 ?column? 
----------
 t
(1 row)

-- unnest expands to the element type.
SELECT unnest('11 22 33'::oidvector);
 unnest 
--------
     11
     22
     33
(3 rows)

SELECT unnest('11 22 33'::int2vector);
 unnest 
--------
     11
     22
     33
(3 rows)

-- The size-reporting anyarray functions accept a vector, and report the bounds
-- of a dimension that starts at 0: array_upper is one less than the length, and
-- an empty vector still *has* the dimension, so its length is 0 rather than the
-- NULL an empty array answers.
SELECT array_length('11 22 33'::oidvector, 1),
       array_upper('11 22 33'::oidvector, 1),
       cardinality('11 22 33'::oidvector);
 array_length | array_upper | cardinality 
--------------+-------------+-------------
            3 |           2 |           3
(1 row)

SELECT array_length('1 2'::int2vector, 1),
       array_upper('1 2'::int2vector, 1),
       cardinality('1 2'::int2vector);
 array_length | array_upper | cardinality 
--------------+-------------+-------------
            2 |           1 |           2
(1 row)

SELECT array_length(''::oidvector, 1),
       array_upper(''::oidvector, 1),
       cardinality(''::int2vector);
 array_length | array_upper | cardinality 
--------------+-------------+-------------
            0 |          -1 |           0
(1 row)

SELECT array_length('{}'::int[], 1) AS empty_array_is_null;
 empty_array_is_null 
---------------------
                    
(1 row)

-- Vectors are one-dimensional, so no other dimension answers; and all three are
-- STRICT.
SELECT array_length('11 22'::oidvector, 2) IS NULL AS dim2,
       array_upper('11 22'::oidvector, 0) IS NULL AS dim0,
       array_length(NULL::oidvector, 1) IS NULL AS null_vector,
       array_length('11 22'::oidvector, NULL) IS NULL AS null_dim,
       cardinality(NULL::int2vector) IS NULL AS null_cardinality;
 dim2 | dim0 | null_vector | null_dim | null_cardinality 
------+------+-------------+----------+------------------
 t    | t    | t           | t        | t
(1 row)

-- The catalog's own vector columns, which is where a client meets these.
SELECT proname, array_length(proargtypes, 1), array_upper(proargtypes, 1)
  FROM pg_proc WHERE proname IN ('bthandler', 'array_agg_transfn') ORDER BY proname;
      proname      | array_length | array_upper 
-------------------+--------------+-------------
 array_agg_transfn |            2 |           1
 bthandler         |            1 |           0
(2 rows)

-- Ordering. At equal length both kinds compare element-wise, and a common
-- prefix puts the shorter one first.
SELECT '1 2'::oidvector = '1 2'::oidvector;
 ?column? 
----------
 t
(1 row)

SELECT '1 2'::oidvector < '1 3'::oidvector;
 ?column? 
----------
 t
(1 row)

SELECT '1'::oidvector < '1 2'::oidvector;
 ?column? 
----------
 t
(1 row)

SELECT '2 0'::oidvector < '1 9'::oidvector;
 ?column? 
----------
 f
(1 row)

-- At unequal length the two kinds disagree: oidvector compares the element
-- count first, int2vector compares elements first.
SELECT '2'::oidvector < '1 1'::oidvector;
 ?column? 
----------
 t
(1 row)

SELECT '2'::int2vector < '1 1'::int2vector;
 ?column? 
----------
 f
(1 row)

SELECT v FROM (VALUES ('9 8'::oidvector), ('1 1 1'::oidvector), ('7'::oidvector)) t(v)
  ORDER BY v;
   v   
-------
 7
 9 8
 1 1 1
(3 rows)

SELECT v FROM (VALUES ('9 8'::int2vector), ('1 1 1'::int2vector), ('7'::int2vector)) t(v)
  ORDER BY v;
   v   
-------
 1 1 1
 7
 9 8
(3 rows)

-- min/max do NOT use the btree ordering: PG resolves them through the
-- polymorphic min(anyarray)/max(anyarray), which compare element-wise, so for
-- oidvector the aggregates and ORDER BY deliberately disagree.
SELECT max(v), min(v) FROM (VALUES ('9 8'::oidvector), ('1 1 1'::oidvector)) t(v);
 max |  min  
-----+-------
 9 8 | 1 1 1
(1 row)

SELECT max(v), min(v) FROM (VALUES ('9 8'::int2vector), ('1 1 1'::int2vector)) t(v);
 max |  min  
-----+-------
 9 8 | 1 1 1
(1 row)

-- Treated as a scalar for array construction: this is an array *of vectors*,
-- not a flattened oid[] (ported from upstream arrays.sql).
SELECT array['11 22 33'::oidvector];
    array     
--------------
 {"11 22 33"}
(1 row)

SELECT array['11 22 33'::int2vector];
    array     
--------------
 {"11 22 33"}
(1 row)

-- Neither conversion to oid[] is available; see the header.
SELECT '{1,2}'::oid[]::oidvector;               -- error
ERROR:  cannot cast type oid[] to oidvector
SELECT '1 2'::oidvector::oid[];                 -- error
ERROR:  cannot cast type oidvector to oid[]
-- Storage, ordering and dedup through a real table column.
CREATE TABLE vectbl (id int, v oidvector, w int2vector);
INSERT INTO vectbl VALUES (1, '11 22 33', '1 2'), (2, '11 22', '3'), (3, '11 22 33', '1 2');
SELECT id, v, w FROM vectbl ORDER BY id;
 id |    v     |  w  
----+----------+-----
  1 | 11 22 33 | 1 2
  2 | 11 22    | 3
  3 | 11 22 33 | 1 2
(3 rows)

SELECT v FROM vectbl ORDER BY v, id;
    v     
----------
 11 22
 11 22 33
 11 22 33
(3 rows)

SELECT DISTINCT v FROM vectbl ORDER BY v;
    v     
----------
 11 22
 11 22 33
(2 rows)

SELECT v, count(*) FROM vectbl GROUP BY v ORDER BY v;
    v     | count 
----------+-------
 11 22    |     1
 11 22 33 |     2
(2 rows)

DROP TABLE vectbl;
-- The catalog columns that are really vectors.
CREATE TABLE vecidx (a int, b int, PRIMARY KEY (b, a));
SELECT indkey, indoption FROM pg_index i
  JOIN pg_class c ON c.oid = i.indrelid WHERE c.relname = 'vecidx';
 indkey | indoption 
--------+-----------
 2 1    | 0 0
(1 row)

DROP TABLE vecidx;
