--
-- RANGE partitioning (initial slice: DDL + catalog reflection)
-- Declare a RANGE-partitioned parent and attach leaf partitions, then reflect
-- them through pg_class (relkind='p' parent, relispartition partitions),
-- pg_inherits, and pg_partitioned_table. A row goes into a partition directly.
--
-- crabgresql does not route rows or scan partitions through the parent yet, so
-- INSERT/SELECT on the parent are rejected with SQLSTATE 0A000 — a deliberate,
-- honest limitation that diverges from PostgreSQL (which would succeed). Every
-- other statement's output is hand-checked against PostgreSQL (psql -a -q).
--
CREATE TABLE sales (id integer, sold date, amount integer) PARTITION BY RANGE (sold);
CREATE TABLE sales_2023 PARTITION OF sales FOR VALUES FROM ('2023-01-01') TO ('2024-01-01');
CREATE TABLE sales_2024 PARTITION OF sales FOR VALUES FROM ('2024-01-01') TO ('2025-01-01');
-- The parent is relkind='p' (partitioned) with relispartition='f'; each leaf is
-- an ordinary heap (relkind='r') with relispartition='t'.
SELECT relname, relkind, relispartition FROM pg_class
  WHERE relname LIKE 'sales%' ORDER BY relname;
  relname   | relkind | relispartition 
------------+---------+----------------
 sales      | p       | f
 sales_2023 | r       | t
 sales_2024 | r       | t
(3 rows)

-- The partition key: RANGE ('r') over one column, the 2nd attribute (sold).
SELECT partstrat, partnatts, partattrs FROM pg_partitioned_table;
 partstrat | partnatts | partattrs 
-----------+-----------+-----------
 r         |         1 | 2
(1 row)

-- pg_inherits links each partition to its parent.
SELECT c.relname AS partition, p.relname AS parent
  FROM pg_inherits i
  JOIN pg_class c ON c.oid = i.inhrelid
  JOIN pg_class p ON p.oid = i.inhparent
  ORDER BY 1;
 partition  | parent 
------------+--------
 sales_2023 | sales
 sales_2024 | sales
(2 rows)

-- information_schema reports a partitioned parent as a BASE TABLE.
SELECT table_name, table_type FROM information_schema.tables
  WHERE table_name LIKE 'sales%' ORDER BY table_name;
 table_name | table_type 
------------+------------
 sales      | BASE TABLE
 sales_2023 | BASE TABLE
 sales_2024 | BASE TABLE
(3 rows)

-- A partition is an ordinary table: rows insert into and select from it directly.
INSERT INTO sales_2024 VALUES (1, '2024-06-01', 100);
SELECT * FROM sales_2024;
 id |    sold    | amount 
----+------------+--------
  1 | 2024-06-01 |    100
(1 row)

-- Routing an INSERT through the parent is not supported yet (0A000).
INSERT INTO sales VALUES (2, '2023-03-01', 50);
ERROR:  access to partitioned table "sales" is not supported yet
-- Scanning the parent (union over partitions) is not supported yet (0A000).
SELECT * FROM sales;
ERROR:  access to partitioned table "sales" is not supported yet
-- An unbounded (MINVALUE/MAXVALUE) RANGE bound is accepted.
CREATE TABLE sales_early PARTITION OF sales FOR VALUES FROM (MINVALUE) TO ('2023-01-01');
-- Overlapping a sibling's range is rejected (42P17).
CREATE TABLE sales_dup PARTITION OF sales FOR VALUES FROM ('2024-06-01') TO ('2024-07-01');
ERROR:  partition "sales_dup" would overlap partition "sales_2024"
-- An empty range (lower >= upper) is rejected (42P17).
CREATE TABLE sales_empty PARTITION OF sales FOR VALUES FROM ('2025-01-01') TO ('2024-01-01');
ERROR:  empty range bound specified for partition "sales_empty"
-- LIST/HASH strategies are not supported yet (0A000).
CREATE TABLE by_list (id integer) PARTITION BY LIST (id);
ERROR:  LIST partitioning is not supported yet
-- PARTITION OF a table that is not partitioned is rejected (42809).
CREATE TABLE plain (id integer);
CREATE TABLE plain_part PARTITION OF plain FOR VALUES FROM (1) TO (2);
ERROR:  "plain" is not partitioned
-- Clean up. A partition is dropped like any table; the parent is dropped last.
DROP TABLE sales_2023;
DROP TABLE sales_2024;
DROP TABLE sales_early;
DROP TABLE sales;
DROP TABLE plain;
