--
-- pg_catalog coverage, wave 1
-- The relations psql and pg_dump join against that this build did not serve:
-- the feature stubs (triggers, RLS, publications, extended statistics, foreign
-- data), the per-relkind views over pg_class (pg_tables/pg_views/pg_indexes/
-- pg_sequences), pg_rewrite, and the extension trio.
--
-- The stubs are empty because the feature does not exist here — and PostgreSQL
-- answers zero rows for the same query on a database nobody used that feature
-- in, so this file's expected output is the same on both servers. Generated
-- with psql -q -a against PostgreSQL 18.4.
--
CREATE TABLE cw_t (a int NOT NULL, b text, PRIMARY KEY (a));
CREATE INDEX cw_t_b_idx ON cw_t (b DESC);
CREATE SEQUENCE cw_fresh;
CREATE SEQUENCE cw_used START 5;
SELECT nextval('cw_used');
 nextval 
---------
       5
(1 row)

CREATE VIEW cw_v AS SELECT a, b FROM cw_t WHERE a > 1;
-- The per-relkind views. tablespace is NULL (the default tablespace), and
-- hasrules/hastriggers/rowsecurity agree with the pg_class flags.
SELECT schemaname, tablename, hasindexes, hasrules, hastriggers, rowsecurity
  FROM pg_tables WHERE tablename LIKE 'cw\_%' ORDER BY tablename;
 schemaname | tablename | hasindexes | hasrules | hastriggers | rowsecurity 
------------+-----------+------------+----------+-------------+-------------
 public     | cw_t      | t          | f        | f           | f
(1 row)

SELECT schemaname, viewname, definition FROM pg_views WHERE viewname = 'cw_v';
 schemaname | viewname |    definition    
------------+----------+------------------
 public     | cw_v     |  SELECT a,      +
            |          |     b           +
            |          |    FROM cw_t    +
            |          |   WHERE (a > 1);
(1 row)

-- indexdef is rendered by the same code pg_get_indexdef uses, so the view and
-- the function cannot disagree about an index.
SELECT tablename, indexname, tablespace, indexdef
  FROM pg_indexes WHERE tablename = 'cw_t' ORDER BY indexname;
 tablename | indexname  | tablespace |                           indexdef                           
-----------+------------+------------+--------------------------------------------------------------
 cw_t      | cw_t_b_idx |            | CREATE INDEX cw_t_b_idx ON public.cw_t USING btree (b DESC)
 cw_t      | cw_t_pkey  |            | CREATE UNIQUE INDEX cw_t_pkey ON public.cw_t USING btree (a)
(2 rows)

SELECT indexname, indexdef = pg_get_indexdef(c.oid) AS view_matches_function
  FROM pg_indexes i JOIN pg_class c ON c.relname = i.indexname
 WHERE i.tablename = 'cw_t' ORDER BY indexname;
 indexname  | view_matches_function 
------------+-----------------------
 cw_t_b_idx | t
 cw_t_pkey  | t
(2 rows)

-- last_value is NULL until the sequence has been read from: a fresh sequence
-- and one that has handed out its start value hold the same counter.
SELECT schemaname, sequencename, data_type, start_value, increment_by, cycle,
       cache_size, last_value
  FROM pg_sequences WHERE sequencename LIKE 'cw\_%' ORDER BY sequencename;
 schemaname | sequencename | data_type | start_value | increment_by | cycle | cache_size | last_value 
------------+--------------+-----------+-------------+--------------+-------+------------+------------
 public     | cw_fresh     | bigint    |           1 |            1 | f     |          1 |           
 public     | cw_used      | bigint    |           5 |            1 | f     |          1 |          5
(2 rows)

-- Every view carries a _RETURN rule, which is where its body is stored.
-- ev_action itself is not compared: PostgreSQL stores a serialized node tree
-- there and this build stores the deparsed SQL (the model every pg_node_tree
-- column here uses), so the two never render alike. What has to agree is that
-- the rule exists, carries a body, and that the body is the view definition —
-- which pg_get_viewdef reads back on both servers.
SELECT rulename, ev_type, ev_enabled, is_instead, ev_qual,
       ev_action IS NOT NULL AS has_action
  FROM pg_rewrite WHERE ev_class = 'cw_v'::regclass;
 rulename | ev_type | ev_enabled | is_instead | ev_qual | has_action 
----------+---------+------------+------------+---------+------------
 _RETURN  | 1       | O          | t          | <>      | t
(1 row)

SELECT pg_get_viewdef('cw_v') = (SELECT definition FROM pg_views WHERE viewname = 'cw_v')
         AS viewdef_matches_pg_views;
 viewdef_matches_pg_views 
--------------------------
 t
(1 row)

-- pg_get_indexdef's per-column form: a key by number, bare; past the end is the
-- empty string, and an OID no index answers to is NULL.
SELECT pg_get_indexdef(c.oid, 1, true) AS key1,
       pg_get_indexdef(c.oid, 9, true) = '' AS past_end,
       pg_get_indexdef(0) IS NULL AS unknown_oid
  FROM pg_class c WHERE c.relname = 'cw_t_b_idx';
 key1 | past_end | unknown_oid 
------+----------+-------------
 b    | t        | t
(1 row)

-- pg_partition_ancestors: the relation itself then each partitioned parent. A
-- relation that is neither a partition nor partitioned yields NO rows.
CREATE TABLE cw_p (a int) PARTITION BY RANGE (a);
CREATE TABLE cw_p1 PARTITION OF cw_p FOR VALUES FROM (0) TO (10);
SELECT relid FROM pg_partition_ancestors('cw_p1');
 relid 
-------
 cw_p1
 cw_p
(2 rows)

SELECT count(*) AS plain_table_rows FROM pg_partition_ancestors('cw_t');
 plain_table_rows 
------------------
                0
(1 row)

-- The one extension, which really is installed.
SELECT extname, extnamespace, extrelocatable, extversion FROM pg_extension;
 extname | extnamespace | extrelocatable | extversion 
---------+--------------+----------------+------------
 plpgsql |           11 | f              | 1.0
(1 row)

-- Filtered to the one this build has: a PostgreSQL install offers whatever is
-- in SHAREDIR/extension, and there is no such directory here.
SELECT name, default_version, installed_version FROM pg_available_extensions WHERE name = 'plpgsql';
  name   | default_version | installed_version 
---------+-----------------+-------------------
 plpgsql | 1.0             | 1.0
(1 row)

SELECT name, version, installed, relocatable, schema FROM pg_available_extension_versions WHERE name = 'plpgsql';
  name   | version | installed | relocatable |   schema   
---------+---------+-----------+-------------+------------
 plpgsql | 1.0     | t         | f           | pg_catalog
(1 row)

-- psql's \dx reads its Description column from pg_description, not from
-- pg_available_extensions.comment. The extension's row is one of the ~640 this
-- build publishes (PostgreSQL carries ~5400, the rest of them describing
-- catalogs this build does not serve, which is why the relation is not counted
-- here), and it matches.
SELECT objsubid, description FROM pg_description
 WHERE classoid = 'pg_extension'::regclass
   AND objoid = (SELECT oid FROM pg_extension WHERE extname = 'plpgsql');
 objsubid |         description          
----------+------------------------------
        0 | PL/pgSQL procedural language
(1 row)

-- The stubs. Each is empty because the feature it describes does not exist.
SELECT count(*) AS pg_trigger FROM pg_trigger;
 pg_trigger 
------------
          0
(1 row)

SELECT count(*) AS pg_policy FROM pg_policy;
 pg_policy 
-----------
         0
(1 row)

SELECT count(*) AS pg_policies FROM pg_policies;
 pg_policies 
-------------
           0
(1 row)

SELECT count(*) AS pg_publication FROM pg_publication;
 pg_publication 
----------------
              0
(1 row)

SELECT count(*) AS pg_publication_rel FROM pg_publication_rel;
 pg_publication_rel 
--------------------
                  0
(1 row)

SELECT count(*) AS pg_publication_namespace FROM pg_publication_namespace;
 pg_publication_namespace 
--------------------------
                        0
(1 row)

SELECT count(*) AS pg_publication_tables FROM pg_publication_tables;
 pg_publication_tables 
-----------------------
                     0
(1 row)

SELECT count(*) AS pg_statistic_ext FROM pg_statistic_ext;
 pg_statistic_ext 
------------------
                0
(1 row)

SELECT count(*) AS pg_statistic_ext_data FROM pg_statistic_ext_data;
 pg_statistic_ext_data 
-----------------------
                     0
(1 row)

SELECT count(*) AS pg_stats_ext FROM pg_stats_ext;
 pg_stats_ext 
--------------
            0
(1 row)

SELECT count(*) AS pg_stats_ext_exprs FROM pg_stats_ext_exprs;
 pg_stats_ext_exprs 
--------------------
                  0
(1 row)

SELECT count(*) AS pg_foreign_table FROM pg_foreign_table;
 pg_foreign_table 
------------------
                0
(1 row)

SELECT count(*) AS pg_foreign_server FROM pg_foreign_server;
 pg_foreign_server 
-------------------
                 0
(1 row)

SELECT count(*) AS pg_foreign_data_wrapper FROM pg_foreign_data_wrapper;
 pg_foreign_data_wrapper 
-------------------------
                       0
(1 row)

SELECT count(*) AS pg_user_mapping FROM pg_user_mapping;
 pg_user_mapping 
-----------------
               0
(1 row)

SELECT count(*) AS pg_user_mappings FROM pg_user_mappings;
 pg_user_mappings 
------------------
                0
(1 row)

SELECT count(*) AS pg_matviews FROM pg_matviews;
 pg_matviews 
-------------
           0
(1 row)

-- pg_rules is deliberately absent: PostgreSQL ships two rows for its own system
-- views on a fresh cluster, and this build serves none, so the two disagree by
-- construction rather than by a bug worth pinning here.
DROP VIEW cw_v;
DROP TABLE cw_p1;
DROP TABLE cw_p;
DROP TABLE cw_t;
DROP SEQUENCE cw_fresh;
DROP SEQUENCE cw_used;
