--
-- pg_catalog coverage, wave A: the relations whose subsystem does not exist
-- here — command progress, replication, privileges and security labels, large
-- objects, event triggers, transforms, range types, two-phase commit.
--
-- Every one of them is empty, and on a PostgreSQL nobody used those features in
-- the answer is the same, so this file's expected output was generated with
-- psql -q -a against PostgreSQL 18.4 and holds for both servers.
--
-- Two things are checked per relation. `select *` pins the column names and
-- their order: that is what a client reads out of the row description, and it
-- is visible even with no rows. The `where` clauses below pin the column
-- *types*: a predicate compares a column against a literal of the declared
-- type, so a column typed text where PostgreSQL says pg_lsn would fail to bind
-- instead of quietly answering zero. (pg_attribute cannot be asked here — this
-- build reflects only user relations into it, not the catalogs themselves.)
--
-- Progress views. Empty in PostgreSQL too unless the command is running right
-- now, which is why a stub is a correct answer and not a placeholder.
SELECT * FROM pg_stat_progress_analyze;
 pid | datid | datname | relid | phase | sample_blks_total | sample_blks_scanned | ext_stats_total | ext_stats_computed | child_tables_total | child_tables_done | current_child_table_relid | delay_time 
-----+-------+---------+-------+-------+-------------------+---------------------+-----------------+--------------------+--------------------+-------------------+---------------------------+------------
(0 rows)

SELECT * FROM pg_stat_progress_basebackup;
 pid | phase | backup_total | backup_streamed | tablespaces_total | tablespaces_streamed 
-----+-------+--------------+-----------------+-------------------+----------------------
(0 rows)

SELECT * FROM pg_stat_progress_cluster;
 pid | datid | datname | relid | command | phase | cluster_index_relid | heap_tuples_scanned | heap_tuples_written | heap_blks_total | heap_blks_scanned | index_rebuild_count 
-----+-------+---------+-------+---------+-------+---------------------+---------------------+---------------------+-----------------+-------------------+---------------------
(0 rows)

SELECT * FROM pg_stat_progress_copy;
 pid | datid | datname | relid | command | type | bytes_processed | bytes_total | tuples_processed | tuples_excluded | tuples_skipped 
-----+-------+---------+-------+---------+------+-----------------+-------------+------------------+-----------------+----------------
(0 rows)

SELECT * FROM pg_stat_progress_create_index;
 pid | datid | datname | relid | index_relid | command | phase | lockers_total | lockers_done | current_locker_pid | blocks_total | blocks_done | tuples_total | tuples_done | partitions_total | partitions_done 
-----+-------+---------+-------+-------------+---------+-------+---------------+--------------+--------------------+--------------+-------------+--------------+-------------+------------------+-----------------
(0 rows)

SELECT * FROM pg_stat_progress_vacuum;
 pid | datid | datname | relid | phase | heap_blks_total | heap_blks_scanned | heap_blks_vacuumed | index_vacuum_count | max_dead_tuple_bytes | dead_tuple_bytes | num_dead_item_ids | indexes_total | indexes_processed | delay_time 
-----+-------+---------+-------+-------+-----------------+-------------------+--------------------+--------------------+----------------------+------------------+-------------------+---------------+-------------------+------------
(0 rows)

SELECT (SELECT count(*) FROM pg_stat_progress_analyze
          WHERE pid = 0 AND datid = 0 AND datname = 'x'
            AND sample_blks_total > 0 AND delay_time > 0.0) AS analyze_typed,
       (SELECT count(*) FROM pg_stat_progress_basebackup
          WHERE pid = 0 AND phase = 'x' AND backup_streamed > 0) AS basebackup_typed,
       (SELECT count(*) FROM pg_stat_progress_cluster
          WHERE relid = 0 AND command = 'x' AND heap_tuples_scanned > 0) AS cluster_typed,
       (SELECT count(*) FROM pg_stat_progress_copy
          WHERE relid = 0 AND type = 'x' AND tuples_processed > 0) AS copy_typed,
       (SELECT count(*) FROM pg_stat_progress_create_index
          WHERE index_relid = 0 AND current_locker_pid > 0
            AND partitions_done > 0) AS create_index_typed,
       (SELECT count(*) FROM pg_stat_progress_vacuum
          WHERE relid = 0 AND phase = 'x' AND dead_tuple_bytes > 0
            AND delay_time > 0.0) AS vacuum_typed;
 analyze_typed | basebackup_typed | cluster_typed | copy_typed | create_index_typed | vacuum_typed 
---------------+------------------+---------------+------------+--------------------+--------------
             0 |                0 |             0 |          0 |                  0 |            0
(1 row)

-- Replication. One server, no slots, nothing streaming: the WAL this build
-- writes is for crash recovery, so there is no LSN here to report.
SELECT * FROM pg_replication_origin;
 roident | roname 
---------+--------
(0 rows)

SELECT * FROM pg_replication_origin_status;
 local_id | external_id | remote_lsn | local_lsn 
----------+-------------+------------+-----------
(0 rows)

SELECT * FROM pg_replication_slots;
 slot_name | plugin | slot_type | datoid | database | temporary | active | active_pid | xmin | catalog_xmin | restart_lsn | confirmed_flush_lsn | wal_status | safe_wal_size | two_phase | two_phase_at | inactive_since | conflicting | invalidation_reason | failover | synced 
-----------+--------+-----------+--------+----------+-----------+--------+------------+------+--------------+-------------+---------------------+------------+---------------+-----------+--------------+----------------+-------------+---------------------+----------+--------
(0 rows)

SELECT * FROM pg_stat_replication;
 pid | usesysid | usename | application_name | client_addr | client_hostname | client_port | backend_start | backend_xmin | state | sent_lsn | write_lsn | flush_lsn | replay_lsn | write_lag | flush_lag | replay_lag | sync_priority | sync_state | reply_time 
-----+----------+---------+------------------+-------------+-----------------+-------------+---------------+--------------+-------+----------+-----------+-----------+------------+-----------+-----------+------------+---------------+------------+------------
(0 rows)

SELECT * FROM pg_stat_replication_slots;
 slot_name | spill_txns | spill_count | spill_bytes | stream_txns | stream_count | stream_bytes | total_txns | total_bytes | stats_reset 
-----------+------------+-------------+-------------+-------------+--------------+--------------+------------+-------------+-------------
(0 rows)

SELECT * FROM pg_stat_subscription;
 subid | subname | worker_type | pid | leader_pid | relid | received_lsn | last_msg_send_time | last_msg_receipt_time | latest_end_lsn | latest_end_time 
-------+---------+-------------+-----+------------+-------+--------------+--------------------+-----------------------+----------------+-----------------
(0 rows)

SELECT * FROM pg_stat_subscription_stats;
 subid | subname | apply_error_count | sync_error_count | confl_insert_exists | confl_update_origin_differs | confl_update_exists | confl_update_missing | confl_delete_origin_differs | confl_delete_missing | confl_multiple_unique_conflicts | stats_reset 
-------+---------+-------------------+------------------+---------------------+-----------------------------+---------------------+----------------------+-----------------------------+----------------------+---------------------------------+-------------
(0 rows)

SELECT * FROM pg_stat_wal_receiver;
 pid | status | receive_start_lsn | receive_start_tli | written_lsn | flushed_lsn | received_tli | last_msg_send_time | last_msg_receipt_time | latest_end_lsn | latest_end_time | slot_name | sender_host | sender_port | conninfo 
-----+--------+-------------------+-------------------+-------------+-------------+--------------+--------------------+-----------------------+----------------+-----------------+-----------+-------------+-------------+----------
(0 rows)

SELECT * FROM pg_subscription;
 oid | subdbid | subskiplsn | subname | subowner | subenabled | subbinary | substream | subtwophasestate | subdisableonerr | subpasswordrequired | subrunasowner | subfailover | subconninfo | subslotname | subsynccommit | subpublications | suborigin 
-----+---------+------------+---------+----------+------------+-----------+-----------+------------------+-----------------+---------------------+---------------+-------------+-------------+-------------+---------------+-----------------+-----------
(0 rows)

SELECT * FROM pg_subscription_rel;
 srsubid | srrelid | srsubstate | srsublsn 
---------+---------+------------+----------
(0 rows)

SELECT (SELECT count(*) FROM pg_replication_origin
          WHERE roident = 0 AND roname = 'x') AS origin_typed,
       (SELECT count(*) FROM pg_replication_origin_status
          WHERE local_id = 0 AND remote_lsn > '0/0'::pg_lsn) AS origin_status_typed,
       (SELECT count(*) FROM pg_replication_slots
          WHERE slot_name = 'x' AND temporary AND active_pid = 0
            AND xmin = '1'::xid AND restart_lsn > '0/0'::pg_lsn
            AND safe_wal_size > 0
            AND inactive_since > '2000-01-01'::timestamptz) AS slots_typed,
       (SELECT count(*) FROM pg_stat_replication
          WHERE usesysid = 0 AND client_addr = '127.0.0.1'::inet
            AND backend_xmin = '1'::xid AND sent_lsn > '0/0'::pg_lsn
            AND write_lag > '1 second'::interval
            AND reply_time > '2000-01-01'::timestamptz) AS stat_replication_typed,
       (SELECT count(*) FROM pg_stat_replication_slots
          WHERE slot_name = 'x' AND total_bytes > 0) AS slot_stats_typed;
 origin_typed | origin_status_typed | slots_typed | stat_replication_typed | slot_stats_typed 
--------------+---------------------+-------------+------------------------+------------------
            0 |                   0 |           0 |                      0 |                0
(1 row)

SELECT (SELECT count(*) FROM pg_stat_subscription
          WHERE subid = 0 AND subname = 'x' AND leader_pid = 0
            AND received_lsn > '0/0'::pg_lsn) AS subscription_typed,
       (SELECT count(*) FROM pg_stat_subscription_stats
          WHERE subid = 0 AND confl_multiple_unique_conflicts > 0) AS sub_stats_typed,
       (SELECT count(*) FROM pg_stat_wal_receiver
          WHERE receive_start_tli = 0 AND written_lsn > '0/0'::pg_lsn
            AND conninfo = 'x') AS wal_receiver_typed,
       (SELECT count(*) FROM pg_subscription
          WHERE subdbid = 0 AND subskiplsn > '0/0'::pg_lsn AND subenabled
            AND substream = 'f' AND subpublications = '{a}'::text[]) AS subscription_cat_typed,
       (SELECT count(*) FROM pg_subscription_rel
          WHERE srrelid = 0 AND srsubstate = 'r'
            AND srsublsn > '0/0'::pg_lsn) AS subscription_rel_typed;
 subscription_typed | sub_stats_typed | wal_receiver_typed | subscription_cat_typed | subscription_rel_typed 
--------------------+-----------------+--------------------+------------------------+------------------------
                  0 |               0 |                  0 |                      0 |                      0
(1 row)

-- Privileges and labels. No GRANT, no SECURITY LABEL, no ALTER ROLE ... SET.
SELECT * FROM pg_default_acl;
 oid | defaclrole | defaclnamespace | defaclobjtype | defaclacl 
-----+------------+-----------------+---------------+-----------
(0 rows)

SELECT * FROM pg_parameter_acl;
 oid | parname | paracl 
-----+---------+--------
(0 rows)

SELECT * FROM pg_shdepend;
 dbid | classid | objid | objsubid | refclassid | refobjid | deptype 
------+---------+-------+----------+------------+----------+---------
(0 rows)

SELECT * FROM pg_seclabel;
 objoid | classoid | objsubid | provider | label 
--------+----------+----------+----------+-------
(0 rows)

SELECT * FROM pg_shseclabel;
 objoid | classoid | provider | label 
--------+----------+----------+-------
(0 rows)

SELECT * FROM pg_seclabels;
 objoid | classoid | objsubid | objtype | objnamespace | objname | provider | label 
--------+----------+----------+---------+--------------+---------+----------+-------
(0 rows)

SELECT * FROM pg_db_role_setting;
 setdatabase | setrole | setconfig 
-------------+---------+-----------
(0 rows)

SELECT (SELECT count(*) FROM pg_default_acl
          WHERE defaclnamespace = 0 AND defaclobjtype = 'r') AS default_acl_typed,
       (SELECT count(*) FROM pg_parameter_acl WHERE parname = 'x') AS parameter_acl_typed,
       (SELECT count(*) FROM pg_shdepend
          WHERE dbid = 0 AND objsubid = 0 AND deptype = 'o') AS shdepend_typed,
       (SELECT count(*) FROM pg_seclabel
          WHERE objsubid = 0 AND provider = 'x' AND label = 'y') AS seclabel_typed,
       (SELECT count(*) FROM pg_shseclabel
          WHERE classoid = 0 AND provider = 'x') AS shseclabel_typed,
       (SELECT count(*) FROM pg_seclabels
          WHERE objnamespace = 0 AND objtype = 'x') AS seclabels_typed,
       (SELECT count(*) FROM pg_db_role_setting
          WHERE setrole = 0 AND setconfig = '{a=b}'::text[]) AS db_role_setting_typed;
 default_acl_typed | parameter_acl_typed | shdepend_typed | seclabel_typed | shseclabel_typed | seclabels_typed | db_role_setting_typed 
-------------------+---------------------+----------------+----------------+------------------+-----------------+-----------------------
                 0 |                   0 |              0 |              0 |                0 |               0 |                     0
(1 row)

-- Three of wave A are NOT empty on a stock PostgreSQL, so `select *` would
-- diverge and only the column names are pinned, under a predicate that is empty
-- on both servers. pg_init_privs holds ~228 rows there — the initial ACL of
-- every system catalog; this build serves its catalogs from a registry rather
-- than reflecting them into pg_class, so no such object exists to record.
SELECT objoid, classoid, objsubid, privtype, initprivs
  FROM pg_init_privs WHERE privtype = 'x';
 objoid | classoid | objsubid | privtype | initprivs 
--------+----------+----------+----------+-----------
(0 rows)

-- pg_shdescription holds three rows there: initdb's comments on template1,
-- template0 and postgres. A crabgresql server serves exactly one database and
-- has no COMMENT ON DATABASE to have written one.
SELECT objoid, classoid, description FROM pg_shdescription WHERE classoid = 0;
 objoid | classoid | description 
--------+----------+-------------
(0 rows)

-- pg_range holds six rows there, one per built-in range type. This build models
-- no range type, so a row would name an rngtypid pg_type cannot resolve and the
-- usual join to pg_type would return a broken pair instead of nothing.
SELECT rngtypid, rngsubtype, rngmultitypid, rngcollation, rngsubopc,
       rngcanonical, rngsubdiff
  FROM pg_range WHERE rngtypid = 0;
 rngtypid | rngsubtype | rngmultitypid | rngcollation | rngsubopc | rngcanonical | rngsubdiff 
----------+------------+---------------+--------------+-----------+--------------+------------
(0 rows)

-- The rest of wave A: large objects, event triggers, transforms, 2PC.
SELECT * FROM pg_largeobject;
 loid | pageno | data 
------+--------+------
(0 rows)

SELECT * FROM pg_largeobject_metadata;
 oid | lomowner | lomacl 
-----+----------+--------
(0 rows)

SELECT * FROM pg_event_trigger;
 oid | evtname | evtevent | evtowner | evtfoid | evtenabled | evttags 
-----+---------+----------+----------+---------+------------+---------
(0 rows)

SELECT * FROM pg_transform;
 oid | trftype | trflang | trffromsql | trftosql 
-----+---------+---------+------------+----------
(0 rows)

SELECT * FROM pg_prepared_xacts;
 transaction | gid | prepared | owner | database 
-------------+-----+----------+-------+----------
(0 rows)

SELECT (SELECT count(*) FROM pg_largeobject
          WHERE loid = 0 AND pageno = 0 AND data = '\x00'::bytea) AS largeobject_typed,
       (SELECT count(*) FROM pg_largeobject_metadata
          WHERE lomowner = 0) AS lo_metadata_typed,
       (SELECT count(*) FROM pg_event_trigger
          WHERE evtname = 'x' AND evtenabled = 'O'
            AND evttags = '{a}'::text[]) AS event_trigger_typed,
       (SELECT count(*) FROM pg_transform
          WHERE trftype = 0 AND trflang = 0) AS transform_typed,
       (SELECT count(*) FROM pg_prepared_xacts
          WHERE transaction = '1'::xid AND gid = 'x'
            AND prepared > '2000-01-01'::timestamptz AND owner = 'y') AS prepared_xacts_typed;
 largeobject_typed | lo_metadata_typed | event_trigger_typed | transform_typed | prepared_xacts_typed 
-------------------+-------------------+---------------------+-----------------+----------------------
                 0 |                 0 |                   0 |               0 |                    0
(1 row)

-- Every relation of the wave answers to its name as a regclass, which is what a
-- client casts before joining one.
SELECT count(*) AS wave_a_relations FROM (VALUES
  ('pg_stat_progress_analyze'), ('pg_stat_progress_basebackup'),
  ('pg_stat_progress_cluster'), ('pg_stat_progress_copy'),
  ('pg_stat_progress_create_index'), ('pg_stat_progress_vacuum'),
  ('pg_replication_origin'), ('pg_replication_origin_status'),
  ('pg_replication_slots'), ('pg_stat_replication'),
  ('pg_stat_replication_slots'), ('pg_stat_subscription'),
  ('pg_stat_subscription_stats'), ('pg_stat_wal_receiver'),
  ('pg_subscription'), ('pg_subscription_rel'),
  ('pg_default_acl'), ('pg_init_privs'), ('pg_parameter_acl'), ('pg_shdepend'),
  ('pg_seclabel'), ('pg_shseclabel'), ('pg_seclabels'), ('pg_shdescription'),
  ('pg_db_role_setting'), ('pg_largeobject'), ('pg_largeobject_metadata'),
  ('pg_event_trigger'), ('pg_transform'), ('pg_range'), ('pg_prepared_xacts')
) AS t(name) WHERE t.name::regclass::oid > 0;
 wave_a_relations 
------------------
               31
(1 row)

