--
-- PG_CATALOG
-- Core pg_catalog relations are queryable, both schema-qualified
-- (pg_catalog.pg_type) and unqualified (pg_catalog is implicitly on the search
-- path). Queries touch only columns/values that match PostgreSQL exactly;
-- count(*) is avoided because crabgresql exposes a curated subset of the
-- built-in types. Output hand-checked against PostgreSQL's psql -a -q format.
--
-- unqualified pg_type resolves via the implicit pg_catalog search path
SELECT oid, typname, typlen, typbyval
  FROM pg_type
 WHERE typname IN ('bool', 'int4', 'text')
 ORDER BY oid;
 oid | typname | typlen | typbyval 
-----+---------+--------+----------
  16 | bool    |      1 | t
  23 | int4    |      4 | t
  25 | text    |     -1 | f
(3 rows)

-- driver-critical OIDs match PostgreSQL (23 = int4, 25 = text, 26 = oid)
SELECT typname FROM pg_type WHERE oid = 23;
 typname 
---------
 int4
(1 row)

-- schema-qualified access routes straight to pg_catalog
SELECT oid, typname, typcategory FROM pg_catalog.pg_type WHERE typname = 'oid';
 oid | typname | typcategory 
-----+---------+-------------
  26 | oid     | N
(1 row)

-- ORDER BY on an oid column
SELECT typname
  FROM pg_type
 WHERE typname IN ('text', 'bool', 'int4')
 ORDER BY oid;
 typname 
---------
 bool
 int4
 text
(3 rows)

-- pg_namespace exposes the reserved schemas and public
SELECT oid, nspname
  FROM pg_namespace
 WHERE nspname IN ('pg_catalog', 'pg_toast', 'public', 'information_schema')
 ORDER BY oid;
  oid  |      nspname       
-------+--------------------
    11 | pg_catalog
    99 | pg_toast
  2200 | public
 13699 | information_schema
(4 rows)

SELECT 'information_schema'::regnamespace AS by_name,
       13699::regnamespace AS by_oid,
       has_schema_privilege('information_schema', 'USAGE') AS usage;
      by_name       |       by_oid       | usage 
--------------------+--------------------+-------
 information_schema | information_schema | t
(1 row)

SELECT 'information_schema.tables'::regclass AS by_name,
       13916::regclass AS by_oid,
       pg_table_is_visible('information_schema.tables'::regclass) AS visible,
       has_table_privilege('information_schema.tables', 'SELECT') AS may_read;
          by_name          |          by_oid           | visible | may_read 
---------------------------+---------------------------+---------+----------
 information_schema.tables | information_schema.tables | f       | t
(1 row)

-- a served view is a relation for every by-OID lookup too: its columns exist,
-- it owns no sequence, and it measures zero rather than nothing at all
SELECT has_column_privilege('information_schema.tables', 'table_name', 'SELECT') AS may_read,
       pg_get_serial_sequence('information_schema.tables', 'table_name') AS owns_seq,
       pg_relation_size('information_schema.tables'::regclass) AS size;
 may_read | owns_seq | size 
----------+----------+------
 t        |          |    0
(1 row)

SELECT pg_get_serial_sequence('information_schema.tables', 'no_such_column');
ERROR:  column "no_such_column" of relation "tables" does not exist
-- a user table and pg_catalog resolve independently on the same statement stream
CREATE TABLE pgcat_demo (a int, b text);
INSERT INTO pgcat_demo VALUES (1, 'x');
SELECT typname FROM pg_catalog.pg_type WHERE typname = 'int4';
 typname 
---------
 int4
(1 row)

SELECT a, b FROM pgcat_demo;
 a | b 
---+---
 1 | x
(1 row)

-- pg_class reflects a live user relation
CREATE TABLE pgcat_reflect (id int4, label text);
SELECT relname, relkind, relnatts, relpersistence
  FROM pg_class
 WHERE relname = 'pgcat_reflect';
    relname    | relkind | relnatts | relpersistence 
---------------+---------+----------+----------------
 pgcat_reflect | r       |        2 | p
(1 row)

-- size bookkeeping is only written by ANALYZE, so a fresh relation reports
-- PG's never-analyzed sentinel: no pages, reltuples = -1 (unknown, not zero)
SELECT relname, relpages, reltuples, relallvisible
  FROM pg_class
 WHERE relname = 'pgcat_reflect';
    relname    | relpages | reltuples | relallvisible 
---------------+----------+-----------+---------------
 pgcat_reflect |        0 |        -1 |             0
(1 row)

-- pg_attribute joined to pg_class lists that relation's columns, in order,
-- with PG's type OIDs (23 = int4, 25 = text) and typlen (-1 = varlena)
SELECT a.attname, a.atttypid, a.attlen, a.attnum
  FROM pg_class c, pg_attribute a
 WHERE a.attrelid = c.oid AND c.relname = 'pgcat_reflect'
 ORDER BY a.attnum;
 attname  | atttypid | attlen | attnum 
----------+----------+--------+--------
 tableoid |       26 |      4 |     -6
 cmax     |       29 |      4 |     -5
 xmax     |       28 |      4 |     -4
 cmin     |       29 |      4 |     -3
 xmin     |       28 |      4 |     -2
 ctid     |       27 |      6 |     -1
 id       |       23 |      4 |      1
 label    |       25 |     -1 |      2
(8 rows)

-- pg_cast: int4 -> int8 is an implicit cast, int8 -> int4 is assignment-only
SELECT castsource, casttarget, castcontext
  FROM pg_cast
 WHERE castsource IN (20, 23) AND casttarget IN (20, 23)
 ORDER BY castsource, casttarget;
 castsource | casttarget | castcontext 
------------+------------+-------------
         20 |         23 | a
         23 |         20 | i
(2 rows)

-- the ACL columns are present and NULL everywhere: nothing here GRANTs, and
-- NULL is what PostgreSQL reports for an object still on its owner's defaults
SELECT count(*) AS with_acl FROM pg_class WHERE relacl IS NOT NULL;
 with_acl 
----------
        0
(1 row)

SELECT count(*) AS with_acl FROM pg_type WHERE typacl IS NOT NULL;
 with_acl 
----------
        0
(1 row)

SELECT count(*) AS with_acl FROM pg_proc WHERE proacl IS NOT NULL;
 with_acl 
----------
        0
(1 row)

-- the storage columns answer rather than erroring: no storage parameter is
-- kept, and no visibility map is built
SELECT relname, relallfrozen, relisshared, relispopulated, relrewrite,
       relfrozenxid, relminmxid, reloptions
  FROM pg_class
 WHERE relname = 'pgcat_reflect';
    relname    | relallfrozen | relisshared | relispopulated | relrewrite | relfrozenxid | relminmxid | reloptions 
---------------+--------------+-------------+----------------+------------+--------------+------------+------------
 pgcat_reflect |            0 | f           | t              |          0 |            1 |          1 | 
(1 row)

-- only a relation holding unfrozen tuples carries a freeze horizon, so the
-- partitioned parent reports 0 and so does the sequence, whose one tuple
-- PostgreSQL writes frozen
CREATE TABLE pgcat_parent (k int) PARTITION BY RANGE (k);
CREATE TABLE pgcat_leaf PARTITION OF pgcat_parent FOR VALUES FROM (0) TO (10);
CREATE SEQUENCE pgcat_seq;
SELECT relname, relkind, relhassubclass, relispartition, relfrozenxid
  FROM pg_class
 WHERE relname IN ('pgcat_parent', 'pgcat_leaf', 'pgcat_seq')
 ORDER BY relname;
   relname    | relkind | relhassubclass | relispartition | relfrozenxid 
--------------+---------+----------------+----------------+--------------
 pgcat_leaf   | r       | f              | t              |            1
 pgcat_parent | p       | t              | f              |            0
 pgcat_seq    | S       | f              | f              |            0
(3 rows)

-- dropped again: the whole suite shares one database, and a live partition
-- here would show up in every later test that lists pg_inherits
DROP TABLE pgcat_parent;
DROP SEQUENCE pgcat_seq;
-- no routine declares an argument default, which is what pronargdefaults = 0
-- says too
SELECT count(*) AS with_defaults FROM pg_proc WHERE proargdefaults IS NOT NULL;
 with_defaults 
---------------
             0
(1 row)

SELECT count(*) AS with_config FROM pg_proc WHERE proconfig IS NOT NULL;
 with_config 
-------------
           0
(1 row)

SELECT proname, pronargdefaults, proargdefaults, protrftypes, prosqlbody
  FROM pg_proc
 WHERE proname = 'int4pl';
 proname | pronargdefaults | proargdefaults | protrftypes | prosqlbody 
---------+-----------------+----------------+-------------+------------
 int4pl  |               0 |                |             | 
(1 row)

-- a schema-qualified write reaches the permanent relation (INSERT accepts the
-- public. qualifier symmetrically with SELECT/UPDATE)
CREATE TABLE pgcat_pub (v int);
INSERT INTO public.pgcat_pub VALUES (7);
UPDATE public.pgcat_pub SET v = v + 1;
SELECT v FROM public.pgcat_pub;
 v 
---
 8
(1 row)

-- a temp relation is reflected into pg_class
CREATE TEMP TABLE pgcat_tmp (z int);
SELECT relname, relnatts FROM pg_class WHERE relname = 'pgcat_tmp';
  relname  | relnatts 
-----------+----------
 pgcat_tmp |        1
(1 row)

-- a qualified miss reports the schema in the 42P01 message, as PG does
SELECT * FROM pg_catalog.no_such_catalog;
ERROR:  relation "pg_catalog.no_such_catalog" does not exist
-- writing a system catalog is refused
INSERT INTO pg_catalog.pg_type VALUES (1);
ERROR:  permission denied for table pg_type
