--
-- pg_input_is_valid / pg_input_error_info: the non-throwing input path.
-- The type argument is a written type name, so a modifier travels with it and
-- is applied with *input* semantics (over-long errors) rather than the
-- explicit-cast semantics that would truncate.
--
-- boolean
SELECT pg_input_is_valid('true', 'bool') AS ok, pg_input_is_valid('junk', 'bool') AS bad;
 ok | bad 
----+-----
 t  | f
(1 row)

SELECT * FROM pg_input_error_info('junk', 'bool');
                    message                    | detail | hint | sql_error_code 
-----------------------------------------------+--------+------+----------------
 invalid input syntax for type boolean: "junk" |        |      | 22P02
(1 row)

-- char(n): trailing blanks are absorbed, real characters are not
SELECT pg_input_is_valid('abcd  ', 'char(4)') AS ok, pg_input_is_valid('abcde', 'char(4)') AS bad;
 ok | bad 
----+-----
 t  | f
(1 row)

SELECT * FROM pg_input_error_info('abcde', 'char(4)');
               message                | detail | hint | sql_error_code 
--------------------------------------+--------+------+----------------
 value too long for type character(4) |        |      | 22001
(1 row)

-- varchar(n): same rule, different type name in the message
SELECT pg_input_is_valid('abcd  ', 'varchar(4)') AS ok, pg_input_is_valid('abcde', 'varchar(4)') AS bad;
 ok | bad 
----+-----
 t  | f
(1 row)

SELECT * FROM pg_input_error_info('abcde', 'varchar(4)');
                   message                    | detail | hint | sql_error_code 
----------------------------------------------+--------+------+----------------
 value too long for type character varying(4) |        |      | 22001
(1 row)

-- int2: malformed (22P02) and out-of-range (22003) are distinct
SELECT pg_input_is_valid('34', 'int2') AS ok, pg_input_is_valid('asdf', 'int2') AS bad,
       pg_input_is_valid('50000', 'int2') AS too_big;
 ok | bad | too_big 
----+-----+---------
 t  | f   | f
(1 row)

SELECT * FROM pg_input_error_info('asdf', 'int2');
                    message                     | detail | hint | sql_error_code 
------------------------------------------------+--------+------+----------------
 invalid input syntax for type smallint: "asdf" |        |      | 22P02
(1 row)

SELECT * FROM pg_input_error_info('50000', 'int2');
                     message                     | detail | hint | sql_error_code 
-------------------------------------------------+--------+------+----------------
 value "50000" is out of range for type smallint |        |      | 22003
(1 row)

-- oid, likewise
SELECT pg_input_is_valid('1234', 'oid') AS ok, pg_input_is_valid('01XYZ', 'oid') AS bad,
       pg_input_is_valid('9999999999', 'oid') AS too_big;
 ok | bad | too_big 
----+-----+---------
 t  | f   | f
(1 row)

SELECT * FROM pg_input_error_info('01XYZ', 'oid');
                  message                   | detail | hint | sql_error_code 
--------------------------------------------+--------+------+----------------
 invalid input syntax for type oid: "01XYZ" |        |      | 22P02
(1 row)

SELECT * FROM pg_input_error_info('9999999999', 'oid');
                     message                     | detail | hint | sql_error_code 
-------------------------------------------------+--------+------+----------------
 value "9999999999" is out of range for type oid |        |      | 22003
(1 row)

-- text and name accept every string; name truncates rather than failing
SELECT pg_input_is_valid('anything at all', 'text') AS text_ok,
       pg_input_is_valid(repeat('x', 200), 'name') AS name_ok;
 text_ok | name_ok 
---------+---------
 t       | t
(1 row)

-- numeric carries its typmod too
SELECT pg_input_is_valid('123.45', 'numeric(5,2)') AS ok,
       pg_input_is_valid('123456', 'numeric(5,2)') AS bad;
 ok | bad 
----+-----
 t  | f
(1 row)

-- a failure that has a DETAIL line reports it
SELECT * FROM pg_input_error_info('1.2.3.4/24', 'cidr');
             message              |                detail                | hint | sql_error_code 
----------------------------------+--------------------------------------+------+----------------
 invalid cidr value: "1.2.3.4/24" | Value has bits set to right of mask. |      | 22P02
(1 row)

-- a schema-qualified built-in resolves like the bare spelling
SELECT pg_input_is_valid('42', 'pg_catalog.int4') AS ok,
       pg_input_is_valid('x', 'pg_catalog.int4') AS bad;
 ok | bad 
----+-----
 t  | f
(1 row)

-- an alias or qualified spelling carries its modifier just like char(4)
SELECT pg_input_is_valid('abcd  ', 'bpchar(4)') AS ok, pg_input_is_valid('abcde', 'bpchar(4)') AS bad;
 ok | bad 
----+-----
 t  | f
(1 row)

SELECT * FROM pg_input_error_info('abcde', 'pg_catalog.varchar(4)');
                   message                    | detail | hint | sql_error_code 
----------------------------------------------+--------+------+----------------
 value too long for type character varying(4) |        |      | 22001
(1 row)

-- an array applies its element modifier to every element
SELECT pg_input_is_valid('{abcd,ab}', 'varchar(4)[]') AS ok,
       pg_input_is_valid('{abcde}', 'varchar(4)[]') AS bad;
 ok | bad 
----+-----
 t  | f
(1 row)

SELECT * FROM pg_input_error_info('{abcde}', 'varchar(4)[]');
                   message                    | detail | hint | sql_error_code 
----------------------------------------------+--------+------+----------------
 value too long for type character varying(4) |        |      | 22001
(1 row)

-- a reg* target fails softly when the object is missing: that is a value
-- answer, not an error
SELECT pg_input_is_valid('pg_class', 'regclass') AS ok,
       pg_input_is_valid('no_such_table', 'regclass') AS bad;
 ok | bad 
----+-----
 t  | f
(1 row)

SELECT * FROM pg_input_error_info('no_such_table', 'regclass');
                 message                 | detail | hint | sql_error_code 
-----------------------------------------+--------+------+----------------
 relation "no_such_table" does not exist |        |      | 42P01
(1 row)

-- a type name that denotes nothing is an error, not a row
SELECT pg_input_is_valid('x', 'nosuchtype');
ERROR:  type "nosuchtype" does not exist
SELECT * FROM pg_input_error_info('x', 'nosuchtype');
ERROR:  type "nosuchtype" does not exist
-- so is a modifier the type could never accept: it describes the type spec,
-- not the value
SELECT pg_input_is_valid('abc', 'varchar(0)');
ERROR:  length for type varchar must be at least 1
SELECT pg_input_is_valid('1', 'numeric(0)');
ERROR:  NUMERIC precision 0 must be between 1 and 1000
SELECT pg_input_is_valid('1', 'numeric(5,1001)');
ERROR:  NUMERIC scale 1001 must be between -1000 and 1000
