--
-- pg_opclass / pg_opfamily, and the operator class pg_index.indclass names.
--
-- indclass is the reference psql and pg_dump follow to decide whether an index
-- definition has to spell an operator class out. What a client reads through it
-- is the class's *name*, reached by joining pg_opclass and pg_am -- so that is
-- what this file compares. Raw OIDs are pinned only for the classes
-- pg_opclass.dat assigns an OID to itself (int4_ops, text_ops and friends);
-- the rest are numbered by upstream's codegen and move whenever an entry is
-- inserted above them, which is a property of PostgreSQL rather than a
-- regression. Generated with psql -q -a against PostgreSQL 18.4.
--
CREATE TABLE oc_t (i int, t text, v varchar(10), i2v int2vector, ov oidvector);
CREATE INDEX oc_bt ON oc_t (i, t, v);
CREATE INDEX oc_hash ON oc_t USING hash (i);
-- Kept apart from oc_bt so the raw-OID comparison below stays over
-- hand-assigned classes only: int2vector is typcategory A with no class of its
-- own, so it indexes under array_ops, while oidvector has oidvector_ops and
-- never reaches the polymorphic tier. Both of those are numbered by upstream's
-- codegen, hence compared by name.
CREATE INDEX oc_vec ON oc_t (i2v, ov);
-- The hand-assigned classes, verbatim. opckeytype is 0 for all of them: a btree
-- stores the indexed type itself.
SELECT oid, opcname, opcintype::regtype, opcdefault, opckeytype
  FROM pg_opclass WHERE oid IN (1978, 1979, 1981, 3122, 3123, 3124, 3125, 3126)
 ORDER BY oid;
 oid  |   opcname   |    opcintype     | opcdefault | opckeytype 
------+-------------+------------------+------------+------------
 1978 | int4_ops    | integer          | t          |          0
 1979 | int2_ops    | smallint         | t          |          0
 1981 | oid_ops     | oid              | t          |          0
 3122 | date_ops    | date             | t          |          0
 3123 | float8_ops  | double precision | t          |          0
 3124 | int8_ops    | bigint           | t          |          0
 3125 | numeric_ops | numeric          | t          |          0
 3126 | text_ops    | text             | t          |          0
(8 rows)

-- Every key of the btree index. varchar has no default class of its own: it
-- reaches text_ops through the binary-coercible cast to text, which is why all
-- three keys of oc_bt report the same OID for two different types.
SELECT indclass FROM pg_index WHERE indexrelid = 'oc_bt'::regclass;
    indclass    
----------------
 1978 3126 3126
(1 row)

-- The same, by name, and with the access method and family each class belongs
-- to -- the whole chain a client follows out of indclass. indclass is an
-- oidvector, whose subscripts are 0-based; it is projected in a subquery
-- because this build does not subscript a table-qualified column yet.
SELECT c.relname, a.amname, oc.opcname, f.opfname, oc.opcintype::regtype
  FROM (SELECT indexrelid, indclass[0] AS class FROM pg_index) i
  JOIN pg_class c ON c.oid = i.indexrelid
  JOIN pg_opclass oc ON oc.oid = i.class
  JOIN pg_opfamily f ON f.oid = oc.opcfamily
  JOIN pg_am a ON a.oid = oc.opcmethod
 WHERE c.relname LIKE 'oc\_%' ORDER BY c.relname;
 relname | amname |  opcname  |   opfname   | opcintype 
---------+--------+-----------+-------------+-----------
 oc_bt   | btree  | int4_ops  | integer_ops | integer
 oc_hash | hash   | int4_ops  | integer_ops | integer
 oc_vec  | btree  | array_ops | array_ops   | anyarray
(3 rows)

-- Both keys of the vector index, which the query above only shows the first of.
SELECT k1.opcname AS int2vector_key, k2.opcname AS oidvector_key
  FROM (SELECT indclass[0] AS c1, indclass[1] AS c2 FROM pg_index
         WHERE indexrelid = 'oc_vec'::regclass) k
  JOIN pg_opclass k1 ON k1.oid = k.c1
  JOIN pg_opclass k2 ON k2.oid = k.c2;
 int2vector_key | oidvector_key 
----------------+---------------
 array_ops      | oidvector_ops
(1 row)

-- A class is chosen under the index's own access method: the same int column
-- gets int4_ops under either method, but they are two different rows.
SELECT count(DISTINCT oc.oid) AS distinct_classes, count(*) AS keys
  FROM (SELECT indexrelid, indclass[0] AS class FROM pg_index) i
  JOIN pg_class c ON c.oid = i.indexrelid
  JOIN pg_opclass oc ON oc.oid = i.class
 WHERE c.relname LIKE 'oc\_%';
 distinct_classes | keys 
------------------+------
                3 |    3
(1 row)

-- Nothing points into thin air: every class names a family, and both name an
-- access method that pg_am publishes.
SELECT count(*) AS dangling_family FROM pg_opclass oc
 WHERE NOT EXISTS (SELECT 1 FROM pg_opfamily f WHERE f.oid = oc.opcfamily);
 dangling_family 
-----------------
               0
(1 row)

SELECT count(*) AS dangling_method FROM pg_opclass oc
 WHERE NOT EXISTS (SELECT 1 FROM pg_am a WHERE a.oid = oc.opcmethod);
 dangling_method 
-----------------
               0
(1 row)

SELECT count(*) AS dangling_intype FROM pg_opclass oc
 WHERE NOT EXISTS (SELECT 1 FROM pg_type t WHERE t.oid = oc.opcintype);
 dangling_intype 
-----------------
               0
(1 row)

-- Every class and family lives in pg_catalog, owned by the bootstrap role.
SELECT count(*) AS misplaced FROM pg_opclass
 WHERE opcnamespace <> 'pg_catalog'::regnamespace OR opcowner <> 10;
 misplaced 
-----------
         0
(1 row)

SELECT count(*) AS misplaced FROM pg_opfamily
 WHERE opfnamespace <> 'pg_catalog'::regnamespace OR opfowner <> 10;
 misplaced 
-----------
         0
(1 row)

-- A type has one default class per method, never two -- the ambiguity
-- PostgreSQL would have to refuse a CREATE INDEX over.
SELECT count(*) AS ambiguous_defaults FROM (
  SELECT opcmethod, opcintype FROM pg_opclass WHERE opcdefault
   GROUP BY opcmethod, opcintype HAVING count(*) > 1) AS dups;
 ambiguous_defaults 
--------------------
                  0
(1 row)

DROP TABLE oc_t;
