--
-- SESSION IDENTITY
-- current_database/current_schema(s)/current_user, the temp-namespace
-- predicates, and the encoding number table.
--
-- The identity lines below are literal rather than curated: the regress client
-- connects as user "postgres" to database "regression", exactly as upstream
-- pg_regress does, so PostgreSQL prints the same names. The pg_temp_N *number*
-- is the one session-dependent value here, so those lines compare instead of
-- printing.
--
-- the connection identity, and its keyword aliases
SELECT current_database(), current_catalog;
 current_database | current_catalog 
------------------+-----------------
 regression       | regression
(1 row)

SELECT current_user, current_role, user, session_user;
 current_user | current_role |   user   | session_user 
--------------+--------------+----------+--------------
 postgres     | postgres     | postgres | postgres
(1 row)

-- ...all one value: crabgresql has no SET ROLE, so the three role spellings
-- cannot diverge
SELECT current_user = session_user AS same_role,
       current_database() = current_catalog AS same_db;
 same_role | same_db 
-----------+---------
 t         | t
(1 row)

-- current_schema is the rare one PostgreSQL spells both ways
SELECT current_schema, current_schema();
 current_schema | current_schema 
----------------+----------------
 public         | public
(1 row)

-- the search path, with the implicit members and without
SELECT current_schemas(true);
   current_schemas   
---------------------
 {pg_catalog,public}
(1 row)

SELECT current_schemas(false);
 current_schemas 
-----------------
 {public}
(1 row)

SELECT current_schemas(NULL) IS NULL AS strict_in_the_flag;
 strict_in_the_flag 
--------------------
 t
(1 row)

-- the declared types, which are `name` throughout rather than text
SELECT pg_typeof(current_user) AS user_type,
       pg_typeof(current_schema) AS schema_type,
       pg_typeof(current_schemas(true)) AS schemas_type,
       pg_typeof(current_database()) AS db_type;
 user_type | schema_type | schemas_type | db_type 
-----------+-------------+--------------+---------
 name      | name        | name[]       | name
(1 row)

SELECT pg_typeof(pg_my_temp_schema()) AS temp_type,
       pg_typeof(pg_is_other_temp_schema(0)) AS other_type,
       pg_typeof(pg_char_to_encoding('UTF8')) AS enc_num_type,
       pg_typeof(pg_encoding_to_char(6)) AS enc_name_type;
 temp_type | other_type | enc_num_type | enc_name_type 
-----------+------------+--------------+---------------
 oid       | boolean    | integer      | name
(1 row)

-- before a temp relation exists there is no temp namespace to name
SELECT pg_my_temp_schema();
 pg_my_temp_schema 
-------------------
                 0
(1 row)

SELECT pg_is_other_temp_schema(0), pg_is_other_temp_schema(2200),
       pg_is_other_temp_schema(999999);
 pg_is_other_temp_schema | pg_is_other_temp_schema | pg_is_other_temp_schema 
-------------------------+-------------------------+-------------------------
 f                       | f                       | f
(1 row)

-- creating one instantiates it: it heads the implicit path, but never appears
-- in the explicit one
CREATE TEMP TABLE session_identity_t (x int);
SELECT pg_my_temp_schema() <> 0 AS instantiated;
 instantiated 
--------------
 t
(1 row)

SELECT array_length(current_schemas(true), 1) AS with_implicit,
       current_schemas(false) AS without_implicit;
 with_implicit | without_implicit 
---------------+------------------
             3 | {public}
(1 row)

-- ...and this session's own temp schema is never the "other" one
SELECT pg_is_other_temp_schema(pg_my_temp_schema()) AS not_other;
 not_other 
-----------
 f
(1 row)

SELECT pg_is_other_temp_schema(NULL) IS NULL AS strict;
 strict 
--------
 t
(1 row)

DROP TABLE session_identity_t;
-- the encoding table is numbered, not named: 6 is UTF8 everywhere
SELECT pg_encoding_to_char(6), pg_encoding_to_char(0), pg_encoding_to_char(8),
       pg_encoding_to_char(41);
 pg_encoding_to_char | pg_encoding_to_char | pg_encoding_to_char | pg_encoding_to_char 
---------------------+---------------------+---------------------+---------------------
 UTF8                | SQL_ASCII           | LATIN1              | SHIFT_JIS_2004
(1 row)

-- an out-of-range number is the empty string, not NULL
SELECT pg_encoding_to_char(42) = '' AS past_the_end,
       pg_encoding_to_char(999) = '' AS way_past,
       pg_encoding_to_char(-1) = '' AS below,
       pg_encoding_to_char(NULL) IS NULL AS strict;
 past_the_end | way_past | below | strict 
--------------+----------+-------+--------
 t            | t        | t     | t
(1 row)

-- ...and an unknown name is -1, not NULL
SELECT pg_char_to_encoding('nosuch'), pg_char_to_encoding(''),
       pg_char_to_encoding(NULL);
 pg_char_to_encoding | pg_char_to_encoding | pg_char_to_encoding 
---------------------+---------------------+---------------------
                  -1 |                  -1 |                    
(1 row)

-- names are matched with punctuation and case ignored, and the aliases hold
SELECT pg_char_to_encoding('UTF8'), pg_char_to_encoding('utf8'),
       pg_char_to_encoding('UTF-8'), pg_char_to_encoding('  UTF8 '),
       pg_char_to_encoding('unicode');
 pg_char_to_encoding | pg_char_to_encoding | pg_char_to_encoding | pg_char_to_encoding | pg_char_to_encoding 
---------------------+---------------------+---------------------+---------------------+---------------------
                   6 |                   6 |                   6 |                   6 |                   6
(1 row)

SELECT pg_char_to_encoding('latin-1'), pg_char_to_encoding('iso8859_1'),
       pg_char_to_encoding('ISO-8859-5'), pg_char_to_encoding('windows1252'),
       pg_char_to_encoding('mskanji'), pg_char_to_encoding('alt');
 pg_char_to_encoding | pg_char_to_encoding | pg_char_to_encoding | pg_char_to_encoding | pg_char_to_encoding | pg_char_to_encoding 
---------------------+---------------------+---------------------+---------------------+---------------------+---------------------
                   8 |                   8 |                  25 |                  24 |                  35 |                  20
(1 row)

-- 'koi' is not an alias for KOI8R, though 'koi8' is
SELECT pg_char_to_encoding('koi8'), pg_char_to_encoding('koi');
 pg_char_to_encoding | pg_char_to_encoding 
---------------------+---------------------
                  22 |                  -1
(1 row)

-- the two directions are inverses across the whole table
SELECT count(*) AS roundtrips
  FROM generate_series(0, 41) i
 WHERE pg_char_to_encoding(pg_encoding_to_char(i)) = i;
 roundtrips 
------------
         42
(1 row)

