--
-- STRING
-- Character types (text / varchar / char / bpchar / name) and the string
-- functions: concatenation, length, case, substring/position/overlay, the
-- trim/pad family, replace/translate/repeat/reverse/left/right, ascii/chr,
-- split_part/starts_with/to_hex, concat/concat_ws/format, LIKE/ILIKE,
-- encode/decode, and the quoting functions. Output hand-checked against
-- PostgreSQL.
--
-- concatenation: text || text, and text || non-text (either side)
SELECT 'foo' || 'bar' AS cat, 'n=' || 42 AS with_int, 1.5 || 'x' AS num_left;
  cat   | with_int | num_left 
--------+----------+----------
 foobar | n=42     | 1.5x
(1 row)

SELECT NULL || 'a' AS null_concat, 'a' || NULL AS concat_null;
 null_concat | concat_null 
-------------+-------------
             | 
(1 row)

-- length family: characters vs bytes vs bits
SELECT length('café') AS len, char_length('café') AS clen,
       octet_length('café') AS olen, bit_length('café') AS blen;
 len | clen | olen | blen 
-----+------+------+------
   4 |    4 |    5 |   40
(1 row)

-- case folding and initcap
SELECT upper('Hello, World') AS up, lower('Hello, World') AS lo,
       initcap('hi THERE o''brien') AS ic;
      up      |      lo      |        ic        
--------------+--------------+------------------
 HELLO, WORLD | hello, world | Hi There O'Brien
(1 row)

-- substring: functional and SQL syntax forms; substr indexing is 1-based
SELECT substr('abcdef', 2, 3) AS s1, substr('abcdef', 2) AS s2,
       substring('abcdef' FROM 2 FOR 3) AS s3, substring('abcdef' FROM 3) AS s4;
 s1  |  s2   | s3  |  s4  
-----+-------+-----+------
 bcd | bcdef | bcd | cdef
(1 row)

SELECT substr('abcdef', 0, 2) AS clamp_start, substr('abcdef', -1) AS neg_start;
 clamp_start | neg_start 
-------------+-----------
 a           | abcdef
(1 row)

-- position / strpos (note the reversed argument order)
SELECT position('cd' IN 'abcdef') AS pos, strpos('abcdef', 'cd') AS sp,
       position('z' IN 'abcdef') AS absent, strpos('abc', '') AS empty;
 pos | sp | absent | empty 
-----+----+--------+-------
   3 |  3 |      0 |     1
(1 row)

-- overlay
SELECT overlay('Txxxxas' PLACING 'hom' FROM 2 FOR 4) AS ov1,
       overlay('abcdef' PLACING 'XY' FROM 3) AS ov2;
  ov1   |  ov2   
--------+--------
 Thomas | abXYef
(1 row)

-- trim family and padding
SELECT trim(both 'x' FROM 'xxabcxx') AS btrim_x, trim(leading FROM '  ab') AS ltrim_sp,
       trim(trailing FROM 'ab  ') || '|' AS rtrim_sp;
 btrim_x | ltrim_sp | rtrim_sp 
---------+----------+----------
 abc     | ab       | ab|
(1 row)

SELECT ltrim('yyxabc', 'xy') AS lt, rtrim('abcyx', 'xy') AS rt, btrim('  ab  ') AS bt;
 lt  | rt  | bt 
-----+-----+----
 abc | abc | ab
(1 row)

SELECT lpad('abc', 6, '*') AS lp, rpad('abc', 6, '*') AS rp,
       lpad('abcdef', 3) AS lp_trunc, lpad('ab', 5, '') AS lp_emptyfill;
   lp   |   rp   | lp_trunc | lp_emptyfill 
--------+--------+----------+--------------
 ***abc | abc*** | abc      | ab
(1 row)

-- replace / translate / repeat / reverse / left / right
SELECT replace('abcabc', 'bc', 'XY') AS rep, translate('12345', '143', 'ax') AS tr,
       repeat('ab', 3) AS rpt, reverse('abcdef') AS rev;
  rep   |  tr  |  rpt   |  rev   
--------+------+--------+--------
 aXYaXY | a2x5 | ababab | fedcba
(1 row)

SELECT left('abcdef', 2) AS l1, left('abcdef', -2) AS l2,
       right('abcdef', 2) AS r1, right('abcdef', -2) AS r2;
 l1 |  l2  | r1 |  r2  
----+------+----+------
 ab | abcd | ef | cdef
(1 row)

-- ascii / chr / split_part / starts_with / to_hex
SELECT ascii('A') AS a1, ascii('') AS a2, chr(65) AS c1, chr(233) AS c2;
 a1 | a2 | c1 | c2 
----+----+----+----
 65 |  0 | A  | é
(1 row)

SELECT split_part('a,b,c,d', ',', 2) AS sp1, split_part('a,b,c,d', ',', -1) AS sp_last,
       split_part('a,b', ',', 5) AS sp_oob;
 sp1 | sp_last | sp_oob 
-----+---------+--------
 b   | d       | 
(1 row)

SELECT starts_with('abcdef', 'abc') AS sw1, starts_with('abcdef', 'xyz') AS sw2,
       to_hex(255) AS h1, to_hex(-1) AS h2;
 sw1 | sw2 | h1 |    h2    
-----+-----+----+----------
 t   | f   | ff | ffffffff
(1 row)

-- concat / concat_ws / format (NULL-tolerant)
SELECT concat('a', NULL, 2, 'b') AS c, concat_ws('-', 'x', NULL, 'y', 'z') AS cw;
  c  |  cw   
-----+-------
 a2b | x-y-z
(1 row)

SELECT format('%s has %s items (%I=%L)', 'cart', 3, 'q', 'a''b') AS f1,
       format('%1$s-%1$s', 'z') AS f2;
             f1              | f2  
-----------------------------+-----
 cart has 3 items (q='a''b') | z-z
(1 row)

-- LIKE / ILIKE, with % / _ wildcards, ESCAPE, and NOT
SELECT 'abc' LIKE 'a%' AS l1, 'abc' LIKE 'a_c' AS l2, 'abc' LIKE 'a_' AS l3,
       'ABC' ILIKE 'a%c' AS l4, 'abc' NOT LIKE 'x%' AS l5;
 l1 | l2 | l3 | l4 | l5 
----+----+----+----+----
 t  | t  | f  | t  | t
(1 row)

SELECT 'a%b' LIKE 'a\%b' AS esc1, 'axb' LIKE 'a\%b' AS esc2,
       'a%b' LIKE 'a$%b' ESCAPE '$' AS esc3;
 esc1 | esc2 | esc3 
------+------+------
 t    | f    | t
(1 row)

-- POSIX regex operators: ~ / ~* / !~, with anchors and case-insensitivity
SELECT 'abc' ~ 'b' AS r1, 'abc' ~ '^a' AS r2, 'abc' ~ '^b' AS r3,
       'ABC' ~* 'abc' AS r4, 'abc' !~ 'z' AS r5;
 r1 | r2 | r3 | r4 | r5 
----+----+----+----+----
 t  | t  | f  | t  | t
(1 row)

-- SIMILAR TO: whole-string match, alternation, _ wildcard, NOT, ESCAPE
SELECT 'abc' SIMILAR TO '(b|a)%' AS s1, 'abc' SIMILAR TO 'a_c' AS s2,
       'abc' SIMILAR TO 'a' AS s3, 'abc' NOT SIMILAR TO 'x%' AS s4,
       'a%c' SIMILAR TO 'a$%c' ESCAPE '$' AS s5;
 s1 | s2 | s3 | s4 | s5 
----+----+----+----+----
 t  | t  | f  | t  | t
(1 row)

-- SIMILAR TO bracket expressions, quantifier bounds, and escaped metacharacters
SELECT 'b' SIMILAR TO '[^a]' AS b1, '%' SIMILAR TO '[%_]' AS b2,
       'aa' SIMILAR TO 'a{2}' AS b3, 'a{c' SIMILAR TO 'a{c' AS b4,
       'a|b' SIMILAR TO 'a\|b' AS b5;
 b1 | b2 | b3 | b4 | b5 
----+----+----+----+----
 t  | t  | t  | t  | t
(1 row)

-- encode / decode
SELECT encode('\x001000'::bytea, 'hex') AS e_hex, encode('abc'::bytea, 'base64') AS e_b64,
       encode('a\000b'::bytea, 'escape') AS e_esc;
 e_hex  | e_b64 | e_esc  
--------+-------+--------
 001000 | YWJj  | a\000b
(1 row)

SELECT decode('001000', 'hex') AS d_hex, decode('YWJj', 'base64') AS d_b64;
  d_hex   |  d_b64   
----------+----------
 \x001000 | \x616263
(1 row)

-- quoting
SELECT quote_ident('foo') AS qi1, quote_ident('foo bar') AS qi2,
       quote_literal('a''b') AS ql, quote_nullable(NULL) AS qn;
 qi1 |    qi2    |   ql   |  qn  
-----+-----------+--------+------
 foo | "foo bar" | 'a''b' | NULL
(1 row)

-- character types: casts, typmod truncation, and the default column names
SELECT 'abc'::varchar AS v_unbounded, 'abcdef'::varchar(3) AS v_trunc,
       'abcdef'::char(3) AS c_trunc, 'ab'::char AS c_default;
 v_unbounded | v_trunc | c_trunc | c_default 
-------------+---------+---------+-----------
 abc         | abc     | abc     | a
(1 row)

SELECT '[' || 'ab'::char(5) || ']' AS char_padded,
       octet_length('ab'::char(5)) AS char_octets, length('ab'::char(5)) AS char_len;
 char_padded | char_octets | char_len 
-------------+-------------+----------
 [ab]        |           5 |        2
(1 row)

SELECT 'a name value'::name AS nm, length(repeat('x', 70)::name) AS name_trunc;
      nm      | name_trunc 
--------------+------------
 a name value |         63
(1 row)

-- bpchar comparison ignores trailing blanks; varchar/text do not
SELECT 'ab'::char(4) = 'ab'::char(2) AS bpchar_eq, 'ab '::varchar = 'ab' AS varchar_ne;
 bpchar_eq | varchar_ne 
-----------+------------
 t         | f
(1 row)

-- character columns: char(n) pads on INSERT, varchar(n) length is enforced
CREATE TEMP TABLE str_t (c char(5), v varchar(3), n name);
INSERT INTO str_t VALUES ('ab', 'xy', 'nm');
SELECT '[' || c || ']' AS c, '[' || v || ']' AS v, octet_length(c) AS c_octets FROM str_t;
  c   |  v   | c_octets 
------+------+----------
 [ab] | [xy] |        5
(1 row)

INSERT INTO str_t (c) VALUES ('toolong');
ERROR:  value too long for type character(5)
INSERT INTO str_t (v) VALUES ('abcdef');
ERROR:  value too long for type character varying(3)
-- format() field widths (right/left-justified, and a `*` width argument)
SELECT format('[%5s]', 'x') AS w1, format('[%-5s]', 'x') AS w2, format('[%*s]', 4, 'y') AS w3;
   w1    |   w2    |   w3   
---------+---------+--------
 [    x] | [x    ] | [   y]
(1 row)

-- errors: chr(0)/surrogate, negative substring length, split_part field 0,
-- overlay start below 1, oversized result, and malformed encode/decode input
SELECT chr(0);
ERROR:  null character not permitted
SELECT chr(55296);
ERROR:  requested character not valid for encoding: 55296
SELECT substr('abc', 1, -1);
ERROR:  negative substring length not allowed
SELECT split_part('a,b', ',', 0);
ERROR:  field position must not be zero
SELECT overlay('abc' PLACING 'X' FROM 0);
ERROR:  negative substring length not allowed
SELECT repeat('a', 2147483647);
ERROR:  requested length too large
SELECT decode('a@b', 'base64');
ERROR:  invalid symbol "@" found while decoding base64 sequence
SELECT decode('xyz', 'hex');
ERROR:  invalid hexadecimal digit: "x"
