--
-- TIMESTAMPTZ
-- timestamp with time zone: input parsing (offsets, named zones, abbreviations),
-- output, comparisons, casts, the field functions, make_timestamptz, and
-- AT TIME ZONE. Most of the file pins the session zone to UTC so the output is
-- deterministic; the final section exercises a real display zone. Output
-- hand-checked against PostgreSQL's aligned format.
--
-- Render everything in UTC so the output is deterministic.
SET timezone = 'UTC';
-- output formatting: ISO datestyle with a +00 offset, fractional seconds trimmed
SELECT timestamptz '2001-02-16 20:38:40+00' AS plain;
         plain          
------------------------
 2001-02-16 20:38:40+00
(1 row)

SELECT timestamptz '2001-02-16 20:38:40.5+00' AS half,
       timestamptz '2001-02-16 20:38:40.999999+00' AS micros,
       timestamptz '2001-02-16 20:38:40.000001+00' AS tiny;
           half           |            micros             |             tiny              
--------------------------+-------------------------------+-------------------------------
 2001-02-16 20:38:40.5+00 | 2001-02-16 20:38:40.999999+00 | 2001-02-16 20:38:40.000001+00
(1 row)

-- a trailing offset is converted to UTC; several spellings of -08:00
SELECT timestamptz '1997-02-10 17:32:01-08' AS off_hh,
       timestamptz '1997-02-10 17:32:01-0800' AS off_hhmm,
       timestamptz '1997-02-10 17:32:01 -08:00' AS off_colon;
         off_hh         |        off_hhmm        |       off_colon        
------------------------+------------------------+------------------------
 1997-02-11 01:32:01+00 | 1997-02-11 01:32:01+00 | 1997-02-11 01:32:01+00
(1 row)

-- ISO 8601 'T' with an attached offset or Z
SELECT timestamptz '2001-09-22T18:19:20-07:00' AS iso_off,
       timestamptz '2001-09-22T18:19:20Z' AS iso_zulu;
        iso_off         |        iso_zulu        
------------------------+------------------------
 2001-09-23 01:19:20+00 | 2001-09-22 18:19:20+00
(1 row)

-- named zones and abbreviations resolve (DST-aware); rendered back in UTC
SELECT timestamptz '1997-02-10 17:32:01 America/New_York' AS est,
       timestamptz '1997-07-10 17:32:01 America/New_York' AS edt,
       timestamptz '1997-02-10 17:32:01 PST' AS pst,
       timestamptz '1997-02-10 17:32:01 UTC' AS utc;
          est           |          edt           |          pst           |          utc           
------------------------+------------------------+------------------------+------------------------
 1997-02-10 22:32:01+00 | 1997-07-10 21:32:01+00 | 1997-02-11 01:32:01+00 | 1997-02-10 17:32:01+00
(1 row)

-- a date with no time defaults to midnight UTC
SELECT timestamptz '1997-01-02' AS date_only;
       date_only        
------------------------
 1997-01-02 00:00:00+00
(1 row)

-- special values and a BC year
SELECT timestamptz 'infinity' AS pos, timestamptz '-infinity' AS neg, timestamptz 'epoch' AS unix;
   pos    |    neg    |          unix          
----------+-----------+------------------------
 infinity | -infinity | 1970-01-01 00:00:00+00
(1 row)

SELECT timestamptz '0097-02-16 20:00:00+00 BC' AS bc;
            bc             
---------------------------
 0097-02-16 20:00:00+00 BC
(1 row)

SELECT timestamptz 'infinity' = timestamptz '+infinity' AS inf_eq;
 inf_eq 
--------
 t
(1 row)

-- the default column name of a typed literal is the type name
SELECT timestamptz '2001-02-16 20:38:40+00';
      timestamptz       
------------------------
 2001-02-16 20:38:40+00
(1 row)

-- comparisons drive WHERE and ORDER BY; offsets are normalized before comparing
SELECT timestamptz '2001-01-01 00:00:00-08' = timestamptz '2001-01-01 08:00:00+00' AS eq,
       timestamptz '2001-01-01+00' < timestamptz '2002-01-01+00' AS lt,
       timestamptz '-infinity' < timestamptz '2000-01-01+00' AS neg_inf_first;
 eq | lt | neg_inf_first 
----+----+---------------
 t  | t  | t
(1 row)

-- casts both directions; timestamp<->timestamptz reinterpret in UTC
SELECT '2001-02-16 20:38:40-05'::timestamptz AS from_text;
       from_text        
------------------------
 2001-02-17 01:38:40+00
(1 row)

SELECT (timestamptz '2001-02-16 20:38:40+00')::text AS to_text;
        to_text         
------------------------
 2001-02-16 20:38:40+00
(1 row)

SELECT (timestamp '2001-02-16 20:38:40')::timestamptz AS ts_to_tstz;
       ts_to_tstz       
------------------------
 2001-02-16 20:38:40+00
(1 row)

SELECT (timestamptz '2001-02-16 20:38:40+00')::timestamp AS tstz_to_ts;
     tstz_to_ts      
---------------------
 2001-02-16 20:38:40
(1 row)

-- a timestamptz column: insert, filter, order
CREATE TABLE tstz_tbl (id int4, d1 timestamptz);
INSERT INTO tstz_tbl VALUES (1, '1997-01-02 03:04:05-08'), (2, '2001-09-22 18:19:20+00'),
                            (3, '1997-02-10 17:32:01 America/New_York');
SELECT id, d1 FROM tstz_tbl WHERE d1 < timestamptz '2000-01-01+00' ORDER BY 2;
 id |           d1           
----+------------------------
  1 | 1997-01-02 11:04:05+00
  3 | 1997-02-10 22:32:01+00
(2 rows)

SELECT id FROM tstz_tbl WHERE d1 = timestamptz '2001-09-22 18:19:20+00';
 id 
----
  2
(1 row)

-- date_part (float8): calendar fields read from the UTC wall clock
SELECT date_part('year', timestamptz '2001-02-16 20:38:40+00') AS year,
       date_part('hour', timestamptz '2001-02-16 20:38:40+00') AS hour,
       date_part('epoch', timestamptz '2001-02-16 20:38:40+00') AS epoch;
 year | hour |   epoch   
------+------+-----------
 2001 |   20 | 982355920
(1 row)

-- the timezone group is 0 under the UTC display zone
SELECT date_part('timezone', timestamptz '2001-02-16 20:38:40+00') AS tz,
       date_part('timezone_hour', timestamptz '2001-02-16 20:38:40+00') AS tzh,
       date_part('timezone_minute', timestamptz '2001-02-16 20:38:40+00') AS tzm;
 tz | tzh | tzm 
----+-----+-----
  0 |   0 |   0
(1 row)

-- extract (numeric) and the default column name "extract"
SELECT extract(second from timestamptz '2001-02-16 20:38:40.5+00') AS second,
       extract(epoch from timestamptz '2001-02-16 20:38:40.5+00') AS epoch;
  second   |      epoch       
-----------+------------------
 40.500000 | 982355920.500000
(1 row)

SELECT extract(year from timestamptz '2001-02-16 20:38:40+00');
 extract 
---------
    2001
(1 row)

-- date_trunc returns timestamptz (still +00)
SELECT date_trunc('hour', timestamptz '2001-02-16 20:38:40.5+00') AS hour,
       date_trunc('day', timestamptz '2001-02-16 20:38:40.5+00') AS day;
          hour          |          day           
------------------------+------------------------
 2001-02-16 20:00:00+00 | 2001-02-16 00:00:00+00
(1 row)

SELECT date_trunc('day', timestamptz 'infinity') AS inf;
   inf    
----------
 infinity
(1 row)

-- fields of an infinite value: monotonic fields are +/-Infinity, oscillating NULL
SELECT date_part('year', timestamptz 'infinity') AS year,
       extract(epoch from timestamptz '-infinity') AS neg_epoch,
       extract(day from timestamptz 'infinity') AS day;
   year   | neg_epoch | day 
----------+-----------+-----
 Infinity | -Infinity |    
(1 row)

-- isfinite and make_timestamptz (6-arg is UTC; 7-arg applies the zone)
SELECT isfinite(timestamptz '2001-02-16+00') AS finite, isfinite(timestamptz 'infinity') AS not_finite;
 finite | not_finite 
--------+------------
 t      | f
(1 row)

SELECT make_timestamptz(2013, 7, 15, 8, 15, 23.5) AS made_utc,
       make_timestamptz(2013, 7, 15, 17, 15, 23, 'America/New_York') AS made_edt;
         made_utc         |        made_edt        
--------------------------+------------------------
 2013-07-15 08:15:23.5+00 | 2013-07-15 21:15:23+00
(1 row)

-- AT TIME ZONE both directions, and the timezone() function form
SELECT timestamp '2001-02-16 20:38:40' AT TIME ZONE 'America/New_York' AS ts_at_zone;
       ts_at_zone       
------------------------
 2001-02-17 01:38:40+00
(1 row)

SELECT timestamptz '2001-02-16 20:38:40+00' AT TIME ZONE 'America/New_York' AS tstz_at_zone;
    tstz_at_zone     
---------------------
 2001-02-16 15:38:40
(1 row)

SELECT timezone('America/New_York', timestamp '2001-02-16 20:38:40') AS fn_to_tstz,
       timezone('America/New_York', timestamptz '2001-02-16 20:38:40+00') AS fn_to_ts;
       fn_to_tstz       |      fn_to_ts       
------------------------+---------------------
 2001-02-17 01:38:40+00 | 2001-02-16 15:38:40
(1 row)

-- a DST-varying zone across the 2011 Moscow spring-forward gap (+3 -> +4)
SELECT timestamptz '2011-03-27 01:00:00 Europe/Moscow' AS msk_before_gap,
       timestamptz '2011-03-27 03:00:00 Europe/Moscow' AS msk_after_gap;
     msk_before_gap     |     msk_after_gap      
------------------------+------------------------
 2011-03-26 22:00:00+00 | 2011-03-26 23:00:00+00
(1 row)

-- the non-throwing input API
SELECT pg_input_is_valid('2001-02-16 20:38:40+00', 'timestamptz') AS ok,
       pg_input_is_valid('garbage', 'timestamptz') AS bad,
       pg_input_is_valid('2001-01-01 00:00 Nowhere/Nozone', 'timestamptz') AS bad_zone;
 ok | bad | bad_zone 
----+-----+----------
 t  | f   | f
(1 row)

-- cross-type timestamp/timestamptz comparison and assignment resolve via the
-- implicit cast (identity under the UTC display zone), as in PG
SELECT timestamptz '2000-01-01 08:00:00+00' = timestamp '2000-01-01 08:00:00' AS tstz_eq_ts,
       timestamp '2000-01-01 00:00:00' < timestamptz '2000-06-01 00:00:00+00' AS ts_lt_tstz;
 tstz_eq_ts | ts_lt_tstz 
------------+------------
 t          | t
(1 row)

CREATE TABLE tstz_asgn (d1 timestamptz);
INSERT INTO tstz_asgn VALUES (timestamp '2002-05-05 05:05:05');
SELECT d1 FROM tstz_asgn;
           d1           
------------------------
 2002-05-05 05:05:05+00
(1 row)

-- out-of-range: a year past the range, an offset/constructor pushing past the
-- boundary — all report 22008 rather than overflowing
SELECT timestamptz '300000-01-01';
ERROR:  timestamp out of range: "300000-01-01"
LINE 1: SELECT timestamptz '300000-01-01';
                           ^
SELECT make_timestamptz(294276, 12, 31, 23, 0, 0, '-10');
ERROR:  timestamp out of range
SELECT timestamp '294276-12-31 23:59:59' AT TIME ZONE 'America/New_York';
ERROR:  timestamp out of range
-- errors: unparseable input 22007, unknown unit 22023, unknown zone; a bogus
-- glued zone is a syntax error (not a silently-ignored zone); recovery works
SELECT timestamptz 'garbage';
ERROR:  invalid input syntax for type timestamp with time zone: "garbage"
LINE 1: SELECT timestamptz 'garbage';
                           ^
SELECT timestamptz '2001-02-16+garbage';
ERROR:  invalid input syntax for type timestamp with time zone: "2001-02-16+garbage"
LINE 1: SELECT timestamptz '2001-02-16+garbage';
                           ^
SELECT date_part('bogus', timestamptz '2001-02-16+00');
ERROR:  timestamp with time zone units "bogus" not recognized
SELECT make_timestamptz(2013, 7, 15, 8, 15, 23, 'Nowhere/Nozone');
ERROR:  time zone "Nowhere/Nozone" not recognized
SELECT 'still alive' AS status;
   status    
-------------
 still alive
(1 row)

--
-- the session display zone (SET TimeZone). Everything below is pinned against
-- PostgreSQL 18.4.
--
SET TimeZone = 'America/New_York';
SHOW TimeZone;
     TimeZone     
------------------
 America/New_York
(1 row)

-- a zone-less literal is read in the session zone; an explicit token is not
SELECT timestamptz '2024-06-01 12:00:00' AS summer;
         summer         
------------------------
 2024-06-01 12:00:00-04
(1 row)

SELECT timestamptz '2024-01-15 12:00:00' AS winter;
         winter         
------------------------
 2024-01-15 12:00:00-05
(1 row)

SELECT timestamptz '2024-06-01 12:00:00+00' AS explicit_token;
     explicit_token     
------------------------
 2024-06-01 08:00:00-04
(1 row)

-- the conversions that are an identity only under UTC
SELECT timestamp '2024-06-01 12:00:00'::timestamptz AS ts_to_tstz;
       ts_to_tstz       
------------------------
 2024-06-01 12:00:00-04
(1 row)

SELECT timestamptz '2024-06-01 12:00:00+00'::timestamp AS tstz_to_ts;
     tstz_to_ts      
---------------------
 2024-06-01 08:00:00
(1 row)

SELECT date '2024-06-01'::timestamptz AS date_to_tstz;
      date_to_tstz      
------------------------
 2024-06-01 00:00:00-04
(1 row)

SELECT timestamptz '2024-06-01 02:00:00+00'::date AS tstz_to_date;
 tstz_to_date 
--------------
 2024-05-31
(1 row)

SELECT make_timestamptz(2024, 6, 1, 12, 0, 0) AS make_without_zone;
   make_without_zone    
------------------------
 2024-06-01 12:00:00-04
(1 row)

-- date_trunc re-resolves the offset, so it lands on local midnight across DST
SELECT date_trunc('day', timestamptz '2024-03-10 15:00:00-04') AS spring_forward;
     spring_forward     
------------------------
 2024-03-10 00:00:00-05
(1 row)

-- offset fields report the zone; ordinary fields read the local clock; epoch does not
SELECT date_part('timezone', timestamptz '2024-01-15 12:00:00-05') AS tz,
       date_part('timezone_hour', timestamptz '2024-01-15 12:00:00-05') AS tz_hour;
   tz   | tz_hour 
--------+---------
 -18000 |      -5
(1 row)

SELECT date_part('day', timestamptz '2024-01-01 02:00:00+00') AS local_day,
       date_part('epoch', timestamptz '2024-01-01 02:00:00+00') AS epoch;
 local_day |   epoch    
-----------+------------
        31 | 1704074400
(1 row)

-- to_char's TZ/OF report the session zone
SELECT to_char(timestamptz '2024-01-15 12:00:00-05', 'HH24:MI TZ OF') AS tochar;
    tochar     
---------------
 12:00 EST -05
(1 row)

-- a sub-hour zone widens the printed offset
SET TimeZone = 'Asia/Kolkata';
SELECT timestamptz '2024-06-01 12:00:00' AS kolkata;
          kolkata          
---------------------------
 2024-06-01 12:00:00+05:30
(1 row)

SELECT to_char(timestamptz '2024-01-15 12:00:00+05:30', 'TZ OF') AS tochar_kolkata;
 tochar_kolkata 
----------------
 IST +05:30
(1 row)

-- a bare numeric GUC value is POSIX-signed: '+05:30' means UTC-5:30
SET TimeZone = '+05:30';
SHOW TimeZone;
 TimeZone 
----------
 +05:30
(1 row)

SELECT timestamptz '2024-06-01 12:00:00+00' AS posix_signed;
       posix_signed        
---------------------------
 2024-06-01 06:30:00-05:30
(1 row)

-- the numeric statement forms count east instead, and show PG's POSIX spec
SET TIME ZONE 7;
SHOW TimeZone;
 TimeZone 
----------
 <+07>-07
(1 row)

SELECT timestamptz '2024-06-01 12:00:00+00' AS east_seven;
       east_seven       
------------------------
 2024-06-01 19:00:00+07
(1 row)

-- back to UTC explicitly: `RESET` restores the *boot* value, which is UTC here
-- and the host zone in stock PostgreSQL, so it is not comparable across the two.
SET TimeZone = 'UTC';
SHOW TimeZone;
 TimeZone 
----------
 UTC
(1 row)

SELECT timestamptz '2024-06-01 12:00:00' AS back_to_utc;
      back_to_utc       
------------------------
 2024-06-01 12:00:00+00
(1 row)

-- date_trunc: `day` and coarser re-resolve the offset (landing on local
-- midnight across DST), while `hour` and finer keep the input's — which matters
-- inside the fall-back fold, where the truncated clock is ambiguous.
SET TimeZone = 'America/New_York';
SELECT date_trunc('hour', timestamptz '2024-11-03 01:30:00-04') AS fold_hour;
       fold_hour        
------------------------
 2024-11-03 01:00:00-04
(1 row)

SELECT date_trunc('minute', timestamptz '2024-11-03 01:30:00-04') AS fold_minute;
      fold_minute       
------------------------
 2024-11-03 01:30:00-04
(1 row)

SELECT date_trunc('day', timestamptz '2024-11-03 01:30:00-04') AS fold_day;
        fold_day        
------------------------
 2024-11-03 00:00:00-04
(1 row)

SELECT date_trunc('day', timestamptz '2024-03-10 15:00:00-04') AS spring_forward_day;
   spring_forward_day   
------------------------
 2024-03-10 00:00:00-05
(1 row)

-- to_char's OF never widens to seconds, where timestamptz output does
SELECT to_char(timestamptz '1875-06-01 12:00:00', 'OF') AS of_lmt;
 of_lmt 
--------
 -04:56
(1 row)

SELECT timestamptz '1875-06-01 12:00:00' AS out_lmt;
           out_lmt            
------------------------------
 1875-06-01 12:00:00-04:56:02
(1 row)

-- TZH/TZM split the same offset OF renders: the sign rides on the hours, the
-- minutes are the bare magnitude, and neither widens to seconds
SELECT to_char(timestamptz '2024-06-15 03:30:45+00', 'TZH:TZM|OF|TZ|tz') AS tzh_tzm;
      tzh_tzm       
--------------------
 -04:00|-04|EDT|edt
(1 row)

SELECT to_char(timestamptz '1875-06-01 12:00:00', 'TZH:TZM') AS tzh_lmt;
 tzh_lmt 
---------
 -04:56
(1 row)

-- casts down to the time-of-day types: a timestamptz is rotated into the
-- session zone first, so a 03:30 UTC instant is the previous evening here, and
-- timetz keeps the offset in effect at that instant
SELECT timestamptz '2024-06-15 03:30:45.5+00'::time AS tstz_time,
       timestamptz '2024-06-15 03:30:45.5+00'::timetz AS tstz_timetz,
       timestamp '2024-06-15 03:30:45.5'::time AS ts_time;
 tstz_time  |  tstz_timetz  |  ts_time   
------------+---------------+------------
 23:30:45.5 | 23:30:45.5-04 | 03:30:45.5
(1 row)

SELECT timestamptz '2024-01-15 03:30:45+00'::timetz AS winter_timetz;
 winter_timetz 
---------------
 22:30:45-05
(1 row)

-- an infinite input casts to NULL rather than erroring
SELECT timestamptz 'infinity'::time IS NULL AS inf_time_is_null,
       timestamp '-infinity'::time IS NULL AS neg_inf_time_is_null;
 inf_time_is_null | neg_inf_time_is_null 
------------------+----------------------
 t                | t
(1 row)

SET TimeZone = 'UTC';
-- date_bin on a timestamptz bins the UTC instant, so unlike date_trunc it never
-- consults the session zone; the results below are identical under any TimeZone
SELECT date_bin(interval '15 days', timestamptz '2020-02-11 15:44:17.71393+00', timestamptz '2001-01-01+00') AS d15,
       date_bin(interval '2 hours', timestamptz '2020-02-11 15:44:17.71393+00', timestamptz '2001-01-01+00') AS h2,
       date_bin(interval '250 microseconds', timestamptz '2020-02-11 15:44:17.71393+00', timestamptz '2001-01-01+00') AS us250;
          d15           |           h2           |            us250             
------------------------+------------------------+------------------------------
 2020-02-06 00:00:00+00 | 2020-02-11 14:00:00+00 | 2020-02-11 15:44:17.71375+00
(1 row)

SET TimeZone = 'Asia/Kolkata';
SELECT date_bin(interval '2 hours', timestamptz '2020-02-11 15:44:17.71393+00', timestamptz '2001-01-01+00') AT TIME ZONE 'UTC' AS same_instant;
    same_instant     
---------------------
 2020-02-11 14:00:00
(1 row)

SET TimeZone = 'UTC';
SELECT date_bin(interval '5 min', timestamptz '2020-02-01 01:01:01+00', timestamptz '2020-02-01 00:02:30+00') AS shifted;
        shifted         
------------------------
 2020-02-01 00:57:30+00
(1 row)

SELECT date_bin(interval '30 minutes', timestamptz '2024-02-01 15:00:00+00', timestamptz '2024-02-01 17:00:00+00') AS below;
         below          
------------------------
 2024-02-01 15:00:00+00
(1 row)

SELECT date_bin(interval '1 hour', timestamptz 'infinity', timestamptz '2001-01-01+00') AS inf;
   inf    
----------
 infinity
(1 row)

SELECT date_bin(interval '5 years', timestamptz '2020-02-01 01:01:01+00', timestamptz '2001-01-01+00');
ERROR:  timestamps cannot be binned into intervals containing months or years
SELECT date_bin(interval '0 days', timestamptz '2020-02-01 01:01:01+00', timestamptz '2001-01-01+00');
ERROR:  stride must be greater than zero
SELECT date_bin(interval '200000000 days', timestamptz '2024-02-01+00', timestamptz '2024-01-01+00');
ERROR:  interval out of range
-- overload resolution: untyped literals reach the preferred type (timestamptz),
-- and so do two `date` arguments; only a genuine timestamp pair picks the
-- timestamp overload
SELECT pg_typeof(date_bin('1 h', '2020-01-05 05:30', '2001-01-01')) AS unknown_args,
       pg_typeof(date_bin(interval '1 h', date '2020-01-05', date '2001-01-01')) AS date_args,
       pg_typeof(date_bin(interval '1 h', timestamp '2020-01-05 05:30', timestamp '2001-01-01'))
         AS ts_args;
       unknown_args       |        date_args         |           ts_args           
--------------------------+--------------------------+-----------------------------
 timestamp with time zone | timestamp with time zone | timestamp without time zone
(1 row)

SELECT 'still alive' AS status;
   status    
-------------
 still alive
(1 row)

--
-- date_trunc(text, timestamptz, text): truncation in an explicit zone, which
-- overrides the session's. Only timestamptz has this form.
--
SET TimeZone = 'America/New_York';
-- local midnight in UTC is the previous evening here
SELECT date_trunc('day', timestamptz '2024-03-10 15:00:00-04', 'UTC') AS day_in_utc;
       day_in_utc       
------------------------
 2024-03-09 19:00:00-05
(1 row)

SELECT date_trunc('day', timestamptz '2001-02-16 20:38:40+00', 'Australia/Sydney') AS sydney;
         sydney         
------------------------
 2001-02-16 08:00:00-05
(1 row)

-- a fixed-offset abbreviation, and a variable-offset one (VET ran at -04:30
-- from 2007 to 2016 and at -04 either side of it)
SELECT date_trunc('day', timestamptz '2001-02-16 20:38:40+00', 'GMT') AS gmt,
       date_trunc('day', timestamptz '2001-02-16 20:38:40+00', 'VET') AS vet_2001,
       date_trunc('day', timestamptz '2010-06-16 20:38:40+00', 'VET') AS vet_2010;
          gmt           |        vet_2001        |        vet_2010        
------------------------+------------------------+------------------------
 2001-02-15 19:00:00-05 | 2001-02-15 23:00:00-05 | 2010-06-16 00:30:00-04
(1 row)

-- the sub-day units keep the input's offset in the named zone too; `day` and
-- coarser re-resolve it, which is what lands them on real local midnight
SELECT date_trunc('hour', timestamptz '2024-11-03 01:30:00-04', 'UTC') AS fold_hour_in_utc,
       date_trunc('day', timestamptz '2024-11-03 01:30:00-04', 'Australia/Sydney') AS fold_day_in_sydney;
    fold_hour_in_utc    |   fold_day_in_sydney   
------------------------+------------------------
 2024-11-03 01:00:00-04 | 2024-11-02 09:00:00-04
(1 row)

-- Santiago springs forward *at* midnight on 2026-09-06, so the truncated wall
-- clock does not exist; the pre-transition offset wins
SELECT date_trunc('day', timestamptz '2026-09-06 12:00:00+00', 'America/Santiago') AS gap_midnight;
      gap_midnight      
------------------------
 2026-09-06 00:00:00-04
(1 row)

-- the infinities pass through, and NULL anywhere gives NULL
SELECT date_trunc('week', timestamptz 'infinity', 'GMT') AS inf_zone_trunc;
 inf_zone_trunc 
----------------
 infinity
(1 row)

SELECT date_trunc('day', NULL::timestamptz, 'UTC') IS NULL AS null_value,
       date_trunc('day', timestamptz '2001-02-16 20:38:40+00', NULL) IS NULL AS null_zone;
 null_value | null_zone 
------------+-----------
 t          | t
(1 row)

-- the zone is resolved before the unit is looked at. The unit message below is
-- PG 14's wording, this suite's baseline; PG 16+ rephrased it as
-- `unit "bogus" not recognized for type timestamp with time zone`
SELECT date_trunc('bogus', timestamptz '2001-02-16 20:38:40+00', 'Nowhere/Nozone');
ERROR:  time zone "Nowhere/Nozone" not recognized
SELECT date_trunc('bogus', timestamptz '2001-02-16 20:38:40+00', 'UTC');
ERROR:  timestamp with time zone units "bogus" not recognized
-- a timestamp argument reaches this overload through the implicit cast. (There
-- is no interval form; the `42883` it raises is omitted here because our
-- "function does not exist" error still lacks PG's LINE/caret and HINT.)
SELECT date_trunc('day', timestamp '2001-02-16 20:38:40', 'UTC') AS ts_arg;
         ts_arg         
------------------------
 2001-02-16 19:00:00-05
(1 row)

SET TimeZone = 'UTC';
SELECT 'still alive' AS status;
   status    
-------------
 still alive
(1 row)

--
-- AT TIME ZONE reads a bare numeric offset the POSIX way (hours *west*), which
-- is the reverse of the same spelling inside a value. The colon-less ±HHMM form
-- is value-only, and the accepted magnitude runs far wider than the ±15:59:59 a
-- value allows.
--
SELECT timestamp '2001-06-16 12:00:00' AT TIME ZONE '+05:30' AS posix_west,
       timestamptz '2001-06-16 12:00:00+05:30' AS iso_east_in_value;
       posix_west       |   iso_east_in_value    
------------------------+------------------------
 2001-06-16 17:30:00+00 | 2001-06-16 06:30:00+00
(1 row)

SELECT timestamp '2001-06-16 12:00:00' AT TIME ZONE '05:30' AS unsigned_is_west,
       timestamp '2001-06-16 12:00:00' AT TIME ZONE '-05:30' AS minus_is_east;
    unsigned_is_west    |     minus_is_east      
------------------------+------------------------
 2001-06-16 17:30:00+00 | 2001-06-16 06:30:00+00
(1 row)

SELECT timestamp '2001-06-16 12:00:00' AT TIME ZONE '+16' AS wide_band,
       timestamp '2001-06-16 12:00:00' AT TIME ZONE 'UTC+10' AS abbrev_prefix;
       wide_band        |     abbrev_prefix      
------------------------+------------------------
 2001-06-17 04:00:00+00 | 2001-06-16 22:00:00+00
(1 row)

SELECT timestamp '2001-06-16 12:00:00' AT TIME ZONE '+0530';
ERROR:  time zone "+0530" not recognized
SELECT timestamp '2001-06-16 12:00:00' AT TIME ZONE '+168';
ERROR:  time zone "+168" not recognized
-- a zone argument is matched as given: a padded *name* is not that zone, while
-- a displacement may carry leading whitespace
SELECT timestamp '2001-06-16 12:00:00' AT TIME ZONE ' +05:30' AS padded_offset;
     padded_offset      
------------------------
 2001-06-16 17:30:00+00
(1 row)

SELECT timestamp '2001-06-16 12:00:00' AT TIME ZONE 'UTC ';
ERROR:  time zone "UTC " not recognized
SELECT timestamp '2001-06-16 12:00:00' AT TIME ZONE ' America/New_York';
ERROR:  time zone " America/New_York" not recognized
-- a token that is neither a name nor a plain displacement is a POSIX TZ spec,
-- so one carrying its own transition rule observes DST, and the quoted form
-- resolves -- the latter is how `SET TIME ZONE 7` names itself
SELECT timestamp '2001-06-16 12:00:00' AT TIME ZONE 'EST5EDT,M3.2.0/2,M11.1.0/2' AS spec_june,
       timestamp '2001-01-16 12:00:00' AT TIME ZONE 'EST5EDT,M3.2.0/2,M11.1.0/2' AS spec_jan,
       timestamp '2001-06-16 12:00:00' AT TIME ZONE '<+07>-07' AS quoted_spec;
       spec_june        |        spec_jan        |      quoted_spec       
------------------------+------------------------+------------------------
 2001-06-16 16:00:00+00 | 2001-01-16 17:00:00+00 | 2001-06-16 05:00:00+00
(1 row)

SELECT 'still alive' AS status;
   status    
-------------
 still alive
(1 row)

--
-- Arithmetic. `timestamptz - timestamptz` measures the *instants* and so needs
-- no zone; `timestamptz ± interval` is a calendar operation on the *local wall
-- clock*, and the two disagree across a DST transition by exactly the hour it
-- adds or removes.
--
SET TimeZone = 'UTC';
SELECT timestamptz '2001-02-16 20:38:40+00' - timestamptz '2001-01-01 00:00:00+00' AS diff,
       timestamptz '2001-01-01 00:00:00+00' - timestamptz '2001-02-16 20:38:40+00' AS neg_diff;
       diff       |      neg_diff      
------------------+--------------------
 46 days 20:38:40 | -46 days -20:38:40
(1 row)

-- the difference is justified to 24-hour days, as `timestamp - timestamp` is
SELECT timestamptz '2001-01-02 03:00:00+00' - timestamptz '2001-01-01 00:00:00+00' AS justified;
   justified    
----------------
 1 day 03:00:00
(1 row)

SELECT timestamptz '2001-01-01 00:00:00+00' + interval '1 mon 2 days 3 hours' AS plus,
       timestamptz '2001-01-01 00:00:00+00' - interval '1 day' AS minus,
       interval '1 day' + timestamptz '2001-01-01 00:00:00+00' AS commuted;
          plus          |         minus          |        commuted        
------------------------+------------------------+------------------------
 2001-02-03 03:00:00+00 | 2000-12-31 00:00:00+00 | 2001-01-02 00:00:00+00
(1 row)

-- a month add clamps the day of month, here in the instant's own zone
SELECT timestamptz '2001-03-31 12:00:00+00' + interval '1 mon' AS clamp_eom;
       clamp_eom        
------------------------
 2001-04-30 12:00:00+00
(1 row)

-- `timestamptz` is the preferred datetime type, so a mixed pair widens the
-- other side rather than narrowing this one
SELECT timestamptz '2001-01-02 00:00:00+00' - timestamp '2001-01-01 00:00:00' AS minus_ts,
       timestamptz '2001-01-02 00:00:00+00' - date '2001-01-01' AS minus_date,
       date '2001-01-01' - timestamptz '2001-01-02 00:00:00+00' AS date_minus;
 minus_ts | minus_date | date_minus 
----------+------------+------------
 1 day    | 1 day      | -1 days
(1 row)

-- an infinity swallows a finite interval; opposite infinities conflict
SELECT timestamptz 'infinity' + interval '1 day' AS inf_plus,
       timestamptz '2001-01-01+00' + interval 'infinity' AS to_inf,
       timestamptz '2001-01-01+00' - interval 'infinity' AS to_neg_inf;
 inf_plus |  to_inf  | to_neg_inf 
----------+----------+------------
 infinity | infinity | -infinity
(1 row)

SELECT timestamptz 'infinity' - interval 'infinity';
ERROR:  timestamp out of range
-- operators PostgreSQL does not have
SELECT timestamptz '2001-01-01+00' + timestamptz '2001-01-01+00';
ERROR:  operator does not exist: timestamp with time zone + timestamp with time zone
LINE 1: SELECT timestamptz '2001-01-01+00' + timestamptz '2001-01-01...
                                           ^
DETAIL:  No operator of that name accepts the given argument types.
HINT:  You might need to add explicit type casts.
SELECT interval '1 day' - timestamptz '2001-01-01+00';
ERROR:  operator does not exist: interval - timestamp with time zone
LINE 1: SELECT interval '1 day' - timestamptz '2001-01-01+00';
                                ^
DETAIL:  No operator of that name accepts the given argument types.
HINT:  You might need to add explicit type casts.
-- Under a DST zone, `1 day` keeps the wall-clock hour and `24 hours` keeps the
-- elapsed time. Spring forward makes the day 23 hours long, fall back 25.
SET TimeZone = 'America/New_York';
SELECT timestamptz '2024-03-09 12:00:00-05' + interval '1 day' AS calendar_day,
       timestamptz '2024-03-09 12:00:00-05' + interval '24 hours' AS elapsed_day;
      calendar_day      |      elapsed_day       
------------------------+------------------------
 2024-03-10 12:00:00-04 | 2024-03-10 13:00:00-04
(1 row)

SELECT timestamptz '2024-11-02 12:00:00-04' + interval '1 day' AS calendar_day,
       timestamptz '2024-11-02 12:00:00-04' + interval '24 hours' AS elapsed_day;
      calendar_day      |      elapsed_day       
------------------------+------------------------
 2024-11-03 12:00:00-05 | 2024-11-03 11:00:00-05
(1 row)

-- months and days each re-resolve the offset before the next part is applied
SELECT timestamptz '2024-03-09 12:00:00-05' + interval '1 mon 1 day 1 hour' AS stepped;
        stepped         
------------------------
 2024-04-10 13:00:00-04
(1 row)

-- a shifted wall clock in the spring-forward gap moves forward past it; one in
-- the fall-back fold takes the offset after the transition
SELECT timestamptz '2024-03-09 02:30:00-05' + interval '1 day' AS gap,
       timestamptz '2024-11-02 01:30:00-04' + interval '1 day' AS fold;
          gap           |          fold          
------------------------+------------------------
 2024-03-10 03:30:00-04 | 2024-11-03 01:30:00-05
(1 row)

--
-- age() reads the *wall clocks*, so it answers in calendar units: two noons
-- either side of a spring-forward are `2 days` apart even though only 47 hours
-- elapsed. The one-argument form measures from `current_date`.
--
SELECT age(timestamptz '2024-03-11 12:00:00-04', timestamptz '2024-03-09 12:00:00-05') AS calendar,
       timestamptz '2024-03-11 12:00:00-04' - timestamptz '2024-03-09 12:00:00-05' AS elapsed;
 calendar |    elapsed     
----------+----------------
 2 days   | 1 day 23:00:00
(1 row)

SET TimeZone = 'UTC';
SELECT age(timestamptz '2001-04-10 00:00:00+00', timestamptz '1957-06-13 00:00:00+00') AS age2;
          age2           
-------------------------
 43 years 9 mons 27 days
(1 row)

-- `timestamptz` wins the overload for two dates, and for a mixed pair
SELECT pg_typeof(age(date '2001-01-01', date '2000-01-01')) AS resolved,
       age(date '2001-01-01', date '2000-01-01') AS from_dates,
       age(timestamptz '2001-01-01+00', timestamp '2000-01-01') AS mixed;
 resolved | from_dates | mixed  
----------+------------+--------
 interval | 1 year     | 1 year
(1 row)

-- The one-argument forms anchor at today, so pin them by comparison. The step
-- has to be a day: `- interval '1 mon'` clamps the day of month, so on the 31st
-- of a month whose predecessor is shorter the answer is `1 mon 3 days`, and the
-- assertion would be false seven days a year.
SELECT age(current_date::timestamp) = interval '0' AS today_is_zero,
       age(current_date::timestamptz) = interval '0' AS today_tz_is_zero,
       age(current_date::timestamptz - interval '1 day') = interval '1 day' AS one_day_ago;
 today_is_zero | today_tz_is_zero | one_day_ago 
---------------+------------------+-------------
 t             | t                | t
(1 row)

-- PG's one-argument `age` spans two type categories — the two datetime forms
-- and `age(xid)` — so an untyped argument has no best candidate: 42725, not a
-- quiet pick. Nothing but an xid can reach the xid overload, so every typed
-- call resolves as it did before it existed.
SELECT age('2001-01-01');
ERROR:  function age(unknown) is not unique
HINT:  Could not choose a best candidate function. You might need to add explicit type casts.
SELECT age(NULL);
ERROR:  function age(unknown) is not unique
HINT:  Could not choose a best candidate function. You might need to add explicit type casts.
SELECT pg_typeof(age(date '2001-01-01')) AS from_date,
       pg_typeof(age(timestamp '2001-01-01')) AS from_ts,
       pg_typeof(age(timestamptz '2001-01-01+00')) AS from_tstz;
 from_date | from_ts  | from_tstz 
-----------+----------+-----------
 interval  | interval | interval
(1 row)

-- xids below the first normal one are permanent, and report as infinitely old
SELECT age('0'::xid) AS zero, age('1'::xid) AS one, age('2'::xid) AS two;
    zero    |    one     |    two     
------------+------------+------------
 2147483647 | 2147483647 | 2147483647
(1 row)

SELECT age(NULL::xid) IS NULL AS strict;
 strict 
--------
 t
(1 row)

-- the counter itself is not reproducible, so pin the differences: a 32-bit
-- wrapping subtract puts an xid past the counter just above the lowest one
SELECT age('3'::xid) - age('4'::xid) AS adjacent,
       age('100'::xid) - age('1100'::xid) AS thousand,
       age('4294967295'::xid) - age('3'::xid) AS wrapped;
 adjacent | thousand | wrapped 
----------+----------+---------
        1 |     1000 |       4
(1 row)

-- the infinity matrix is the same for both types
SELECT age(timestamptz 'infinity') AS inf, age(timestamptz '-infinity') AS neg_inf;
    inf    | neg_inf  
-----------+----------
 -infinity | infinity
(1 row)

SELECT age(timestamp 'infinity') AS inf, age(timestamp '-infinity') AS neg_inf;
    inf    | neg_inf  
-----------+----------
 -infinity | infinity
(1 row)

SELECT age(timestamptz 'infinity', timestamptz '-infinity') AS opposite,
       age(timestamptz '-infinity', timestamptz 'infinity') AS reversed;
 opposite | reversed  
----------+-----------
 infinity | -infinity
(1 row)

SELECT age(timestamptz 'infinity', timestamptz 'infinity');
ERROR:  interval out of range
SELECT age(timestamp '-infinity', timestamp '-infinity');
ERROR:  interval out of range
SELECT 'still alive' AS status;
   status    
-------------
 still alive
(1 row)

--
-- Range edges. The timestamp range bounds a wall clock only when the wall clock
-- is the answer: `AT TIME ZONE` and the `timestamptz -> timestamp` cast hand one
-- back and so reject, while `age` and `± interval` only pass through one and so
-- answer. What bounds those is the resulting *instant*.
--
SET TimeZone = 'Asia/Tokyo';
-- +09 puts this instant's wall clock in year 294277, one past the top
SELECT timestamptz '294276-12-31 20:00:00+00' AT TIME ZONE 'Asia/Tokyo';
ERROR:  timestamp out of range
SELECT timestamptz '294276-12-31 20:00:00+00'::timestamp;
ERROR:  timestamp out of range
SELECT age(timestamptz '294276-12-31 20:00:00+00', timestamptz '2000-01-01+00') AS age_answers;
              age_answers              
---------------------------------------
 292276 years 11 mons 30 days 20:00:00
(1 row)

SELECT timestamptz '294276-12-31 20:00:00+00' - interval '1 day' AS minus_day,
       timestamptz '294276-12-31 20:00:00+00' - interval '1 month' AS minus_month,
       timestamptz '294276-12-31 20:00:00+00' - interval '5 hours' AS minus_hours;
        minus_day         |       minus_month        |       minus_hours        
--------------------------+--------------------------+--------------------------
 294276-12-31 05:00:00+09 | 294276-12-01 05:00:00+09 | 294277-01-01 00:00:00+09
(1 row)

SELECT timestamptz '294276-12-31 20:00:00+00' + interval '1 microsecond' AS plus_us;
             plus_us             
---------------------------------
 294277-01-01 05:00:00.000001+09
(1 row)

-- the instant leaves the range
SELECT timestamptz '294276-12-31 20:00:00+00' + interval '1 day';
ERROR:  timestamp out of range
-- a month at the top edge cannot be encoded at all
SELECT timestamptz '294276-12-31 20:00:00+00' + interval '1 month';
ERROR:  timestamp out of range
-- an absurd shift is an error, not a panic
SELECT timestamptz '2024-01-01+00' + interval '2147483647 months';
ERROR:  timestamp out of range
-- the same rule mirrored at the low edge
SET TimeZone = 'Pacific/Honolulu';
SELECT timestamptz '4714-11-24 05:00:00+00 BC' AT TIME ZONE 'Pacific/Honolulu';
ERROR:  timestamp out of range
SELECT age(timestamptz '4714-11-24 05:00:00+00 BC', timestamptz '2000-01-01+00') AS age_answers;
              age_answers              
---------------------------------------
 -6712 years -1 mons -7 days -19:31:26
(1 row)

SELECT timestamptz '4714-11-24 05:00:00+00 BC' + interval '1 day' AS plus_day,
       timestamptz '4714-11-24 05:00:00+00 BC' + interval '1 month' AS plus_month;
            plus_day             |           plus_month            
---------------------------------+---------------------------------
 4714-11-24 18:28:34-10:31:26 BC | 4714-12-23 18:28:34-10:31:26 BC
(1 row)

SELECT timestamptz '4714-11-24 05:00:00+00 BC' - interval '1 day';
ERROR:  timestamp out of range
-- the zone-less type keeps its own band, which is what the range applies to there
SET TimeZone = 'UTC';
SELECT timestamp '294276-12-31 05:00:00' + interval '1 day';
ERROR:  timestamp out of range
SELECT timestamp '294276-12-01 05:00:00' + interval '1 month';
ERROR:  timestamp out of range
SELECT 'still alive' AS status;
   status    
-------------
 still alive
(1 row)

