--
-- TSQUERY
-- The text-search query type: input parsing, canonical output, the combinator
-- operators, and the `@@` match operator against a tsvector -- including phrase
-- search, prefix matching, weight filters and negation.
-- Output hand-checked against PostgreSQL.
--
-- A bare lexeme, and the quoting/escaping rules tsvector shares.
SELECT '1'::tsquery;
 tsquery 
---------
 '1'
(1 row)

SELECT ' 1 '::tsquery;
 tsquery 
---------
 '1'
(1 row)

SELECT '''1 2'''::tsquery;
 tsquery 
---------
 '1 2'
(1 row)

SELECT $$'\\as'$$::tsquery;
 tsquery 
---------
 '\\as'
(1 row)

-- `!` binds tightest, then `<->`, then `&`, then `|`. A child is parenthesized
-- only when it binds more loosely than its parent.
SELECT '!1'::tsquery;
 tsquery 
---------
 !'1'
(1 row)

SELECT '1|2'::tsquery;
  tsquery  
-----------
 '1' | '2'
(1 row)

SELECT '1&2'::tsquery;
  tsquery  
-----------
 '1' & '2'
(1 row)

SELECT '1|2&3'::tsquery;
     tsquery     
-----------------
 '1' | '2' & '3'
(1 row)

SELECT '(1|2)&3'::tsquery;
       tsquery       
---------------------
 ( '1' | '2' ) & '3'
(1 row)

SELECT '!(!1|!2)'::tsquery;
     tsquery      
------------------
 !( !'1' | !'2' )
(1 row)

SELECT '!(1|2)&3'::tsquery;
       tsquery        
----------------------
 !( '1' | '2' ) & '3'
(1 row)

SELECT '1&(2&(4&(5|!6)))'::tsquery;
             tsquery              
----------------------------------
 '1' & '2' & '4' & ( '5' | !'6' )
(1 row)

-- Negation stacks without parentheses.
SELECT '!!b'::tsquery;
 tsquery 
---------
 !!'b'
(1 row)

SELECT '!(!b)'::tsquery;
 tsquery 
---------
 !!'b'
(1 row)

SELECT 'a & !!b'::tsquery;
   tsquery   
-------------
 'a' & !!'b'
(1 row)

SELECT '!(a&b)'::tsquery;
    tsquery     
----------------
 !( 'a' & 'b' )
(1 row)

-- A phrase binds tighter than `&`/`|` and looser than `!`. Its *right* operand
-- is parenthesized when it is itself a phrase, so a left-nested chain prints
-- flat while a right-nested one keeps its parentheses.
SELECT '!a <-> b'::tsquery;
   tsquery    
--------------
 !'a' <-> 'b'
(1 row)

SELECT '(a<->b)&c'::tsquery;
      tsquery      
-------------------
 'a' <-> 'b' & 'c'
(1 row)

SELECT 'a<->(b|c)'::tsquery;
        tsquery        
-----------------------
 'a' <-> ( 'b' | 'c' )
(1 row)

SELECT 'a<->b<->c'::tsquery;
       tsquery       
---------------------
 'a' <-> 'b' <-> 'c'
(1 row)

SELECT 'a<->(b<->c)'::tsquery;
         tsquery         
-------------------------
 'a' <-> ( 'b' <-> 'c' )
(1 row)

SELECT 'a<2>b'::tsquery;
   tsquery   
-------------
 'a' <2> 'b'
(1 row)

SELECT 'a<0>b'::tsquery;
   tsquery   
-------------
 'a' <0> 'b'
(1 row)

-- Weight letters are a set: any order and spelling in, canonical ABCD out. The
-- prefix flag `*` may appear before or after them.
SELECT 'a:* & nbb:*ac | doo:a* | goo'::tsquery;
               tsquery                
--------------------------------------
 'a':* & 'nbb':*AC | 'doo':*A | 'goo'
(1 row)

SELECT 'a:BA'::tsquery;
 tsquery 
---------
 'a':AB
(1 row)

SELECT 'a:dcba'::tsquery;
 tsquery  
----------
 'a':ABCD
(1 row)

SELECT 'a:*D'::tsquery;
 tsquery 
---------
 'a':*D
(1 row)

-- errors: adjacent lexemes are not an implicit AND, and the phrase distance has
-- its own range check
SELECT 'a b'::tsquery;
ERROR:  syntax error in tsquery: "a b"
LINE 1: SELECT 'a b'::tsquery;
               ^
SELECT 'foo!'::tsquery;
ERROR:  syntax error in tsquery: "foo!"
LINE 1: SELECT 'foo!'::tsquery;
               ^
SELECT 'a &'::tsquery;
ERROR:  no operand in tsquery: "a &"
LINE 1: SELECT 'a &'::tsquery;
               ^
SELECT 'a <100000> b'::tsquery;
ERROR:  distance in phrase operator must be an integer value between zero and 16384 inclusive
LINE 1: SELECT 'a <100000> b'::tsquery;
               ^
SELECT pg_input_is_valid('foo', 'tsquery') AS ok, pg_input_is_valid('foo!', 'tsquery') AS bad;
 ok | bad 
----+-----
 t  | f
(1 row)

SELECT * FROM pg_input_error_info('foo!', 'tsquery');
             message             | detail | hint | sql_error_code 
---------------------------------+--------+------+----------------
 syntax error in tsquery: "foo!" |        |      | 42601
(1 row)

-- numnode counts operators as well as lexemes; querytree shows the indexable
-- part, printing T when a negation leaves nothing to constrain a scan
SELECT numnode('new'::tsquery), numnode('new & york'::tsquery), numnode('new & york | qwery'::tsquery);
 numnode | numnode | numnode 
---------+---------+---------
       1 |       3 |       5
(1 row)

SELECT numnode('a <-> b'::tsquery) AS phrase, numnode('!!a'::tsquery) AS notnot;
 phrase | notnot 
--------+--------
      3 |      3
(1 row)

SELECT querytree('foo & ! bar'::tsquery);
 querytree 
-----------
 'foo'
(1 row)

SELECT querytree('!foo'::tsquery);
 querytree 
-----------
 T
(1 row)

SELECT querytree('a|!b'::tsquery);
 querytree 
-----------
 T
(1 row)

SELECT querytree('a&(b|!c)'::tsquery);
 querytree 
-----------
 'a'
(1 row)

-- combinators
SELECT 'foo & bar'::tsquery && 'asd';
       ?column?        
-----------------------
 'foo' & 'bar' & 'asd'
(1 row)

SELECT 'foo & bar'::tsquery || 'asd & fg';
           ?column?           
------------------------------
 'foo' & 'bar' | 'asd' & 'fg'
(1 row)

SELECT 'foo & bar'::tsquery || !!'asd & fg'::tsquery;
             ?column?              
-----------------------------------
 'foo' & 'bar' | !( 'asd' & 'fg' )
(1 row)

SELECT 'foo & bar'::tsquery && 'asd | fg';
             ?column?             
----------------------------------
 'foo' & 'bar' & ( 'asd' | 'fg' )
(1 row)

SELECT 'a' <-> 'b & d'::tsquery;
       ?column?        
-----------------------
 'a' <-> ( 'b' & 'd' )
(1 row)

SELECT 'a & g' <-> 'b <-> d'::tsquery;
             ?column?              
-----------------------------------
 ( 'a' & 'g' ) <-> ( 'b' <-> 'd' )
(1 row)

SELECT tsquery_phrase('a <3> g', 'b & d', 10);
         tsquery_phrase         
--------------------------------
 'a' <3> 'g' <10> ( 'b' & 'd' )
(1 row)

SELECT tsquery_phrase('a', 'b');
 tsquery_phrase 
----------------
 'a' <-> 'b'
(1 row)

-- ordering: node count, then total lexeme bytes, then the operator
SELECT 'a' < 'b & c'::tsquery AS t, 'a' > 'b & c'::tsquery AS f;
 t | f 
---+---
 t | f
(1 row)

SELECT 'a | f' < 'b & c'::tsquery AS t, 'a | ff' < 'b & c'::tsquery AS f;
 t | f 
---+---
 t | f
(1 row)

SELECT 'a | f | g' < 'b & c'::tsquery AS f;
 f 
---
 f
(1 row)

SELECT 'a <-> b'::tsquery < 'a & b'::tsquery AS t;
 t 
---
 t
(1 row)

-- @@ : boolean matching, with weight filters and prefixes
SELECT 'a b:89  ca:23A,64b d:34c'::tsvector @@ 'd:AC & ca' AS "true";
 true 
------
 t
(1 row)

SELECT 'a b:89  ca:23A,64b d:34c'::tsvector @@ 'd:AC & ca:C' AS "false";
 false 
-------
 f
(1 row)

SELECT 'a b:89  ca:23A,64b d:34c'::tsvector @@ 'd:AC & ca:CB' AS "true";
 true 
------
 t
(1 row)

SELECT 'a b:89  ca:23A,64b d:34c'::tsvector @@ 'd:AC & c:*C' AS "false";
 false 
-------
 f
(1 row)

SELECT 'a b:89  ca:23A,64b d:34c'::tsvector @@ 'd:AC & c:*CB' AS "true";
 true 
------
 t
(1 row)

SELECT 'supernova'::tsvector @@ 'super' AS "false";
 false 
-------
 f
(1 row)

SELECT 'supeznova supernova'::tsvector @@ 'super:*' AS "true";
 true 
------
 t
(1 row)

SELECT 'wa:1A'::tsvector @@ '!w:*A' AS "false";
 false 
-------
 f
(1 row)

SELECT 'wa:1A'::tsvector @@ '!w:*D' AS "true";
 true 
------
 t
(1 row)

-- the operand order may be written either way round
SELECT 'a & b'::tsquery @@ 'a:1 b:2'::tsvector AS "true";
 true 
------
 t
(1 row)

-- a stripped vector has no weights, so weight filters are ignored on it
SELECT strip('wa:1A'::tsvector) @@ 'w:*A' AS "true";
 true 
------
 t
(1 row)

SELECT strip('wa:1A'::tsvector) @@ 'w:*D' AS "true";
 true 
------
 t
(1 row)

SELECT strip('wa:1A'::tsvector) @@ '!w:*D' AS "false";
 false 
-------
 f
(1 row)

-- An empty query matches nothing. PG also raises
-- `NOTICE: text-search query doesn't contain lexemes: ""` here; we do not yet,
-- because expression binding has no channel to emit a notice on.
SELECT 'a b c'::tsvector @@ ''::tsquery AS "false";
 false 
-------
 f
(1 row)

-- @@ : phrase search. `<N>` requires the operands exactly N positions apart.
SELECT 'a:1 b:2'::tsvector @@ 'a <-> b' AS "true";
 true 
------
 t
(1 row)

SELECT 'a:1 b:2'::tsvector @@ 'a <0> b' AS "false";
 false 
-------
 f
(1 row)

SELECT 'a:1 b:2'::tsvector @@ 'a <2> b' AS "false";
 false 
-------
 f
(1 row)

SELECT 'a:1 b:3'::tsvector @@ 'a <2> b' AS "true";
 true 
------
 t
(1 row)

SELECT 'a:1 b:3'::tsvector @@ 'a <0> a:*' AS "true";
 true 
------
 t
(1 row)

SELECT 'wa:1D wb:2A'::tsvector @@ 'w:*D <-> w:*A' AS "true";
 true 
------
 t
(1 row)

SELECT 'wa:1A wb:2D'::tsvector @@ 'w:*D <-> w:*A' AS "false";
 false 
-------
 f
(1 row)

-- a chained phrase measures from the whole matched span, so nesting to the
-- right still lines up with the outer operand
SELECT '1:1 2:2 3:3 4:4'::tsvector @@ '1 <-> 2 <-> 3' AS "true";
 true 
------
 t
(1 row)

SELECT '1:1 2:2 3:3 4:4'::tsvector @@ '1 <-> (2 <-> 3)' AS "true";
 true 
------
 t
(1 row)

SELECT '1:1 2:2 3:3 4:4'::tsvector @@ '1 <2> (2 <-> 3)' AS "false";
 false 
-------
 f
(1 row)

-- inside a phrase, `&` intersects and `|` unions the operands' positions
SELECT 'q:1 x:2 q:3 y:4'::tsvector @@ 'q <-> (x & y)' AS "false";
 false 
-------
 f
(1 row)

SELECT 'q:1 x:2'::tsvector @@ 'q <-> (x | y <-> z)' AS "true";
 true 
------
 t
(1 row)

SELECT 'q:1 y:2 z:3'::tsvector @@ 'q <-> (x | y <-> z)' AS "true";
 true 
------
 t
(1 row)

SELECT 'q:1 y:2 x:3'::tsvector @@ 'q <-> (x | y <-> z)' AS "false";
 false 
-------
 f
(1 row)

-- ... and `!` is the complement over the vector's positions
SELECT 'y:1 y:2 q:3'::tsvector @@ '(!x | y <-> z) <-> q' AS "true";
 true 
------
 t
(1 row)

SELECT 'x:1 q:2'::tsvector @@ '(!x | y <-> z) <-> q' AS "false";
 false 
-------
 f
(1 row)

SELECT 'x:1 y:2 q:3 y:4'::tsvector @@ '!x <-> y' AS "true";
 true 
------
 t
(1 row)

SELECT 'x:1 y:2 q:3 y:4'::tsvector @@ '!(x <-> y)' AS "false";
 false 
-------
 f
(1 row)

SELECT 'x:1 y:2 q:3 y:4'::tsvector @@ '!(x <2> y)' AS "true";
 true 
------
 t
(1 row)

-- a query no lexeme contradicts matches even an empty vector
SELECT ''::tsvector @@ '!foo' AS "true";
 true 
------
 t
(1 row)

-- without position data a phrase can never match
SELECT strip('x:1 y:2 q:3 y:4'::tsvector) @@ '!x <-> y' AS "false";
 false 
-------
 f
(1 row)

SELECT strip('x:1 y:2 q:3 y:4'::tsvector) @@ '!(x <-> y)' AS "true";
 true 
------
 t
(1 row)

-- A query nested deeper than we can safely walk is refused rather than
-- overflowing the stack -- whether it nests by parentheses, by `!`, or by a
-- flat operator chain, which the parser builds with a loop but which every
-- later walk still recurses over.
--
-- Our cap is lower than PostgreSQL's, and is sized against the deepest walk:
-- reading a stored query back off the heap. That way nothing the parser accepts
-- can overflow later. PG accepts these three and only reports `tsquery stack
-- too small` far later (it does reject the `!` case below). Bounding recursion
-- is what keeps a single literal from aborting the backend, so the cap stays.
SELECT (repeat('(', 5000) || 'a' || repeat(')', 5000))::tsquery;
ERROR:  tsquery stack too small
SELECT (repeat('!', 5000) || 'a')::tsquery;
ERROR:  tsquery stack too small
SELECT numnode((repeat('a&', 5000) || 'a')::tsquery);
ERROR:  tsquery stack too small
-- a chain well inside the limit still works, and matches PG
SELECT numnode((repeat('a&', 200) || 'a')::tsquery);
 numnode 
---------
     401
(1 row)

-- tsquery_phrase enforces the same distance range as the `<N>` operator
SELECT tsquery_phrase('a', 'b', 20000);
ERROR:  distance in phrase operator must be an integer value between zero and 16384 inclusive
-- a tsquery round-trips through text
SELECT 'a|b'::tsquery::text;
   text    
-----------
 'a' | 'b'
(1 row)

SELECT '''a'' | ''b'''::text::tsquery;
  tsquery  
-----------
 'a' | 'b'
(1 row)

-- storage and filtering over a real table
CREATE TABLE tsq(id int, v tsvector, q tsquery);
INSERT INTO tsq VALUES (1, 'rat:1 cat:2A', 'rat & cat'), (2, 'dog:1', 'dog | fox'), (3, 'rat:1 cat:2A', 'rat <-> cat');
SELECT id, q FROM tsq ORDER BY id;
 id |        q        
----+-----------------
  1 | 'rat' & 'cat'
  2 | 'dog' | 'fox'
  3 | 'rat' <-> 'cat'
(3 rows)

SELECT id FROM tsq WHERE v @@ q ORDER BY id;
 id 
----
  1
  2
  3
(3 rows)

SELECT id FROM tsq WHERE v @@ 'cat <-> rat'::tsquery ORDER BY id;
 id 
----
(0 rows)

SELECT DISTINCT q FROM tsq ORDER BY q;
        q        
-----------------
 'rat' <-> 'cat'
 'dog' | 'fox'
 'rat' & 'cat'
(3 rows)

DROP TABLE tsq;
-- Storage keeps the tree shape. `'1|2|4'` and `'1|(2|4)'` print identically but
-- are distinct values, so a round trip through the heap must not collapse them.
CREATE TABLE tqshape(q tsquery);
INSERT INTO tqshape VALUES ('1|(2|4)'), ('1|2|4'), ('1&(2&4)'), ('1&2&4');
SELECT count(DISTINCT q) FROM tqshape;
 count 
-------
     4
(1 row)

SELECT q FROM tqshape ORDER BY q::text, q;
        q        
-----------------
 '1' & '2' & '4'
 '1' & '2' & '4'
 '1' | '2' | '4'
 '1' | '2' | '4'
(4 rows)

DROP TABLE tqshape;
