--
-- XID / XID8
-- The two transaction id types: input parsing (C `strtoul(base 0)` spellings
-- and each type's range rules), unsigned decimal output, the xid8 -> xid cast,
-- `xid8cmp`, and the capability split between them.
--
-- `xid` deliberately has a hash operator class but no btree one, because
-- transaction ids compare with modular arithmetic. So `=` and `<>` bind, and
-- GROUP BY / DISTINCT / UNION work, while `<`, ORDER BY, `min`/`max` and a
-- btree index on an `xid` column must all fail. `xid8` is an ordinary counter
-- and gets the full set. The negative half of that split is the part upstream
-- does not test, so it is covered here.
--
-- The first half is ported from vendor/postgres/regress/sql/xid.sql; the rest
-- of that file is entirely `pg_snapshot`, `pg_current_xact_id*`,
-- `pg_xact_status` and `\gset`, none of which are modeled -- so upstream `xid`
-- is not on the promotion list in suites/upstream_must_pass.txt.
--
-- `operator does not exist` now carries PG's full report — the `LINE n: ... ^`
-- caret under the operator, the DETAIL, and the HINT. `function ... does not
-- exist` still has no caret: it is raised while binding an operand, which knows
-- no span of its own, so the caret is omitted rather than pointed at the wrong
-- token. That remaining gap is repo-wide, not specific to these types.
--
-- values in range, in octal, decimal, hex
select '010'::xid,
       '42'::xid,
       '0xffffffff'::xid,
       '-1'::xid,
	   '010'::xid8,
	   '42'::xid8,
	   '0xffffffffffffffff'::xid8,
	   '-1'::xid8;
 xid | xid |    xid     |    xid     | xid8 | xid8 |         xid8         |         xid8         
-----+-----+------------+------------+------+------+----------------------+----------------------
   8 |  42 | 4294967295 | 4294967295 |    8 |   42 | 18446744073709551615 | 18446744073709551615
(1 row)

-- garbage values
select ''::xid;
ERROR:  invalid input syntax for type xid: ""
LINE 1: select ''::xid;
               ^
select 'asdf'::xid;
ERROR:  invalid input syntax for type xid: "asdf"
LINE 1: select 'asdf'::xid;
               ^
select ''::xid8;
ERROR:  invalid input syntax for type xid8: ""
LINE 1: select ''::xid8;
               ^
select 'asdf'::xid8;
ERROR:  invalid input syntax for type xid8: "asdf"
LINE 1: select 'asdf'::xid8;
               ^
-- a run that stops at an invalid digit for its base is a syntax error, not a
-- partial parse: '08' is not octal, and neither '0b' nor '0o' is a prefix
select '08'::xid;
ERROR:  invalid input syntax for type xid: "08"
LINE 1: select '08'::xid;
               ^
select '0b11'::xid;
ERROR:  invalid input syntax for type xid: "0b11"
LINE 1: select '0b11'::xid;
               ^
select '0o17'::xid;
ERROR:  invalid input syntax for type xid: "0o17"
LINE 1: select '0o17'::xid;
               ^
-- Also try it with non-error-throwing API
SELECT pg_input_is_valid('42', 'xid');
 pg_input_is_valid 
-------------------
 t
(1 row)

SELECT pg_input_is_valid('asdf', 'xid');
 pg_input_is_valid 
-------------------
 f
(1 row)

SELECT * FROM pg_input_error_info('0xffffffffff', 'xid');
                      message                      | detail | hint | sql_error_code 
---------------------------------------------------+--------+------+----------------
 value "0xffffffffff" is out of range for type xid |        |      | 22003
(1 row)

SELECT pg_input_is_valid('42', 'xid8');
 pg_input_is_valid 
-------------------
 t
(1 row)

SELECT pg_input_is_valid('asdf', 'xid8');
 pg_input_is_valid 
-------------------
 f
(1 row)

SELECT * FROM pg_input_error_info('0xffffffffffffffffffff', 'xid8');
                           message                            | detail | hint | sql_error_code 
--------------------------------------------------------------+--------+------+----------------
 value "0xffffffffffffffffffff" is out of range for type xid8 |        |      | 22003
(1 row)

-- xid takes anything that fits int4 or uint4, negatives wrapping; the two
-- spellings of one wrapped value agree, and the gap between the bands errors
select '-2'::xid, '18446744073709551614'::xid, '-2147483648'::xid;
    xid     |    xid     |    xid     
------------+------------+------------
 4294967294 | 4294967294 | 2147483648
(1 row)

select '4294967296'::xid;
ERROR:  value "4294967296" is out of range for type xid
LINE 1: select '4294967296'::xid;
               ^
select '-2147483649'::xid;
ERROR:  value "-2147483649" is out of range for type xid
LINE 1: select '-2147483649'::xid;
               ^
-- xid8 spans the whole uint8, so a negative simply wraps
select '-9223372036854775808'::xid8, '4294967296'::xid8;
        xid8         |    xid8    
---------------------+------------
 9223372036854775808 | 4294967296
(1 row)

select '18446744073709551616'::xid8;
ERROR:  value "18446744073709551616" is out of range for type xid8
LINE 1: select '18446744073709551616'::xid8;
               ^
-- equality
select '1'::xid = '1'::xid;
 ?column? 
----------
 t
(1 row)

select '1'::xid != '1'::xid;
 ?column? 
----------
 f
(1 row)

select '1'::xid8 = '1'::xid8;
 ?column? 
----------
 t
(1 row)

select '1'::xid8 != '1'::xid8;
 ?column? 
----------
 f
(1 row)

-- PG also ships =(xid, int4) / <>(xid, int4), which is how `xmin = 12345` is
-- written. It is deliberately narrow: xid on the left only, int4 only (int2
-- widens into it), and the int is compared as a raw bit pattern -- so
-- '4294967295'::xid = -1 is true.
select '1'::xid = 1, '4294967295'::xid = -1, '1'::xid <> 2, '1'::xid = 1::int2;
 ?column? | ?column? | ?column? | ?column? 
----------+----------+----------+----------
 t        | t        | t        | t
(1 row)

select 1 = '1'::xid;      -- error: not commutative
ERROR:  operator does not exist: integer = xid
LINE 1: select 1 = '1'::xid;
                 ^
DETAIL:  No operator of that name accepts the given argument types.
HINT:  You might need to add explicit type casts.
select '1'::xid = 1::int8;  -- error: int4 only
ERROR:  operator does not exist: xid = bigint
LINE 1: select '1'::xid = 1::int8;
                        ^
DETAIL:  No operator of that name accepts the given argument types.
HINT:  You might need to add explicit type casts.
select '1'::xid < 2;      -- error: still no ordering operator
ERROR:  operator does not exist: xid < integer
LINE 1: select '1'::xid < 2;
                        ^
DETAIL:  No operator of that name accepts the given argument types.
HINT:  You might need to add explicit type casts.
select '1'::xid8 = 1;     -- error: xid8 has no int variant
ERROR:  operator does not exist: xid8 = integer
LINE 1: select '1'::xid8 = 1;
                         ^
DETAIL:  No operator of that name accepts the given argument types.
HINT:  You might need to add explicit type casts.
-- the operator's coercion must not leak out as a user-written cast
select 1::xid;
ERROR:  cannot cast type integer to xid
select 1::int4::xid;
ERROR:  cannot cast type integer to xid
select 1::int2::xid;
ERROR:  cannot cast type smallint to xid
-- conversion
select '1'::xid = '1'::xid8::xid;
 ?column? 
----------
 t
(1 row)

select '1'::xid != '1'::xid8::xid;
 ?column? 
----------
 f
(1 row)

-- the cast truncates to the low 32 bits rather than range-checking
select '4294967297'::xid8::xid;
 xid 
-----
   1
(1 row)

-- we don't want relational operators for xid, due to use of modular arithmetic
select '1'::xid < '2'::xid;
ERROR:  operator does not exist: xid < xid
LINE 1: select '1'::xid < '2'::xid;
                        ^
DETAIL:  No operator of that name accepts the given argument types.
HINT:  You might need to add explicit type casts.
select '1'::xid <= '2'::xid;
ERROR:  operator does not exist: xid <= xid
LINE 1: select '1'::xid <= '2'::xid;
                        ^
DETAIL:  No operator of that name accepts the given argument types.
HINT:  You might need to add explicit type casts.
select '1'::xid > '2'::xid;
ERROR:  operator does not exist: xid > xid
LINE 1: select '1'::xid > '2'::xid;
                        ^
DETAIL:  No operator of that name accepts the given argument types.
HINT:  You might need to add explicit type casts.
select '1'::xid >= '2'::xid;
ERROR:  operator does not exist: xid >= xid
LINE 1: select '1'::xid >= '2'::xid;
                        ^
DETAIL:  No operator of that name accepts the given argument types.
HINT:  You might need to add explicit type casts.
-- we want them for xid8 though
select '1'::xid8 < '2'::xid8, '2'::xid8 < '2'::xid8, '2'::xid8 < '1'::xid8;
 ?column? | ?column? | ?column? 
----------+----------+----------
 t        | f        | f
(1 row)

select '1'::xid8 <= '2'::xid8, '2'::xid8 <= '2'::xid8, '2'::xid8 <= '1'::xid8;
 ?column? | ?column? | ?column? 
----------+----------+----------
 t        | t        | f
(1 row)

select '1'::xid8 > '2'::xid8, '2'::xid8 > '2'::xid8, '2'::xid8 > '1'::xid8;
 ?column? | ?column? | ?column? 
----------+----------+----------
 f        | f        | t
(1 row)

select '1'::xid8 >= '2'::xid8, '2'::xid8 >= '2'::xid8, '2'::xid8 >= '1'::xid8;
 ?column? | ?column? | ?column? 
----------+----------+----------
 f        | t        | t
(1 row)

-- we also have a 3way compare for btrees
select xid8cmp('1', '2'), xid8cmp('2', '2'), xid8cmp('2', '1');
 xid8cmp | xid8cmp | xid8cmp 
---------+---------+---------
      -1 |       0 |       1
(1 row)

-- min() and max() for xid8
create table xid8_t1 (x xid8);
insert into xid8_t1 values ('0'), ('010'), ('42'), ('0xffffffffffffffff'), ('-1');
select min(x), max(x) from xid8_t1;
 min |         max          
-----+----------------------
   0 | 18446744073709551615
(1 row)

-- xid8 has btree and hash opclasses; the btree one is physical, not
-- metadata-only, so an equality probe must plan as an Index Scan
create index on xid8_t1 using btree(x);
explain select x from xid8_t1 where x = '42'::xid8;
                QUERY PLAN                 
-------------------------------------------
 Index Scan using xid8_t1_x_idx on xid8_t1
   Index Cond: (x = 42)
(2 rows)

select x from xid8_t1 where x = '42'::xid8;
 x  
----
 42
(1 row)

create index on xid8_t1 using hash(x);
drop table xid8_t1;
-- the other half of the split: xid has equality, so the dedup operations work
create table xid_t1 (x xid);
insert into xid_t1 values ('1'), ('2'), ('1'), ('-1');
select x, count(*) from xid_t1 group by x order by x::text;
     x      | count 
------------+-------
          1 |     2
          2 |     1
 4294967295 |     1
(3 rows)

-- DISTINCT and UNION dedup by equality alone, so neither needs an ordering
select count(*) from (select distinct x from xid_t1) s;
 count 
-------
     3
(1 row)

select count(*) from (select x from xid_t1 union select '7'::xid) s;
 count 
-------
     4
(1 row)

-- ... but no ordering, so these must all fail
select x from xid_t1 order by x;
ERROR:  could not identify an ordering operator for type xid
HINT:  Use an explicit ordering operator or modify the query.
select min(x) from xid_t1;
ERROR:  function min(xid) does not exist
select max(x) from xid_t1;
ERROR:  function max(xid) does not exist
create index on xid_t1 using btree(x);
ERROR:  data type xid has no default operator class for access method "btree"
HINT:  You must specify an operator class for the index or define a default operator class for the data type.
drop table xid_t1;
-- a btree-keyed column of type xid is rejected at DDL time for the same reason
create table xid_pk (x xid primary key);
ERROR:  data type xid has no default operator class for access method "btree"
HINT:  You must specify an operator class for the index or define a default operator class for the data type.
